/groups/igonin/ecastillo/anaconda3/envs/utdq/lib/python3.11/site-packages/obspy/core/util/base.py:26: UserWarning: pkg_resources is deprecated as an API. See https://setuptools.pypa.io/en/latest/pkg_resources.html. The pkg_resources package is slated for removal as early as 2025-11-30. Refrain from using this package or pin to Setuptools<81.
  import pkg_resources
Saving figure to /groups/igonin/ecastillo/utdquake/scripts2/das_fig/figures
UTDQuake(DAS root=/groups/igonin/ecastillo/UTDQuake_DAS)
Network(DAS: GCI) | Events: 448, Stations: 3, Channels: 22.5 K
{'network': 'GCI', 'total_stations': 3, 'confirmed_stations': 22461, 'calculated_stations': 22500, 'events': 448, 'p_arrivals': 2923134, 's_arrivals': 4882979, 'start_time': Timestamp('2023-06-10 04:43:30.917000'), 'end_time': Timestamp('2024-11-18 10:22:06.876000'), 'located_stations': 22500, 'total_channels': 22500}
22500
Traceback (most recent call last):
  File "/groups/igonin/ecastillo/utdquake/scripts2/das_fig/utdq_network.py", line 42, in <module>
    network.plot_overview(savepath=str(figures_dict["network_overview"]).format(network=net_name),
  File "/groups/igonin/ecastillo/utdquake/utdquake/core/utdquake.py", line 717, in plot_overview
    return plot_overview(events=self.events, 
           ^^^^^^^^^^^^^^^^^^^^^^^^^^^^^^^^^
  File "/groups/igonin/ecastillo/utdquake/utdquake/utils/plot.py", line 642, in plot_overview
    plt.savefig(savepath, dpi=300)
  File "/groups/igonin/ecastillo/anaconda3/envs/utdq/lib/python3.11/site-packages/matplotlib/pyplot.py", line 1243, in savefig
    res = fig.savefig(*args, **kwargs)  # type: ignore[func-returns-value]
          ^^^^^^^^^^^^^^^^^^^^^^^^^^^^
  File "/groups/igonin/ecastillo/anaconda3/envs/utdq/lib/python3.11/site-packages/matplotlib/figure.py", line 3490, in savefig
    self.canvas.print_figure(fname, **kwargs)
  File "/groups/igonin/ecastillo/anaconda3/envs/utdq/lib/python3.11/site-packages/matplotlib/backend_bases.py", line 2184, in print_figure
    result = print_method(
             ^^^^^^^^^^^^^
  File "/groups/igonin/ecastillo/anaconda3/envs/utdq/lib/python3.11/site-packages/matplotlib/backend_bases.py", line 2040, in <lambda>
    print_method = functools.wraps(meth)(lambda *args, **kwargs: meth(
                                                                 ^^^^^
  File "/groups/igonin/ecastillo/anaconda3/envs/utdq/lib/python3.11/site-packages/matplotlib/backends/backend_agg.py", line 481, in print_png
    self._print_pil(filename_or_obj, "png", pil_kwargs, metadata)
  File "/groups/igonin/ecastillo/anaconda3/envs/utdq/lib/python3.11/site-packages/matplotlib/backends/backend_agg.py", line 430, in _print_pil
    mpl.image.imsave(
  File "/groups/igonin/ecastillo/anaconda3/envs/utdq/lib/python3.11/site-packages/matplotlib/image.py", line 1634, in imsave
    image.save(fname, **pil_kwargs)
  File "/groups/igonin/ecastillo/anaconda3/envs/utdq/lib/python3.11/site-packages/PIL/Image.py", line 2591, in save
    fp = builtins.open(filename, "w+b")
         ^^^^^^^^^^^^^^^^^^^^^^^^^^^^^^
FileNotFoundError: [Errno 2] No such file or directory: '/groups/igonin/ecastillo/utdquake/scripts2/das_fig/figures/networks_DAS/GCI/GCI_overview.png'
✅ DONE
