/groups/igonin/ecastillo/anaconda3/envs/utdq/lib/python3.11/site-packages/obspy/core/util/base.py:26: UserWarning: pkg_resources is deprecated as an API. See https://setuptools.pypa.io/en/latest/pkg_resources.html. The pkg_resources package is slated for removal as early as 2025-11-30. Refrain from using this package or pin to Setuptools<81.
  import pkg_resources
Networks to process: ['network=uw.parquet', 'network=GEOFON.parquet', 'network=GFZ.parquet', 'network=AEIC.parquet', 'network=hv.parquet', 'network=us.parquet', 'network=TAP.parquet', 'network=ISC.parquet', 'network=tx.parquet', 'network=admin.parquet', 'network=nm.parquet', 'network=ak.parquet', 'network=THE.parquet', 'network=nn.parquet', 'network=nc.parquet', 'network=ok.parquet', 'network=NOA.parquet', 'network=uu.parquet', 'network=LDG.parquet', 'network=pr.parquet', 'network=USP.parquet', 'network=UCR.parquet', 'network=mb.parquet', 'network=at.parquet', 'network=SJA.parquet', 'network=ZUR.parquet', 'network=UPP.parquet', 'network=TIR.parquet', 'network=se.parquet', 'network=RSNC.parquet', 'network=RHSSO.parquet', 'network=av.parquet', 'network=UPA.parquet', 'network=MRB.parquet', 'network=RSPR.parquet', 'network=ATH.parquet', 'network=MDD.parquet', 'network=VIE.parquet', 'network=OTT.parquet', 'network=KRSC.parquet', 'network=UCC.parquet', 'network=OSPL.parquet', 'network=VAO.parquet', 'network=NIC.parquet', 'network=PDG.parquet', 'network=PRE.parquet', 'network=CATAC.parquet', 'network=DJA.parquet', 'network=TUN.parquet', 'network=AUST.parquet', 'network=BEO.parquet', 'network=NOU.parquet', 'network=BUC.parquet', 'network=MEX.parquet', 'network=AFAD.parquet', 'network=KRNET.parquet', 'network=IDC.parquet', 'network=ANF.parquet', 'network=ETH.parquet', 'network=HEL.parquet', 'network=JAPAN.parquet', 'network=NNC.parquet', 'network=INMG.parquet', 'network=ECX.parquet', 'network=KRSZO.parquet', 'network=GII.parquet', 'network=GCG.parquet', 'network=BYKL.parquet', 'network=ISK.parquet', 'network=BER.parquet', 'network=IPGP.parquet', 'network=CNRM.parquet', 'network=KMA.parquet', 'network=KNET.parquet', 'network=IGQ.parquet', 'network=FUNV.parquet', 'network=BGS.parquet', 'network=ISN.parquet', 'network=EAF.parquet', 'network=JSN.parquet', 'network=EST.parquet', 'network=INET.parquet']
Processing network: network=uw.parquet
Processing network: network=GEOFON.parquet
Processing network: network=GFZ.parquet
Processing network: network=AEIC.parquet
Processing network: network=hv.parquet
Processing network: network=us.parquet
Processing network: network=TAP.parquet
Processing network: network=ISC.parquet
Saved combined model to /groups/igonin/ecastillo/UTDQuake/manifests2/qc/qc/pick_models/network=uw.parquet
Processing network: network=tx.parquet
Saved combined model to /groups/igonin/ecastillo/UTDQuake/manifests2/qc/qc/pick_models/network=hv.parquet
Processing network: network=admin.parquet
Saved combined model to /groups/igonin/ecastillo/UTDQuake/manifests2/qc/qc/pick_models/network=TAP.parquet
Processing network: network=nm.parquet
Saved combined model to /groups/igonin/ecastillo/UTDQuake/manifests2/qc/qc/pick_models/network=AEIC.parquet
Processing network: network=ak.parquet
Saved combined model to /groups/igonin/ecastillo/UTDQuake/manifests2/qc/qc/pick_models/network=us.parquet
Processing network: network=THE.parquet
Saved combined model to /groups/igonin/ecastillo/UTDQuake/manifests2/qc/qc/pick_models/network=GFZ.parquet
Processing network: network=nn.parquet
Saved combined model to /groups/igonin/ecastillo/UTDQuake/manifests2/qc/qc/pick_models/network=GEOFON.parquet
Processing network: network=nc.parquet
Saved combined model to /groups/igonin/ecastillo/UTDQuake/manifests2/qc/qc/pick_models/network=tx.parquet
Processing network: network=ok.parquet
Saved combined model to /groups/igonin/ecastillo/UTDQuake/manifests2/qc/qc/pick_models/network=admin.parquet
Processing network: network=NOA.parquet
Saved combined model to /groups/igonin/ecastillo/UTDQuake/manifests2/qc/qc/pick_models/network=nm.parquet
Processing network: network=uu.parquet
Saved combined model to /groups/igonin/ecastillo/UTDQuake/manifests2/qc/qc/pick_models/network=ISC.parquet
Processing network: network=LDG.parquet
Saved combined model to /groups/igonin/ecastillo/UTDQuake/manifests2/qc/qc/pick_models/network=ak.parquet
Processing network: network=pr.parquet
Saved combined model to /groups/igonin/ecastillo/UTDQuake/manifests2/qc/qc/pick_models/network=nc.parquet
Processing network: network=USP.parquet
Saved combined model to /groups/igonin/ecastillo/UTDQuake/manifests2/qc/qc/pick_models/network=uu.parquet
Processing network: network=UCR.parquet
Saved combined model to /groups/igonin/ecastillo/UTDQuake/manifests2/qc/qc/pick_models/network=nn.parquet
Processing network: network=mb.parquet
Saved combined model to /groups/igonin/ecastillo/UTDQuake/manifests2/qc/qc/pick_models/network=ok.parquet
Processing network: network=at.parquet
Saved combined model to /groups/igonin/ecastillo/UTDQuake/manifests2/qc/qc/pick_models/network=pr.parquet
Processing network: network=SJA.parquet
Saved combined model to /groups/igonin/ecastillo/UTDQuake/manifests2/qc/qc/pick_models/network=THE.parquet
Processing network: network=ZUR.parquet
Saved combined model to /groups/igonin/ecastillo/UTDQuake/manifests2/qc/qc/pick_models/network=USP.parquet
Processing network: network=UPP.parquet
Saved combined model to /groups/igonin/ecastillo/UTDQuake/manifests2/qc/qc/pick_models/network=mb.parquet
Processing network: network=TIR.parquet
Saved combined model to /groups/igonin/ecastillo/UTDQuake/manifests2/qc/qc/pick_models/network=UCR.parquet
Processing network: network=se.parquet
Saved combined model to /groups/igonin/ecastillo/UTDQuake/manifests2/qc/qc/pick_models/network=at.parquet
Processing network: network=RSNC.parquet
Saved combined model to /groups/igonin/ecastillo/UTDQuake/manifests2/qc/qc/pick_models/network=LDG.parquet
Processing network: network=RHSSO.parquet
Saved combined model to /groups/igonin/ecastillo/UTDQuake/manifests2/qc/qc/pick_models/network=ZUR.parquet
Processing network: network=av.parquet
Saved combined model to /groups/igonin/ecastillo/UTDQuake/manifests2/qc/qc/pick_models/network=UPP.parquet
Processing network: network=UPA.parquet
Saved combined model to /groups/igonin/ecastillo/UTDQuake/manifests2/qc/qc/pick_models/network=SJA.parquet
Processing network: network=MRB.parquet
Saved combined model to /groups/igonin/ecastillo/UTDQuake/manifests2/qc/qc/pick_models/network=se.parquet
Processing network: network=RSPR.parquet
Saved combined model to /groups/igonin/ecastillo/UTDQuake/manifests2/qc/qc/pick_models/network=NOA.parquet
Processing network: network=ATH.parquet
Saved combined model to /groups/igonin/ecastillo/UTDQuake/manifests2/qc/qc/pick_models/network=RSNC.parquet
Processing network: network=MDD.parquet
Saved combined model to /groups/igonin/ecastillo/UTDQuake/manifests2/qc/qc/pick_models/network=TIR.parquet
Processing network: network=VIE.parquet
Saved combined model to /groups/igonin/ecastillo/UTDQuake/manifests2/qc/qc/pick_models/network=av.parquet
Processing network: network=OTT.parquet
Saved combined model to /groups/igonin/ecastillo/UTDQuake/manifests2/qc/qc/pick_models/network=UPA.parquet
Processing network: network=KRSC.parquet
Saved combined model to /groups/igonin/ecastillo/UTDQuake/manifests2/qc/qc/pick_models/network=RHSSO.parquet
Processing network: network=UCC.parquet
Saved combined model to /groups/igonin/ecastillo/UTDQuake/manifests2/qc/qc/pick_models/network=RSPR.parquet
Processing network: network=OSPL.parquet
Saved combined model to /groups/igonin/ecastillo/UTDQuake/manifests2/qc/qc/pick_models/network=VIE.parquet
Processing network: network=VAO.parquet
Saved combined model to /groups/igonin/ecastillo/UTDQuake/manifests2/qc/qc/pick_models/network=MRB.parquet
Processing network: network=NIC.parquet
Saved combined model to /groups/igonin/ecastillo/UTDQuake/manifests2/qc/qc/pick_models/network=ATH.parquet
Processing network: network=PDG.parquet
Saved combined model to /groups/igonin/ecastillo/UTDQuake/manifests2/qc/qc/pick_models/network=UCC.parquet
Processing network: network=PRE.parquet
Saved combined model to /groups/igonin/ecastillo/UTDQuake/manifests2/qc/qc/pick_models/network=OTT.parquet
Processing network: network=CATAC.parquet
Saved combined model to /groups/igonin/ecastillo/UTDQuake/manifests2/qc/qc/pick_models/network=VAO.parquet
Processing network: network=DJA.parquet
Saved combined model to /groups/igonin/ecastillo/UTDQuake/manifests2/qc/qc/pick_models/network=KRSC.parquet
Processing network: network=TUN.parquet
Saved combined model to /groups/igonin/ecastillo/UTDQuake/manifests2/qc/qc/pick_models/network=MDD.parquet
Processing network: network=AUST.parquet
Saved combined model to /groups/igonin/ecastillo/UTDQuake/manifests2/qc/qc/pick_models/network=OSPL.parquet
Processing network: network=BEO.parquet
Saved combined model to /groups/igonin/ecastillo/UTDQuake/manifests2/qc/qc/pick_models/network=PRE.parquet
Processing network: network=NOU.parquet
Saved combined model to /groups/igonin/ecastillo/UTDQuake/manifests2/qc/qc/pick_models/network=TUN.parquet
Processing network: network=BUC.parquet
Saved combined model to /groups/igonin/ecastillo/UTDQuake/manifests2/qc/qc/pick_models/network=NIC.parquet
Processing network: network=MEX.parquet
Saved combined model to /groups/igonin/ecastillo/UTDQuake/manifests2/qc/qc/pick_models/network=PDG.parquet
Processing network: network=AFAD.parquet
Saved combined model to /groups/igonin/ecastillo/UTDQuake/manifests2/qc/qc/pick_models/network=CATAC.parquet
Processing network: network=KRNET.parquet
Saved combined model to /groups/igonin/ecastillo/UTDQuake/manifests2/qc/qc/pick_models/network=NOU.parquet
Processing network: network=IDC.parquet
Saved combined model to /groups/igonin/ecastillo/UTDQuake/manifests2/qc/qc/pick_models/network=MEX.parquet
Processing network: network=ANF.parquet
Saved combined model to /groups/igonin/ecastillo/UTDQuake/manifests2/qc/qc/pick_models/network=DJA.parquet
Processing network: network=ETH.parquet
Saved combined model to /groups/igonin/ecastillo/UTDQuake/manifests2/qc/qc/pick_models/network=BEO.parquet
Processing network: network=HEL.parquet
Saved combined model to /groups/igonin/ecastillo/UTDQuake/manifests2/qc/qc/pick_models/network=BUC.parquet
Processing network: network=JAPAN.parquet
Saved combined model to /groups/igonin/ecastillo/UTDQuake/manifests2/qc/qc/pick_models/network=AUST.parquet
Processing network: network=NNC.parquet
Saved combined model to /groups/igonin/ecastillo/UTDQuake/manifests2/qc/qc/pick_models/network=KRNET.parquet
Processing network: network=INMG.parquet
Saved combined model to /groups/igonin/ecastillo/UTDQuake/manifests2/qc/qc/pick_models/network=AFAD.parquet
Processing network: network=ECX.parquet
Saved combined model to /groups/igonin/ecastillo/UTDQuake/manifests2/qc/qc/pick_models/network=ANF.parquet
Processing network: network=KRSZO.parquet
Saved combined model to /groups/igonin/ecastillo/UTDQuake/manifests2/qc/qc/pick_models/network=IDC.parquet
Processing network: network=GII.parquet
Saved combined model to /groups/igonin/ecastillo/UTDQuake/manifests2/qc/qc/pick_models/network=HEL.parquet
Processing network: network=GCG.parquet
Saved combined model to /groups/igonin/ecastillo/UTDQuake/manifests2/qc/qc/pick_models/network=NNC.parquet
Processing network: network=BYKL.parquet
Saved combined model to /groups/igonin/ecastillo/UTDQuake/manifests2/qc/qc/pick_models/network=ETH.parquet
Processing network: network=ISK.parquet
Saved combined model to /groups/igonin/ecastillo/UTDQuake/manifests2/qc/qc/pick_models/network=JAPAN.parquet
Processing network: network=BER.parquet
Saved combined model to /groups/igonin/ecastillo/UTDQuake/manifests2/qc/qc/pick_models/network=ECX.parquet
Processing network: network=IPGP.parquet
Saved combined model to /groups/igonin/ecastillo/UTDQuake/manifests2/qc/qc/pick_models/network=KRSZO.parquet
Processing network: network=CNRM.parquet
Saved combined model to /groups/igonin/ecastillo/UTDQuake/manifests2/qc/qc/pick_models/network=INMG.parquet
Processing network: network=KMA.parquet
Saved combined model to /groups/igonin/ecastillo/UTDQuake/manifests2/qc/qc/pick_models/network=GII.parquet
Processing network: network=KNET.parquet
Saved combined model to /groups/igonin/ecastillo/UTDQuake/manifests2/qc/qc/pick_models/network=GCG.parquet
Processing network: network=IGQ.parquet
Saved combined model to /groups/igonin/ecastillo/UTDQuake/manifests2/qc/qc/pick_models/network=ISK.parquet
Processing network: network=FUNV.parquet
Saved combined model to /groups/igonin/ecastillo/UTDQuake/manifests2/qc/qc/pick_models/network=BYKL.parquet
Processing network: network=BGS.parquet
Saved combined model to /groups/igonin/ecastillo/UTDQuake/manifests2/qc/qc/pick_models/network=IPGP.parquet
Processing network: network=ISN.parquet
Saved combined model to /groups/igonin/ecastillo/UTDQuake/manifests2/qc/qc/pick_models/network=BER.parquet
Processing network: network=EAF.parquet
Saved combined model to /groups/igonin/ecastillo/UTDQuake/manifests2/qc/qc/pick_models/network=KMA.parquet
Processing network: network=JSN.parquet
Saved combined model to /groups/igonin/ecastillo/UTDQuake/manifests2/qc/qc/pick_models/network=KNET.parquet
Processing network: network=EST.parquet
Saved combined model to /groups/igonin/ecastillo/UTDQuake/manifests2/qc/qc/pick_models/network=CNRM.parquet
Processing network: network=INET.parquet
Saved combined model to /groups/igonin/ecastillo/UTDQuake/manifests2/qc/qc/pick_models/network=JSN.parquet
Saved combined model to /groups/igonin/ecastillo/UTDQuake/manifests2/qc/qc/pick_models/network=ISN.parquet
Saved combined model to /groups/igonin/ecastillo/UTDQuake/manifests2/qc/qc/pick_models/network=INET.parquet
Saved combined model to /groups/igonin/ecastillo/UTDQuake/manifests2/qc/qc/pick_models/network=EST.parquet
Saved combined model to /groups/igonin/ecastillo/UTDQuake/manifests2/qc/qc/pick_models/network=FUNV.parquet
Saved combined model to /groups/igonin/ecastillo/UTDQuake/manifests2/qc/qc/pick_models/network=EAF.parquet
Saved combined model to /groups/igonin/ecastillo/UTDQuake/manifests2/qc/qc/pick_models/network=IGQ.parquet
Saved combined model to /groups/igonin/ecastillo/UTDQuake/manifests2/qc/qc/pick_models/network=BGS.parquet
✅ Done: network=uw.parquet
✅ Done: network=GEOFON.parquet
✅ Done: network=GFZ.parquet
✅ Done: network=AEIC.parquet
✅ Done: network=hv.parquet
✅ Done: network=us.parquet
✅ Done: network=TAP.parquet
✅ Done: network=ISC.parquet
✅ Done: network=tx.parquet
✅ Done: network=admin.parquet
✅ Done: network=nm.parquet
✅ Done: network=ak.parquet
✅ Done: network=THE.parquet
✅ Done: network=nn.parquet
✅ Done: network=nc.parquet
✅ Done: network=ok.parquet
✅ Done: network=NOA.parquet
✅ Done: network=uu.parquet
✅ Done: network=LDG.parquet
✅ Done: network=pr.parquet
✅ Done: network=USP.parquet
✅ Done: network=UCR.parquet
✅ Done: network=mb.parquet
✅ Done: network=at.parquet
✅ Done: network=SJA.parquet
✅ Done: network=ZUR.parquet
✅ Done: network=UPP.parquet
✅ Done: network=TIR.parquet
✅ Done: network=se.parquet
✅ Done: network=RSNC.parquet
✅ Done: network=RHSSO.parquet
✅ Done: network=av.parquet
✅ Done: network=UPA.parquet
✅ Done: network=MRB.parquet
✅ Done: network=RSPR.parquet
✅ Done: network=ATH.parquet
✅ Done: network=MDD.parquet
✅ Done: network=VIE.parquet
✅ Done: network=OTT.parquet
✅ Done: network=KRSC.parquet
✅ Done: network=UCC.parquet
✅ Done: network=OSPL.parquet
✅ Done: network=VAO.parquet
✅ Done: network=NIC.parquet
✅ Done: network=PDG.parquet
✅ Done: network=PRE.parquet
✅ Done: network=CATAC.parquet
✅ Done: network=DJA.parquet
✅ Done: network=TUN.parquet
✅ Done: network=AUST.parquet
✅ Done: network=BEO.parquet
✅ Done: network=NOU.parquet
✅ Done: network=BUC.parquet
✅ Done: network=MEX.parquet
✅ Done: network=AFAD.parquet
✅ Done: network=KRNET.parquet
✅ Done: network=IDC.parquet
✅ Done: network=ANF.parquet
✅ Done: network=ETH.parquet
✅ Done: network=HEL.parquet
✅ Done: network=JAPAN.parquet
✅ Done: network=NNC.parquet
✅ Done: network=INMG.parquet
✅ Done: network=ECX.parquet
✅ Done: network=KRSZO.parquet
✅ Done: network=GII.parquet
✅ Done: network=GCG.parquet
✅ Done: network=BYKL.parquet
✅ Done: network=ISK.parquet
✅ Done: network=BER.parquet
✅ Done: network=IPGP.parquet
✅ Done: network=CNRM.parquet
✅ Done: network=KMA.parquet
✅ Done: network=KNET.parquet
✅ Done: network=IGQ.parquet
✅ Done: network=FUNV.parquet
✅ Done: network=BGS.parquet
✅ Done: network=ISN.parquet
✅ Done: network=EAF.parquet
✅ Done: network=JSN.parquet
✅ Done: network=EST.parquet
✅ Done: network=INET.parquet
✅ DONE
