/groups/igonin/ecastillo/anaconda3/envs/utdq/lib/python3.11/site-packages/obspy/core/util/base.py:26: UserWarning: pkg_resources is deprecated as an API. See https://setuptools.pypa.io/en/latest/pkg_resources.html. The pkg_resources package is slated for removal as early as 2025-11-30. Refrain from using this package or pin to Setuptools<81.
  import pkg_resources
2026-05-05 08:56:30,788 [INFO:utdquake.bank] Total events: 450 | Already processed: 252 | To process: 198
2026-05-05 08:56:40,090 [INFO:utdquake.bank] Applying QC to 1 events (chunk 1/198)
2026-05-05 09:12:02,130 [INFO:utdquake.bank] Chunk 1/198 saved successfully (1 events)
2026-05-05 09:12:14,558 [INFO:utdquake.bank] Applying QC to 1 events (chunk 2/198)
2026-05-05 09:41:49,025 [INFO:utdquake.bank] Chunk 2/198 saved successfully (1 events)
2026-05-05 09:42:01,008 [INFO:utdquake.bank] Applying QC to 1 events (chunk 3/198)
2026-05-05 10:07:27,636 [INFO:utdquake.bank] Chunk 3/198 saved successfully (1 events)
2026-05-05 10:07:33,936 [INFO:utdquake.bank] Applying QC to 1 events (chunk 4/198)
2026-05-05 10:10:48,786 [INFO:utdquake.bank] Chunk 4/198 saved successfully (1 events)
2026-05-05 10:10:52,899 [INFO:utdquake.bank] Applying QC to 1 events (chunk 5/198)
2026-05-05 10:10:57,973 [INFO:utdquake.bank] Chunk 5/198 saved successfully (1 events)
2026-05-05 10:11:03,464 [INFO:utdquake.bank] Applying QC to 1 events (chunk 6/198)
2026-05-05 10:15:39,708 [INFO:utdquake.bank] Chunk 6/198 saved successfully (1 events)
2026-05-05 10:15:44,910 [INFO:utdquake.bank] Applying QC to 1 events (chunk 7/198)
2026-05-05 10:17:53,010 [INFO:utdquake.bank] Chunk 7/198 saved successfully (1 events)
2026-05-05 10:18:03,765 [INFO:utdquake.bank] Applying QC to 1 events (chunk 8/198)
2026-05-05 10:37:56,524 [INFO:utdquake.bank] Chunk 8/198 saved successfully (1 events)
2026-05-05 10:38:09,766 [INFO:utdquake.bank] Applying QC to 1 events (chunk 9/198)
2026-05-05 11:09:46,152 [INFO:utdquake.bank] Chunk 9/198 saved successfully (1 events)
2026-05-05 11:09:54,482 [INFO:utdquake.bank] Applying QC to 1 events (chunk 10/198)
2026-05-05 11:20:41,521 [INFO:utdquake.bank] Chunk 10/198 saved successfully (1 events)
2026-05-05 11:20:44,272 [INFO:utdquake.bank] Applying QC to 1 events (chunk 11/198)
2026-05-05 11:22:40,697 [INFO:utdquake.bank] Chunk 11/198 saved successfully (1 events)
2026-05-05 11:22:46,964 [INFO:utdquake.bank] Applying QC to 1 events (chunk 12/198)
2026-05-05 11:28:09,726 [INFO:utdquake.bank] Chunk 12/198 saved successfully (1 events)
2026-05-05 11:28:19,781 [INFO:utdquake.bank] Applying QC to 1 events (chunk 13/198)
2026-05-05 11:45:12,149 [INFO:utdquake.bank] Chunk 13/198 saved successfully (1 events)
2026-05-05 11:45:22,108 [INFO:utdquake.bank] Applying QC to 1 events (chunk 14/198)
2026-05-05 12:01:37,071 [INFO:utdquake.bank] Chunk 14/198 saved successfully (1 events)
2026-05-05 12:01:41,908 [INFO:utdquake.bank] Applying QC to 1 events (chunk 15/198)
2026-05-05 12:02:36,092 [INFO:utdquake.bank] Chunk 15/198 saved successfully (1 events)
2026-05-05 12:02:42,419 [INFO:utdquake.bank] Applying QC to 1 events (chunk 16/198)
2026-05-05 12:09:14,734 [INFO:utdquake.bank] Chunk 16/198 saved successfully (1 events)
2026-05-05 12:09:21,532 [INFO:utdquake.bank] Applying QC to 1 events (chunk 17/198)
2026-05-05 12:15:46,870 [INFO:utdquake.bank] Chunk 17/198 saved successfully (1 events)
2026-05-05 12:15:55,240 [INFO:utdquake.bank] Applying QC to 1 events (chunk 18/198)
2026-05-05 12:26:40,964 [INFO:utdquake.bank] Chunk 18/198 saved successfully (1 events)
2026-05-05 12:26:46,690 [INFO:utdquake.bank] Applying QC to 1 events (chunk 19/198)
2026-05-05 12:28:40,341 [INFO:utdquake.bank] Chunk 19/198 saved successfully (1 events)
2026-05-05 12:28:43,877 [INFO:utdquake.bank] Applying QC to 1 events (chunk 20/198)
2026-05-05 12:28:48,230 [INFO:utdquake.bank] Chunk 20/198 saved successfully (1 events)
2026-05-05 12:28:51,998 [INFO:utdquake.bank] Applying QC to 1 events (chunk 21/198)
2026-05-05 12:33:24,533 [INFO:utdquake.bank] Chunk 21/198 saved successfully (1 events)
2026-05-05 12:33:32,836 [INFO:utdquake.bank] Applying QC to 1 events (chunk 22/198)
2026-05-05 12:45:17,619 [INFO:utdquake.bank] Chunk 22/198 saved successfully (1 events)
2026-05-05 12:45:25,212 [INFO:utdquake.bank] Applying QC to 1 events (chunk 23/198)
2026-05-05 12:53:31,837 [INFO:utdquake.bank] Chunk 23/198 saved successfully (1 events)
2026-05-05 12:53:35,325 [INFO:utdquake.bank] Applying QC to 1 events (chunk 24/198)
2026-05-05 12:53:39,588 [INFO:utdquake.bank] Chunk 24/198 saved successfully (1 events)
2026-05-05 12:53:47,815 [INFO:utdquake.bank] Applying QC to 1 events (chunk 25/198)
2026-05-05 13:05:07,430 [INFO:utdquake.bank] Chunk 25/198 saved successfully (1 events)
2026-05-05 13:05:14,438 [INFO:utdquake.bank] Applying QC to 1 events (chunk 26/198)
2026-05-05 13:12:38,406 [INFO:utdquake.bank] Chunk 26/198 saved successfully (1 events)
2026-05-05 13:12:47,337 [INFO:utdquake.bank] Applying QC to 1 events (chunk 27/198)
2026-05-05 13:25:29,689 [INFO:utdquake.bank] Chunk 27/198 saved successfully (1 events)
2026-05-05 13:25:37,818 [INFO:utdquake.bank] Applying QC to 1 events (chunk 28/198)
2026-05-05 13:36:33,700 [INFO:utdquake.bank] Chunk 28/198 saved successfully (1 events)
2026-05-05 13:36:40,489 [INFO:utdquake.bank] Applying QC to 1 events (chunk 29/198)
2026-05-05 13:42:51,426 [INFO:utdquake.bank] Chunk 29/198 saved successfully (1 events)
2026-05-05 13:43:01,865 [INFO:utdquake.bank] Applying QC to 1 events (chunk 30/198)
2026-05-05 14:01:48,560 [INFO:utdquake.bank] Chunk 30/198 saved successfully (1 events)
2026-05-05 14:01:58,112 [INFO:utdquake.bank] Applying QC to 1 events (chunk 31/198)
2026-05-05 14:15:12,751 [INFO:utdquake.bank] Chunk 31/198 saved successfully (1 events)
2026-05-05 14:15:24,121 [INFO:utdquake.bank] Applying QC to 1 events (chunk 32/198)
2026-05-05 14:38:37,234 [INFO:utdquake.bank] Chunk 32/198 saved successfully (1 events)
2026-05-05 14:38:45,309 [INFO:utdquake.bank] Applying QC to 1 events (chunk 33/198)
2026-05-05 14:49:41,507 [INFO:utdquake.bank] Chunk 33/198 saved successfully (1 events)
2026-05-05 14:49:46,433 [INFO:utdquake.bank] Applying QC to 1 events (chunk 34/198)
2026-05-05 14:49:51,876 [INFO:utdquake.bank] Chunk 34/198 saved successfully (1 events)
2026-05-05 14:49:57,918 [INFO:utdquake.bank] Applying QC to 1 events (chunk 35/198)
2026-05-05 14:54:04,394 [INFO:utdquake.bank] Chunk 35/198 saved successfully (1 events)
2026-05-05 14:54:09,709 [INFO:utdquake.bank] Applying QC to 1 events (chunk 36/198)
2026-05-05 14:56:03,217 [INFO:utdquake.bank] Chunk 36/198 saved successfully (1 events)
2026-05-05 14:56:10,592 [INFO:utdquake.bank] Applying QC to 1 events (chunk 37/198)
2026-05-05 15:04:28,426 [INFO:utdquake.bank] Chunk 37/198 saved successfully (1 events)
2026-05-05 15:04:37,490 [INFO:utdquake.bank] Applying QC to 1 events (chunk 38/198)
2026-05-05 15:17:00,076 [INFO:utdquake.bank] Chunk 38/198 saved successfully (1 events)
2026-05-05 15:17:05,782 [INFO:utdquake.bank] Applying QC to 1 events (chunk 39/198)
2026-05-05 15:20:45,463 [INFO:utdquake.bank] Chunk 39/198 saved successfully (1 events)
2026-05-05 15:20:49,414 [INFO:utdquake.bank] Applying QC to 1 events (chunk 40/198)
2026-05-05 15:20:53,279 [INFO:utdquake.bank] Chunk 40/198 saved successfully (1 events)
2026-05-05 15:21:04,238 [INFO:utdquake.bank] Applying QC to 1 events (chunk 41/198)
2026-05-05 15:42:48,185 [INFO:utdquake.bank] Chunk 41/198 saved successfully (1 events)
2026-05-05 15:42:50,337 [INFO:utdquake.bank] Applying QC to 1 events (chunk 42/198)
2026-05-05 15:43:49,847 [INFO:utdquake.bank] Chunk 42/198 saved successfully (1 events)
2026-05-05 15:43:55,578 [INFO:utdquake.bank] Applying QC to 1 events (chunk 43/198)
2026-05-05 15:47:52,995 [INFO:utdquake.bank] Chunk 43/198 saved successfully (1 events)
2026-05-05 15:47:55,832 [INFO:utdquake.bank] Applying QC to 1 events (chunk 44/198)
2026-05-05 15:48:02,382 [INFO:utdquake.bank] Chunk 44/198 saved successfully (1 events)
2026-05-05 15:48:12,573 [INFO:utdquake.bank] Applying QC to 1 events (chunk 45/198)
2026-05-05 16:06:33,100 [INFO:utdquake.bank] Chunk 45/198 saved successfully (1 events)
2026-05-05 16:06:40,659 [INFO:utdquake.bank] Applying QC to 1 events (chunk 46/198)
2026-05-05 16:15:30,083 [INFO:utdquake.bank] Chunk 46/198 saved successfully (1 events)
2026-05-05 16:15:34,063 [INFO:utdquake.bank] Applying QC to 1 events (chunk 47/198)
2026-05-05 16:15:39,063 [INFO:utdquake.bank] Chunk 47/198 saved successfully (1 events)
2026-05-05 16:15:46,456 [INFO:utdquake.bank] Applying QC to 1 events (chunk 48/198)
2026-05-05 16:23:09,221 [INFO:utdquake.bank] Chunk 48/198 saved successfully (1 events)
2026-05-05 16:23:13,040 [INFO:utdquake.bank] Applying QC to 1 events (chunk 49/198)
2026-05-05 16:23:41,149 [INFO:utdquake.bank] Chunk 49/198 saved successfully (1 events)
2026-05-05 16:23:44,047 [INFO:utdquake.bank] Applying QC to 1 events (chunk 50/198)
2026-05-05 16:25:22,746 [INFO:utdquake.bank] Chunk 50/198 saved successfully (1 events)
2026-05-05 16:25:30,466 [INFO:utdquake.bank] Applying QC to 1 events (chunk 51/198)
2026-05-05 16:35:40,019 [INFO:utdquake.bank] Chunk 51/198 saved successfully (1 events)
2026-05-05 16:35:49,328 [INFO:utdquake.bank] Applying QC to 1 events (chunk 52/198)
2026-05-05 16:50:23,536 [INFO:utdquake.bank] Chunk 52/198 saved successfully (1 events)
2026-05-05 16:50:34,147 [INFO:utdquake.bank] Applying QC to 1 events (chunk 53/198)
2026-05-05 17:09:54,791 [INFO:utdquake.bank] Chunk 53/198 saved successfully (1 events)
2026-05-05 17:09:56,423 [INFO:utdquake.bank] Applying QC to 1 events (chunk 54/198)
2026-05-05 17:09:58,189 [INFO:utdquake.bank] Chunk 54/198 saved successfully (1 events)
2026-05-05 17:10:00,847 [INFO:utdquake.bank] Applying QC to 1 events (chunk 55/198)
2026-05-05 17:11:47,909 [INFO:utdquake.bank] Chunk 55/198 saved successfully (1 events)
2026-05-05 17:11:50,204 [INFO:utdquake.bank] Applying QC to 1 events (chunk 56/198)
2026-05-05 17:13:04,821 [INFO:utdquake.bank] Chunk 56/198 saved successfully (1 events)
2026-05-05 17:13:07,398 [INFO:utdquake.bank] Applying QC to 1 events (chunk 57/198)
2026-05-05 17:13:10,275 [INFO:utdquake.bank] Chunk 57/198 saved successfully (1 events)
2026-05-05 17:13:20,467 [INFO:utdquake.bank] Applying QC to 1 events (chunk 58/198)
2026-05-05 17:32:13,887 [INFO:utdquake.bank] Chunk 58/198 saved successfully (1 events)
2026-05-05 17:32:23,120 [INFO:utdquake.bank] Applying QC to 1 events (chunk 59/198)
2026-05-05 17:46:57,783 [INFO:utdquake.bank] Chunk 59/198 saved successfully (1 events)
2026-05-05 17:47:05,503 [INFO:utdquake.bank] Applying QC to 1 events (chunk 60/198)
2026-05-05 17:57:33,637 [INFO:utdquake.bank] Chunk 60/198 saved successfully (1 events)
2026-05-05 17:57:37,416 [INFO:utdquake.bank] Applying QC to 1 events (chunk 61/198)
2026-05-05 17:57:41,811 [INFO:utdquake.bank] Chunk 61/198 saved successfully (1 events)
2026-05-05 17:57:53,127 [INFO:utdquake.bank] Applying QC to 1 events (chunk 62/198)
2026-05-05 18:22:42,369 [INFO:utdquake.bank] Chunk 62/198 saved successfully (1 events)
2026-05-05 18:22:47,684 [INFO:utdquake.bank] Applying QC to 1 events (chunk 63/198)
2026-05-05 18:26:42,847 [INFO:utdquake.bank] Chunk 63/198 saved successfully (1 events)
2026-05-05 18:26:49,748 [INFO:utdquake.bank] Applying QC to 1 events (chunk 64/198)
2026-05-05 18:34:01,523 [INFO:utdquake.bank] Chunk 64/198 saved successfully (1 events)
2026-05-05 18:34:02,737 [INFO:utdquake.bank] Applying QC to 1 events (chunk 65/198)
2026-05-05 18:34:03,981 [INFO:utdquake.bank] Chunk 65/198 saved successfully (1 events)
2026-05-05 18:34:13,147 [INFO:utdquake.bank] Applying QC to 1 events (chunk 66/198)
2026-05-05 18:48:31,829 [INFO:utdquake.bank] Chunk 66/198 saved successfully (1 events)
2026-05-05 18:48:34,968 [INFO:utdquake.bank] Applying QC to 1 events (chunk 67/198)
2026-05-05 18:48:38,312 [INFO:utdquake.bank] Chunk 67/198 saved successfully (1 events)
2026-05-05 18:48:42,055 [INFO:utdquake.bank] Applying QC to 1 events (chunk 68/198)
2026-05-05 18:49:47,106 [INFO:utdquake.bank] Chunk 68/198 saved successfully (1 events)
2026-05-05 18:49:50,749 [INFO:utdquake.bank] Applying QC to 1 events (chunk 69/198)
2026-05-05 18:49:54,887 [INFO:utdquake.bank] Chunk 69/198 saved successfully (1 events)
2026-05-05 18:50:02,504 [INFO:utdquake.bank] Applying QC to 1 events (chunk 70/198)
2026-05-05 18:58:15,308 [INFO:utdquake.bank] Chunk 70/198 saved successfully (1 events)
2026-05-05 18:58:22,008 [INFO:utdquake.bank] Applying QC to 1 events (chunk 71/198)
2026-05-05 19:06:01,479 [INFO:utdquake.bank] Chunk 71/198 saved successfully (1 events)
2026-05-05 19:06:09,596 [INFO:utdquake.bank] Applying QC to 1 events (chunk 72/198)
2026-05-05 19:16:19,388 [INFO:utdquake.bank] Chunk 72/198 saved successfully (1 events)
2026-05-05 19:16:28,425 [INFO:utdquake.bank] Applying QC to 1 events (chunk 73/198)
2026-05-05 19:29:21,542 [INFO:utdquake.bank] Chunk 73/198 saved successfully (1 events)
2026-05-05 19:29:23,672 [INFO:utdquake.bank] Applying QC to 1 events (chunk 74/198)
2026-05-05 19:29:25,496 [INFO:utdquake.bank] Chunk 74/198 saved successfully (1 events)
2026-05-05 19:29:34,127 [INFO:utdquake.bank] Applying QC to 1 events (chunk 75/198)
2026-05-05 19:42:18,109 [INFO:utdquake.bank] Chunk 75/198 saved successfully (1 events)
2026-05-05 19:42:30,120 [INFO:utdquake.bank] Applying QC to 1 events (chunk 76/198)
2026-05-05 20:10:22,629 [INFO:utdquake.bank] Chunk 76/198 saved successfully (1 events)
2026-05-05 20:10:31,078 [INFO:utdquake.bank] Applying QC to 1 events (chunk 77/198)
2026-05-05 20:21:50,532 [INFO:utdquake.bank] Chunk 77/198 saved successfully (1 events)
2026-05-05 20:21:54,009 [INFO:utdquake.bank] Applying QC to 1 events (chunk 78/198)
2026-05-05 20:25:51,833 [INFO:utdquake.bank] Chunk 78/198 saved successfully (1 events)
2026-05-05 20:25:57,268 [INFO:utdquake.bank] Applying QC to 1 events (chunk 79/198)
2026-05-05 20:31:04,451 [INFO:utdquake.bank] Chunk 79/198 saved successfully (1 events)
2026-05-05 20:31:12,344 [INFO:utdquake.bank] Applying QC to 1 events (chunk 80/198)
2026-05-05 20:41:46,144 [INFO:utdquake.bank] Chunk 80/198 saved successfully (1 events)
2026-05-05 20:41:57,806 [INFO:utdquake.bank] Applying QC to 1 events (chunk 81/198)
2026-05-05 21:05:18,832 [INFO:utdquake.bank] Chunk 81/198 saved successfully (1 events)
2026-05-05 21:05:31,570 [INFO:utdquake.bank] Applying QC to 1 events (chunk 82/198)
2026-05-05 21:35:33,182 [INFO:utdquake.bank] Chunk 82/198 saved successfully (1 events)
2026-05-05 21:35:44,572 [INFO:utdquake.bank] Applying QC to 1 events (chunk 83/198)
2026-05-05 21:56:45,882 [INFO:utdquake.bank] Chunk 83/198 saved successfully (1 events)
2026-05-05 21:56:49,569 [INFO:utdquake.bank] Applying QC to 1 events (chunk 84/198)
2026-05-05 21:57:05,281 [INFO:utdquake.bank] Chunk 84/198 saved successfully (1 events)
2026-05-05 21:57:14,210 [INFO:utdquake.bank] Applying QC to 1 events (chunk 85/198)
2026-05-05 22:10:32,874 [INFO:utdquake.bank] Chunk 85/198 saved successfully (1 events)
2026-05-05 22:10:41,145 [INFO:utdquake.bank] Applying QC to 1 events (chunk 86/198)
2026-05-05 22:22:42,993 [INFO:utdquake.bank] Chunk 86/198 saved successfully (1 events)
2026-05-05 22:22:48,853 [INFO:utdquake.bank] Applying QC to 1 events (chunk 87/198)
2026-05-05 22:27:32,601 [INFO:utdquake.bank] Chunk 87/198 saved successfully (1 events)
2026-05-05 22:27:41,149 [INFO:utdquake.bank] Applying QC to 1 events (chunk 88/198)
2026-05-05 22:39:52,767 [INFO:utdquake.bank] Chunk 88/198 saved successfully (1 events)
2026-05-05 22:40:06,219 [INFO:utdquake.bank] Applying QC to 1 events (chunk 89/198)
2026-05-05 23:11:39,747 [INFO:utdquake.bank] Chunk 89/198 saved successfully (1 events)
2026-05-05 23:11:52,012 [INFO:utdquake.bank] Applying QC to 1 events (chunk 90/198)
2026-05-05 23:37:34,294 [INFO:utdquake.bank] Chunk 90/198 saved successfully (1 events)
2026-05-05 23:37:47,241 [INFO:utdquake.bank] Applying QC to 1 events (chunk 91/198)
2026-05-06 00:07:38,260 [INFO:utdquake.bank] Chunk 91/198 saved successfully (1 events)
2026-05-06 00:07:46,615 [INFO:utdquake.bank] Applying QC to 1 events (chunk 92/198)
2026-05-06 00:18:50,775 [INFO:utdquake.bank] Chunk 92/198 saved successfully (1 events)
2026-05-06 00:19:00,923 [INFO:utdquake.bank] Applying QC to 1 events (chunk 93/198)
2026-05-06 00:36:47,112 [INFO:utdquake.bank] Chunk 93/198 saved successfully (1 events)
2026-05-06 00:36:57,108 [INFO:utdquake.bank] Applying QC to 1 events (chunk 94/198)
2026-05-06 00:55:51,192 [INFO:utdquake.bank] Chunk 94/198 saved successfully (1 events)
2026-05-06 00:55:54,355 [INFO:utdquake.bank] Applying QC to 1 events (chunk 95/198)
2026-05-06 00:58:03,128 [INFO:utdquake.bank] Chunk 95/198 saved successfully (1 events)
2026-05-06 00:58:11,216 [INFO:utdquake.bank] Applying QC to 1 events (chunk 96/198)
2026-05-06 01:08:58,781 [INFO:utdquake.bank] Chunk 96/198 saved successfully (1 events)
2026-05-06 01:09:05,528 [INFO:utdquake.bank] Applying QC to 1 events (chunk 97/198)
2026-05-06 01:15:33,668 [INFO:utdquake.bank] Chunk 97/198 saved successfully (1 events)
2026-05-06 01:15:40,638 [INFO:utdquake.bank] Applying QC to 1 events (chunk 98/198)
2026-05-06 01:21:52,550 [INFO:utdquake.bank] Chunk 98/198 saved successfully (1 events)
2026-05-06 01:22:00,172 [INFO:utdquake.bank] Applying QC to 1 events (chunk 99/198)
2026-05-06 01:31:18,762 [INFO:utdquake.bank] Chunk 99/198 saved successfully (1 events)
2026-05-06 01:31:25,945 [INFO:utdquake.bank] Applying QC to 1 events (chunk 100/198)
2026-05-06 01:37:01,842 [INFO:utdquake.bank] Chunk 100/198 saved successfully (1 events)
2026-05-06 01:37:11,329 [INFO:utdquake.bank] Applying QC to 1 events (chunk 101/198)
2026-05-06 01:51:59,684 [INFO:utdquake.bank] Chunk 101/198 saved successfully (1 events)
2026-05-06 01:52:05,819 [INFO:utdquake.bank] Applying QC to 1 events (chunk 102/198)
2026-05-06 01:57:39,645 [INFO:utdquake.bank] Chunk 102/198 saved successfully (1 events)
2026-05-06 01:57:46,282 [INFO:utdquake.bank] Applying QC to 1 events (chunk 103/198)
2026-05-06 02:03:58,894 [INFO:utdquake.bank] Chunk 103/198 saved successfully (1 events)
2026-05-06 02:04:06,732 [INFO:utdquake.bank] Applying QC to 1 events (chunk 104/198)
2026-05-06 02:11:52,892 [INFO:utdquake.bank] Chunk 104/198 saved successfully (1 events)
2026-05-06 02:11:58,836 [INFO:utdquake.bank] Applying QC to 1 events (chunk 105/198)
2026-05-06 02:17:18,240 [INFO:utdquake.bank] Chunk 105/198 saved successfully (1 events)
2026-05-06 02:17:28,541 [INFO:utdquake.bank] Applying QC to 1 events (chunk 106/198)
2026-05-06 02:37:13,225 [INFO:utdquake.bank] Chunk 106/198 saved successfully (1 events)
2026-05-06 02:37:16,675 [INFO:utdquake.bank] Applying QC to 1 events (chunk 107/198)
2026-05-06 02:40:38,108 [INFO:utdquake.bank] Chunk 107/198 saved successfully (1 events)
2026-05-06 02:40:47,716 [INFO:utdquake.bank] Applying QC to 1 events (chunk 108/198)
2026-05-06 02:57:33,778 [INFO:utdquake.bank] Chunk 108/198 saved successfully (1 events)
2026-05-06 02:57:40,798 [INFO:utdquake.bank] Applying QC to 1 events (chunk 109/198)
2026-05-06 03:04:31,554 [INFO:utdquake.bank] Chunk 109/198 saved successfully (1 events)
2026-05-06 03:04:37,637 [INFO:utdquake.bank] Applying QC to 1 events (chunk 110/198)
2026-05-06 03:10:02,863 [INFO:utdquake.bank] Chunk 110/198 saved successfully (1 events)
2026-05-06 03:10:10,934 [INFO:utdquake.bank] Applying QC to 1 events (chunk 111/198)
2026-05-06 03:20:38,628 [INFO:utdquake.bank] Chunk 111/198 saved successfully (1 events)
2026-05-06 03:20:40,366 [INFO:utdquake.bank] Applying QC to 1 events (chunk 112/198)
2026-05-06 03:20:41,877 [INFO:utdquake.bank] Chunk 112/198 saved successfully (1 events)
2026-05-06 03:20:49,520 [INFO:utdquake.bank] Applying QC to 1 events (chunk 113/198)
2026-05-06 03:30:13,867 [INFO:utdquake.bank] Chunk 113/198 saved successfully (1 events)
2026-05-06 03:30:22,863 [INFO:utdquake.bank] Applying QC to 1 events (chunk 114/198)
2026-05-06 03:44:46,627 [INFO:utdquake.bank] Chunk 114/198 saved successfully (1 events)
2026-05-06 03:44:55,927 [INFO:utdquake.bank] Applying QC to 1 events (chunk 115/198)
2026-05-06 03:57:55,458 [INFO:utdquake.bank] Chunk 115/198 saved successfully (1 events)
2026-05-06 03:58:02,343 [INFO:utdquake.bank] Applying QC to 1 events (chunk 116/198)
2026-05-06 04:05:05,279 [INFO:utdquake.bank] Chunk 116/198 saved successfully (1 events)
2026-05-06 04:05:13,429 [INFO:utdquake.bank] Applying QC to 1 events (chunk 117/198)
2026-05-06 04:15:04,868 [INFO:utdquake.bank] Chunk 117/198 saved successfully (1 events)
2026-05-06 04:15:12,603 [INFO:utdquake.bank] Applying QC to 1 events (chunk 118/198)
2026-05-06 04:24:52,422 [INFO:utdquake.bank] Chunk 118/198 saved successfully (1 events)
2026-05-06 04:24:58,627 [INFO:utdquake.bank] Applying QC to 1 events (chunk 119/198)
2026-05-06 04:31:23,011 [INFO:utdquake.bank] Chunk 119/198 saved successfully (1 events)
2026-05-06 04:31:26,414 [INFO:utdquake.bank] Applying QC to 1 events (chunk 120/198)
2026-05-06 04:34:15,864 [INFO:utdquake.bank] Chunk 120/198 saved successfully (1 events)
2026-05-06 04:34:26,260 [INFO:utdquake.bank] Applying QC to 1 events (chunk 121/198)
2026-05-06 04:53:20,862 [INFO:utdquake.bank] Chunk 121/198 saved successfully (1 events)
2026-05-06 04:53:28,908 [INFO:utdquake.bank] Applying QC to 1 events (chunk 122/198)
2026-05-06 05:04:15,232 [INFO:utdquake.bank] Chunk 122/198 saved successfully (1 events)
2026-05-06 05:04:21,236 [INFO:utdquake.bank] Applying QC to 1 events (chunk 123/198)
2026-05-06 05:10:17,363 [INFO:utdquake.bank] Chunk 123/198 saved successfully (1 events)
2026-05-06 05:10:26,503 [INFO:utdquake.bank] Applying QC to 1 events (chunk 124/198)
2026-05-06 05:24:06,422 [INFO:utdquake.bank] Chunk 124/198 saved successfully (1 events)
2026-05-06 05:24:15,899 [INFO:utdquake.bank] Applying QC to 1 events (chunk 125/198)
2026-05-06 05:38:42,925 [INFO:utdquake.bank] Chunk 125/198 saved successfully (1 events)
2026-05-06 05:38:51,204 [INFO:utdquake.bank] Applying QC to 1 events (chunk 126/198)
2026-05-06 05:49:01,945 [INFO:utdquake.bank] Chunk 126/198 saved successfully (1 events)
2026-05-06 05:49:05,089 [INFO:utdquake.bank] Applying QC to 1 events (chunk 127/198)
2026-05-06 05:51:01,973 [INFO:utdquake.bank] Chunk 127/198 saved successfully (1 events)
2026-05-06 05:51:11,719 [INFO:utdquake.bank] Applying QC to 1 events (chunk 128/198)
2026-05-06 06:07:33,791 [INFO:utdquake.bank] Chunk 128/198 saved successfully (1 events)
2026-05-06 06:07:44,935 [INFO:utdquake.bank] Applying QC to 1 events (chunk 129/198)
2026-05-06 06:30:26,742 [INFO:utdquake.bank] Chunk 129/198 saved successfully (1 events)
2026-05-06 06:30:34,835 [INFO:utdquake.bank] Applying QC to 1 events (chunk 130/198)
2026-05-06 06:40:52,230 [INFO:utdquake.bank] Chunk 130/198 saved successfully (1 events)
2026-05-06 06:41:00,347 [INFO:utdquake.bank] Applying QC to 1 events (chunk 131/198)
2026-05-06 06:52:01,421 [INFO:utdquake.bank] Chunk 131/198 saved successfully (1 events)
2026-05-06 06:52:09,909 [INFO:utdquake.bank] Applying QC to 1 events (chunk 132/198)
2026-05-06 07:04:49,924 [INFO:utdquake.bank] Chunk 132/198 saved successfully (1 events)
2026-05-06 07:04:55,964 [INFO:utdquake.bank] Applying QC to 1 events (chunk 133/198)
2026-05-06 07:10:25,633 [INFO:utdquake.bank] Chunk 133/198 saved successfully (1 events)
2026-05-06 07:10:37,182 [INFO:utdquake.bank] Applying QC to 1 events (chunk 134/198)
2026-05-06 07:35:16,387 [INFO:utdquake.bank] Chunk 134/198 saved successfully (1 events)
2026-05-06 07:35:19,117 [INFO:utdquake.bank] Applying QC to 1 events (chunk 135/198)
2026-05-06 07:35:21,490 [INFO:utdquake.bank] Chunk 135/198 saved successfully (1 events)
2026-05-06 07:35:31,460 [INFO:utdquake.bank] Applying QC to 1 events (chunk 136/198)
2026-05-06 07:53:10,355 [INFO:utdquake.bank] Chunk 136/198 saved successfully (1 events)
2026-05-06 07:53:14,158 [INFO:utdquake.bank] Applying QC to 1 events (chunk 137/198)
2026-05-06 07:57:56,256 [INFO:utdquake.bank] Chunk 137/198 saved successfully (1 events)
2026-05-06 07:58:03,373 [INFO:utdquake.bank] Applying QC to 1 events (chunk 138/198)
2026-05-06 08:07:12,089 [INFO:utdquake.bank] Chunk 138/198 saved successfully (1 events)
2026-05-06 08:07:24,872 [INFO:utdquake.bank] Applying QC to 1 events (chunk 139/198)
2026-05-06 08:36:48,243 [INFO:utdquake.bank] Chunk 139/198 saved successfully (1 events)
2026-05-06 08:36:54,445 [INFO:utdquake.bank] Applying QC to 1 events (chunk 140/198)
2026-05-06 08:39:57,332 [INFO:utdquake.bank] Chunk 140/198 saved successfully (1 events)
2026-05-06 08:40:04,881 [INFO:utdquake.bank] Applying QC to 1 events (chunk 141/198)
2026-05-06 08:47:31,094 [INFO:utdquake.bank] Chunk 141/198 saved successfully (1 events)
2026-05-06 08:47:39,381 [INFO:utdquake.bank] Applying QC to 1 events (chunk 142/198)
2026-05-06 08:59:15,826 [INFO:utdquake.bank] Chunk 142/198 saved successfully (1 events)
2026-05-06 08:59:27,555 [INFO:utdquake.bank] Applying QC to 1 events (chunk 143/198)
2026-05-06 09:22:18,075 [INFO:utdquake.bank] Chunk 143/198 saved successfully (1 events)
2026-05-06 09:22:23,400 [INFO:utdquake.bank] Applying QC to 1 events (chunk 144/198)
2026-05-06 09:27:02,689 [INFO:utdquake.bank] Chunk 144/198 saved successfully (1 events)
2026-05-06 09:27:11,633 [INFO:utdquake.bank] Applying QC to 1 events (chunk 145/198)
2026-05-06 09:39:11,144 [INFO:utdquake.bank] Chunk 145/198 saved successfully (1 events)
2026-05-06 09:39:21,893 [INFO:utdquake.bank] Applying QC to 1 events (chunk 146/198)
2026-05-06 09:59:44,440 [INFO:utdquake.bank] Chunk 146/198 saved successfully (1 events)
2026-05-06 09:59:55,810 [INFO:utdquake.bank] Applying QC to 1 events (chunk 147/198)
2026-05-06 10:22:18,528 [INFO:utdquake.bank] Chunk 147/198 saved successfully (1 events)
2026-05-06 10:22:26,966 [INFO:utdquake.bank] Applying QC to 1 events (chunk 148/198)
2026-05-06 10:33:10,857 [INFO:utdquake.bank] Chunk 148/198 saved successfully (1 events)
2026-05-06 10:33:18,974 [INFO:utdquake.bank] Applying QC to 1 events (chunk 149/198)
2026-05-06 10:44:41,198 [INFO:utdquake.bank] Chunk 149/198 saved successfully (1 events)
2026-05-06 10:44:48,432 [INFO:utdquake.bank] Applying QC to 1 events (chunk 150/198)
2026-05-06 10:52:14,094 [INFO:utdquake.bank] Chunk 150/198 saved successfully (1 events)
2026-05-06 10:52:26,374 [INFO:utdquake.bank] Applying QC to 1 events (chunk 151/198)
2026-05-06 11:23:36,020 [INFO:utdquake.bank] Chunk 151/198 saved successfully (1 events)
2026-05-06 11:23:43,185 [INFO:utdquake.bank] Applying QC to 1 events (chunk 152/198)
2026-05-06 11:32:37,494 [INFO:utdquake.bank] Chunk 152/198 saved successfully (1 events)
2026-05-06 11:32:47,001 [INFO:utdquake.bank] Applying QC to 1 events (chunk 153/198)
2026-05-06 11:46:54,688 [INFO:utdquake.bank] Chunk 153/198 saved successfully (1 events)
2026-05-06 11:47:03,371 [INFO:utdquake.bank] Applying QC to 1 events (chunk 154/198)
2026-05-06 11:58:44,242 [INFO:utdquake.bank] Chunk 154/198 saved successfully (1 events)
2026-05-06 11:58:52,193 [INFO:utdquake.bank] Applying QC to 1 events (chunk 155/198)
2026-05-06 12:07:19,627 [INFO:utdquake.bank] Chunk 155/198 saved successfully (1 events)
2026-05-06 12:07:29,125 [INFO:utdquake.bank] Applying QC to 1 events (chunk 156/198)
2026-05-06 12:21:53,438 [INFO:utdquake.bank] Chunk 156/198 saved successfully (1 events)
2026-05-06 12:22:01,395 [INFO:utdquake.bank] Applying QC to 1 events (chunk 157/198)
2026-05-06 12:31:37,632 [INFO:utdquake.bank] Chunk 157/198 saved successfully (1 events)
2026-05-06 12:31:42,427 [INFO:utdquake.bank] Applying QC to 1 events (chunk 158/198)
2026-05-06 12:34:22,132 [INFO:utdquake.bank] Chunk 158/198 saved successfully (1 events)
2026-05-06 12:34:30,036 [INFO:utdquake.bank] Applying QC to 1 events (chunk 159/198)
2026-05-06 12:45:16,185 [INFO:utdquake.bank] Chunk 159/198 saved successfully (1 events)
2026-05-06 12:45:23,575 [INFO:utdquake.bank] Applying QC to 1 events (chunk 160/198)
2026-05-06 12:53:28,011 [INFO:utdquake.bank] Chunk 160/198 saved successfully (1 events)
2026-05-06 12:53:36,293 [INFO:utdquake.bank] Applying QC to 1 events (chunk 161/198)
2026-05-06 13:04:52,192 [INFO:utdquake.bank] Chunk 161/198 saved successfully (1 events)
2026-05-06 13:05:01,104 [INFO:utdquake.bank] Applying QC to 1 events (chunk 162/198)
2026-05-06 13:17:33,667 [INFO:utdquake.bank] Chunk 162/198 saved successfully (1 events)
2026-05-06 13:17:40,459 [INFO:utdquake.bank] Applying QC to 1 events (chunk 163/198)
2026-05-06 13:23:35,597 [INFO:utdquake.bank] Chunk 163/198 saved successfully (1 events)
2026-05-06 13:23:43,115 [INFO:utdquake.bank] Applying QC to 1 events (chunk 164/198)
2026-05-06 13:31:47,723 [INFO:utdquake.bank] Chunk 164/198 saved successfully (1 events)
2026-05-06 13:31:57,209 [INFO:utdquake.bank] Applying QC to 1 events (chunk 165/198)
2026-05-06 13:47:13,612 [INFO:utdquake.bank] Chunk 165/198 saved successfully (1 events)
2026-05-06 13:47:22,334 [INFO:utdquake.bank] Applying QC to 1 events (chunk 166/198)
2026-05-06 13:58:26,748 [INFO:utdquake.bank] Chunk 166/198 saved successfully (1 events)
2026-05-06 13:58:36,624 [INFO:utdquake.bank] Applying QC to 1 events (chunk 167/198)
2026-05-06 14:13:46,567 [INFO:utdquake.bank] Chunk 167/198 saved successfully (1 events)
2026-05-06 14:13:54,409 [INFO:utdquake.bank] Applying QC to 1 events (chunk 168/198)
2026-05-06 14:23:02,616 [INFO:utdquake.bank] Chunk 168/198 saved successfully (1 events)
2026-05-06 14:23:05,359 [INFO:utdquake.bank] Applying QC to 1 events (chunk 169/198)
2026-05-06 14:24:26,435 [INFO:utdquake.bank] Chunk 169/198 saved successfully (1 events)
2026-05-06 14:24:34,274 [INFO:utdquake.bank] Applying QC to 1 events (chunk 170/198)
2026-05-06 14:34:56,862 [INFO:utdquake.bank] Chunk 170/198 saved successfully (1 events)
2026-05-06 14:35:09,561 [INFO:utdquake.bank] Applying QC to 1 events (chunk 171/198)
2026-05-06 15:06:03,933 [INFO:utdquake.bank] Chunk 171/198 saved successfully (1 events)
2026-05-06 15:06:07,098 [INFO:utdquake.bank] Applying QC to 1 events (chunk 172/198)
2026-05-06 15:08:38,250 [INFO:utdquake.bank] Chunk 172/198 saved successfully (1 events)
2026-05-06 15:08:45,871 [INFO:utdquake.bank] Applying QC to 1 events (chunk 173/198)
2026-05-06 15:17:25,823 [INFO:utdquake.bank] Chunk 173/198 saved successfully (1 events)
2026-05-06 15:17:34,033 [INFO:utdquake.bank] Applying QC to 1 events (chunk 174/198)
2026-05-06 15:29:10,198 [INFO:utdquake.bank] Chunk 174/198 saved successfully (1 events)
2026-05-06 15:29:18,088 [INFO:utdquake.bank] Applying QC to 1 events (chunk 175/198)
2026-05-06 15:36:22,167 [INFO:utdquake.bank] Chunk 175/198 saved successfully (1 events)
2026-05-06 15:36:29,782 [INFO:utdquake.bank] Applying QC to 1 events (chunk 176/198)
2026-05-06 15:45:00,682 [INFO:utdquake.bank] Chunk 176/198 saved successfully (1 events)
2026-05-06 15:45:02,902 [INFO:utdquake.bank] Applying QC to 1 events (chunk 177/198)
2026-05-06 15:46:17,558 [INFO:utdquake.bank] Chunk 177/198 saved successfully (1 events)
2026-05-06 15:46:28,733 [INFO:utdquake.bank] Applying QC to 1 events (chunk 178/198)
2026-05-06 16:10:06,470 [INFO:utdquake.bank] Chunk 178/198 saved successfully (1 events)
2026-05-06 16:10:14,808 [INFO:utdquake.bank] Applying QC to 1 events (chunk 179/198)
2026-05-06 16:22:14,833 [INFO:utdquake.bank] Chunk 179/198 saved successfully (1 events)
2026-05-06 16:22:27,352 [INFO:utdquake.bank] Applying QC to 1 events (chunk 180/198)
2026-05-06 16:52:44,912 [INFO:utdquake.bank] Chunk 180/198 saved successfully (1 events)
2026-05-06 16:52:52,565 [INFO:utdquake.bank] Applying QC to 1 events (chunk 181/198)
2026-05-06 17:00:18,347 [INFO:utdquake.bank] Chunk 181/198 saved successfully (1 events)
2026-05-06 17:00:30,285 [INFO:utdquake.bank] Applying QC to 1 events (chunk 182/198)
2026-05-06 17:25:25,797 [INFO:utdquake.bank] Chunk 182/198 saved successfully (1 events)
2026-05-06 17:25:34,560 [INFO:utdquake.bank] Applying QC to 1 events (chunk 183/198)
2026-05-06 17:37:53,461 [INFO:utdquake.bank] Chunk 183/198 saved successfully (1 events)
2026-05-06 17:38:05,515 [INFO:utdquake.bank] Applying QC to 1 events (chunk 184/198)
2026-05-06 18:01:34,371 [INFO:utdquake.bank] Chunk 184/198 saved successfully (1 events)
2026-05-06 18:01:42,339 [INFO:utdquake.bank] Applying QC to 1 events (chunk 185/198)
2026-05-06 18:10:54,313 [INFO:utdquake.bank] Chunk 185/198 saved successfully (1 events)
2026-05-06 18:11:01,822 [INFO:utdquake.bank] Applying QC to 1 events (chunk 186/198)
2026-05-06 18:18:00,263 [INFO:utdquake.bank] Chunk 186/198 saved successfully (1 events)
2026-05-06 18:18:08,894 [INFO:utdquake.bank] Applying QC to 1 events (chunk 187/198)
2026-05-06 18:29:22,561 [INFO:utdquake.bank] Chunk 187/198 saved successfully (1 events)
2026-05-06 18:29:32,814 [INFO:utdquake.bank] Applying QC to 1 events (chunk 188/198)
2026-05-06 18:47:39,067 [INFO:utdquake.bank] Chunk 188/198 saved successfully (1 events)
2026-05-06 18:47:48,689 [INFO:utdquake.bank] Applying QC to 1 events (chunk 189/198)
2026-05-06 19:01:12,513 [INFO:utdquake.bank] Chunk 189/198 saved successfully (1 events)
2026-05-06 19:01:24,801 [INFO:utdquake.bank] Applying QC to 1 events (chunk 190/198)
2026-05-06 19:29:15,667 [INFO:utdquake.bank] Chunk 190/198 saved successfully (1 events)
2026-05-06 19:29:23,711 [INFO:utdquake.bank] Applying QC to 1 events (chunk 191/198)
2026-05-06 19:38:05,435 [INFO:utdquake.bank] Chunk 191/198 saved successfully (1 events)
2026-05-06 19:38:11,314 [INFO:utdquake.bank] Applying QC to 1 events (chunk 192/198)
2026-05-06 19:42:35,882 [INFO:utdquake.bank] Chunk 192/198 saved successfully (1 events)
2026-05-06 19:42:44,018 [INFO:utdquake.bank] Applying QC to 1 events (chunk 193/198)
2026-05-06 19:52:42,119 [INFO:utdquake.bank] Chunk 193/198 saved successfully (1 events)
2026-05-06 19:52:50,833 [INFO:utdquake.bank] Applying QC to 1 events (chunk 194/198)
2026-05-06 20:03:21,800 [INFO:utdquake.bank] Chunk 194/198 saved successfully (1 events)
2026-05-06 20:03:31,289 [INFO:utdquake.bank] Applying QC to 1 events (chunk 195/198)
2026-05-06 20:17:34,995 [INFO:utdquake.bank] Chunk 195/198 saved successfully (1 events)
2026-05-06 20:17:41,725 [INFO:utdquake.bank] Applying QC to 1 events (chunk 196/198)
2026-05-06 20:22:28,919 [INFO:utdquake.bank] Chunk 196/198 saved successfully (1 events)
2026-05-06 20:22:35,088 [INFO:utdquake.bank] Applying QC to 1 events (chunk 197/198)
2026-05-06 20:27:24,979 [INFO:utdquake.bank] Chunk 197/198 saved successfully (1 events)
2026-05-06 20:27:34,857 [INFO:utdquake.bank] Applying QC to 1 events (chunk 198/198)
2026-05-06 20:44:50,522 [INFO:utdquake.bank] Chunk 198/198 saved successfully (1 events)
2026-05-06 20:44:50,523 [INFO:utdquake.bank] Saving picks completed in 128899.98 seconds
✅ DONE
