/groups/igonin/ecastillo/anaconda3/envs/utdq/lib/python3.11/site-packages/obspy/core/util/base.py:26: UserWarning: pkg_resources is deprecated as an API. See https://setuptools.pypa.io/en/latest/pkg_resources.html. The pkg_resources package is slated for removal as early as 2025-11-30. Refrain from using this package or pin to Setuptools<81.
  import pkg_resources
2026-05-03 08:43:17,563 [INFO:utdquake.bank] Total events: 450 | Already processed: 0 | To process: 450
2026-05-03 08:43:25,821 [INFO:utdquake.bank] Applying QC to 1 events (chunk 1/450)
2026-05-03 08:55:24,971 [INFO:utdquake.bank] Chunk 1/450 saved successfully (1 events)
2026-05-03 08:55:34,643 [INFO:utdquake.bank] Applying QC to 1 events (chunk 2/450)
2026-05-03 09:12:56,011 [INFO:utdquake.bank] Chunk 2/450 saved successfully (1 events)
2026-05-03 09:13:07,122 [INFO:utdquake.bank] Applying QC to 1 events (chunk 3/450)
2026-05-03 09:33:54,381 [INFO:utdquake.bank] Chunk 3/450 saved successfully (1 events)
2026-05-03 09:33:59,351 [INFO:utdquake.bank] Applying QC to 1 events (chunk 4/450)
2026-05-03 09:37:12,216 [INFO:utdquake.bank] Chunk 4/450 saved successfully (1 events)
2026-05-03 09:37:20,482 [INFO:utdquake.bank] Applying QC to 1 events (chunk 5/450)
2026-05-03 09:49:18,028 [INFO:utdquake.bank] Chunk 5/450 saved successfully (1 events)
2026-05-03 09:49:22,616 [INFO:utdquake.bank] Applying QC to 1 events (chunk 6/450)
2026-05-03 09:51:46,768 [INFO:utdquake.bank] Chunk 6/450 saved successfully (1 events)
2026-05-03 09:51:52,803 [INFO:utdquake.bank] Applying QC to 1 events (chunk 7/450)
2026-05-03 09:57:29,466 [INFO:utdquake.bank] Chunk 7/450 saved successfully (1 events)
2026-05-03 09:57:39,440 [INFO:utdquake.bank] Applying QC to 1 events (chunk 8/450)
2026-05-03 10:15:27,329 [INFO:utdquake.bank] Chunk 8/450 saved successfully (1 events)
2026-05-03 10:15:34,542 [INFO:utdquake.bank] Applying QC to 1 events (chunk 9/450)
2026-05-03 10:22:57,439 [INFO:utdquake.bank] Chunk 9/450 saved successfully (1 events)
2026-05-03 10:23:03,912 [INFO:utdquake.bank] Applying QC to 1 events (chunk 10/450)
2026-05-03 10:29:39,495 [INFO:utdquake.bank] Chunk 10/450 saved successfully (1 events)
2026-05-03 10:29:49,855 [INFO:utdquake.bank] Applying QC to 1 events (chunk 11/450)
2026-05-03 10:49:42,408 [INFO:utdquake.bank] Chunk 11/450 saved successfully (1 events)
2026-05-03 10:49:55,648 [INFO:utdquake.bank] Applying QC to 1 events (chunk 12/450)
2026-05-03 11:20:29,079 [INFO:utdquake.bank] Chunk 12/450 saved successfully (1 events)
2026-05-03 11:20:34,758 [INFO:utdquake.bank] Applying QC to 1 events (chunk 13/450)
2026-05-03 11:25:14,990 [INFO:utdquake.bank] Chunk 13/450 saved successfully (1 events)
2026-05-03 11:25:18,946 [INFO:utdquake.bank] Applying QC to 1 events (chunk 14/450)
2026-05-03 11:25:23,532 [INFO:utdquake.bank] Chunk 14/450 saved successfully (1 events)
2026-05-03 11:25:29,571 [INFO:utdquake.bank] Applying QC to 1 events (chunk 15/450)
2026-05-03 11:30:14,509 [INFO:utdquake.bank] Chunk 15/450 saved successfully (1 events)
2026-05-03 11:30:22,558 [INFO:utdquake.bank] Applying QC to 1 events (chunk 16/450)
2026-05-03 11:41:26,854 [INFO:utdquake.bank] Chunk 16/450 saved successfully (1 events)
2026-05-03 11:41:38,044 [INFO:utdquake.bank] Applying QC to 1 events (chunk 17/450)
2026-05-03 12:03:34,872 [INFO:utdquake.bank] Chunk 17/450 saved successfully (1 events)
2026-05-03 12:03:41,168 [INFO:utdquake.bank] Applying QC to 1 events (chunk 18/450)
2026-05-03 12:06:42,776 [INFO:utdquake.bank] Chunk 18/450 saved successfully (1 events)
2026-05-03 12:06:49,393 [INFO:utdquake.bank] Applying QC to 1 events (chunk 19/450)
2026-05-03 12:13:07,629 [INFO:utdquake.bank] Chunk 19/450 saved successfully (1 events)
2026-05-03 12:13:15,959 [INFO:utdquake.bank] Applying QC to 1 events (chunk 20/450)
2026-05-03 12:24:10,046 [INFO:utdquake.bank] Chunk 20/450 saved successfully (1 events)
2026-05-03 12:24:20,208 [INFO:utdquake.bank] Applying QC to 1 events (chunk 21/450)
2026-05-03 12:42:07,128 [INFO:utdquake.bank] Chunk 21/450 saved successfully (1 events)
2026-05-03 12:42:14,831 [INFO:utdquake.bank] Applying QC to 1 events (chunk 22/450)
2026-05-03 12:50:02,508 [INFO:utdquake.bank] Chunk 22/450 saved successfully (1 events)
2026-05-03 12:50:12,077 [INFO:utdquake.bank] Applying QC to 1 events (chunk 23/450)
2026-05-03 13:04:32,830 [INFO:utdquake.bank] Chunk 23/450 saved successfully (1 events)
2026-05-03 13:04:37,862 [INFO:utdquake.bank] Applying QC to 1 events (chunk 24/450)
2026-05-03 13:07:29,413 [INFO:utdquake.bank] Chunk 24/450 saved successfully (1 events)
2026-05-03 13:07:41,842 [INFO:utdquake.bank] Applying QC to 1 events (chunk 25/450)
2026-05-03 13:34:47,424 [INFO:utdquake.bank] Chunk 25/450 saved successfully (1 events)
2026-05-03 13:34:55,273 [INFO:utdquake.bank] Applying QC to 1 events (chunk 26/450)
2026-05-03 13:44:33,551 [INFO:utdquake.bank] Chunk 26/450 saved successfully (1 events)
2026-05-03 13:44:40,351 [INFO:utdquake.bank] Applying QC to 1 events (chunk 27/450)
2026-05-03 13:52:41,016 [INFO:utdquake.bank] Chunk 27/450 saved successfully (1 events)
2026-05-03 13:52:48,818 [INFO:utdquake.bank] Applying QC to 1 events (chunk 28/450)
2026-05-03 14:02:35,509 [INFO:utdquake.bank] Chunk 28/450 saved successfully (1 events)
2026-05-03 14:02:41,837 [INFO:utdquake.bank] Applying QC to 1 events (chunk 29/450)
2026-05-03 14:08:31,048 [INFO:utdquake.bank] Chunk 29/450 saved successfully (1 events)
2026-05-03 14:08:37,360 [INFO:utdquake.bank] Applying QC to 1 events (chunk 30/450)
2026-05-03 14:13:23,784 [INFO:utdquake.bank] Chunk 30/450 saved successfully (1 events)
2026-05-03 14:13:30,773 [INFO:utdquake.bank] Applying QC to 1 events (chunk 31/450)
2026-05-03 14:20:43,308 [INFO:utdquake.bank] Chunk 31/450 saved successfully (1 events)
2026-05-03 14:20:45,672 [INFO:utdquake.bank] Applying QC to 1 events (chunk 32/450)
2026-05-03 14:20:48,386 [INFO:utdquake.bank] Chunk 32/450 saved successfully (1 events)
2026-05-03 14:20:56,411 [INFO:utdquake.bank] Applying QC to 1 events (chunk 33/450)
2026-05-03 14:31:35,887 [INFO:utdquake.bank] Chunk 33/450 saved successfully (1 events)
2026-05-03 14:31:45,189 [INFO:utdquake.bank] Applying QC to 1 events (chunk 34/450)
2026-05-03 14:45:25,683 [INFO:utdquake.bank] Chunk 34/450 saved successfully (1 events)
2026-05-03 14:45:31,960 [INFO:utdquake.bank] Applying QC to 1 events (chunk 35/450)
2026-05-03 14:51:23,252 [INFO:utdquake.bank] Chunk 35/450 saved successfully (1 events)
2026-05-03 14:51:27,984 [INFO:utdquake.bank] Applying QC to 1 events (chunk 36/450)
2026-05-03 14:51:33,239 [INFO:utdquake.bank] Chunk 36/450 saved successfully (1 events)
2026-05-03 14:51:42,487 [INFO:utdquake.bank] Applying QC to 1 events (chunk 37/450)
2026-05-03 15:06:18,616 [INFO:utdquake.bank] Chunk 37/450 saved successfully (1 events)
2026-05-03 15:06:28,517 [INFO:utdquake.bank] Applying QC to 1 events (chunk 38/450)
2026-05-03 15:24:08,384 [INFO:utdquake.bank] Chunk 38/450 saved successfully (1 events)
2026-05-03 15:24:13,237 [INFO:utdquake.bank] Applying QC to 1 events (chunk 39/450)
2026-05-03 15:30:27,391 [INFO:utdquake.bank] Chunk 39/450 saved successfully (1 events)
2026-05-03 15:30:33,999 [INFO:utdquake.bank] Applying QC to 1 events (chunk 40/450)
2026-05-03 15:36:58,827 [INFO:utdquake.bank] Chunk 40/450 saved successfully (1 events)
2026-05-03 15:37:04,592 [INFO:utdquake.bank] Applying QC to 1 events (chunk 41/450)
2026-05-03 15:41:57,921 [INFO:utdquake.bank] Chunk 41/450 saved successfully (1 events)
2026-05-03 15:42:02,257 [INFO:utdquake.bank] Applying QC to 1 events (chunk 42/450)
2026-05-03 15:42:07,177 [INFO:utdquake.bank] Chunk 42/450 saved successfully (1 events)
2026-05-03 15:42:17,161 [INFO:utdquake.bank] Applying QC to 1 events (chunk 43/450)
2026-05-03 15:59:46,454 [INFO:utdquake.bank] Chunk 43/450 saved successfully (1 events)
2026-05-03 15:59:58,457 [INFO:utdquake.bank] Applying QC to 1 events (chunk 44/450)
2026-05-03 16:25:26,938 [INFO:utdquake.bank] Chunk 44/450 saved successfully (1 events)
2026-05-03 16:25:33,983 [INFO:utdquake.bank] Applying QC to 1 events (chunk 45/450)
2026-05-03 16:32:19,648 [INFO:utdquake.bank] Chunk 45/450 saved successfully (1 events)
2026-05-03 16:32:24,111 [INFO:utdquake.bank] Applying QC to 1 events (chunk 46/450)
2026-05-03 16:32:29,324 [INFO:utdquake.bank] Chunk 46/450 saved successfully (1 events)
2026-05-03 16:32:33,661 [INFO:utdquake.bank] Applying QC to 1 events (chunk 47/450)
2026-05-03 16:34:28,696 [INFO:utdquake.bank] Chunk 47/450 saved successfully (1 events)
2026-05-03 16:34:37,425 [INFO:utdquake.bank] Applying QC to 1 events (chunk 48/450)
2026-05-03 16:46:31,393 [INFO:utdquake.bank] Chunk 48/450 saved successfully (1 events)
2026-05-03 16:46:39,247 [INFO:utdquake.bank] Applying QC to 1 events (chunk 49/450)
2026-05-03 16:55:54,349 [INFO:utdquake.bank] Chunk 49/450 saved successfully (1 events)
2026-05-03 16:55:59,089 [INFO:utdquake.bank] Applying QC to 1 events (chunk 50/450)
2026-05-03 16:58:12,656 [INFO:utdquake.bank] Chunk 50/450 saved successfully (1 events)
2026-05-03 16:58:18,576 [INFO:utdquake.bank] Applying QC to 1 events (chunk 51/450)
2026-05-03 17:03:28,748 [INFO:utdquake.bank] Chunk 51/450 saved successfully (1 events)
2026-05-03 17:03:37,247 [INFO:utdquake.bank] Applying QC to 1 events (chunk 52/450)
2026-05-03 17:15:50,314 [INFO:utdquake.bank] Chunk 52/450 saved successfully (1 events)
2026-05-03 17:15:57,654 [INFO:utdquake.bank] Applying QC to 1 events (chunk 53/450)
2026-05-03 17:24:55,023 [INFO:utdquake.bank] Chunk 53/450 saved successfully (1 events)
2026-05-03 17:25:04,151 [INFO:utdquake.bank] Applying QC to 1 events (chunk 54/450)
2026-05-03 17:38:15,971 [INFO:utdquake.bank] Chunk 54/450 saved successfully (1 events)
2026-05-03 17:38:22,932 [INFO:utdquake.bank] Applying QC to 1 events (chunk 55/450)
2026-05-03 17:44:43,320 [INFO:utdquake.bank] Chunk 55/450 saved successfully (1 events)
2026-05-03 17:44:48,769 [INFO:utdquake.bank] Applying QC to 1 events (chunk 56/450)
2026-05-03 17:47:37,798 [INFO:utdquake.bank] Chunk 56/450 saved successfully (1 events)
2026-05-03 17:47:47,917 [INFO:utdquake.bank] Applying QC to 1 events (chunk 57/450)
2026-05-03 18:05:55,642 [INFO:utdquake.bank] Chunk 57/450 saved successfully (1 events)
2026-05-03 18:06:05,269 [INFO:utdquake.bank] Applying QC to 1 events (chunk 58/450)
2026-05-03 18:21:11,530 [INFO:utdquake.bank] Chunk 58/450 saved successfully (1 events)
2026-05-03 18:21:22,886 [INFO:utdquake.bank] Applying QC to 1 events (chunk 59/450)
2026-05-03 18:43:55,598 [INFO:utdquake.bank] Chunk 59/450 saved successfully (1 events)
2026-05-03 18:44:04,129 [INFO:utdquake.bank] Applying QC to 1 events (chunk 60/450)
2026-05-03 18:54:25,033 [INFO:utdquake.bank] Chunk 60/450 saved successfully (1 events)
2026-05-03 18:54:35,118 [INFO:utdquake.bank] Applying QC to 1 events (chunk 61/450)
2026-05-03 19:12:17,855 [INFO:utdquake.bank] Chunk 61/450 saved successfully (1 events)
2026-05-03 19:12:22,719 [INFO:utdquake.bank] Applying QC to 1 events (chunk 62/450)
2026-05-03 19:12:28,868 [INFO:utdquake.bank] Chunk 62/450 saved successfully (1 events)
2026-05-03 19:12:33,971 [INFO:utdquake.bank] Applying QC to 1 events (chunk 63/450)
2026-05-03 19:14:44,030 [INFO:utdquake.bank] Chunk 63/450 saved successfully (1 events)
2026-05-03 19:14:56,814 [INFO:utdquake.bank] Applying QC to 1 events (chunk 64/450)
2026-05-03 19:45:36,936 [INFO:utdquake.bank] Chunk 64/450 saved successfully (1 events)
2026-05-03 19:45:42,186 [INFO:utdquake.bank] Applying QC to 1 events (chunk 65/450)
2026-05-03 19:45:47,299 [INFO:utdquake.bank] Chunk 65/450 saved successfully (1 events)
2026-05-03 19:45:55,901 [INFO:utdquake.bank] Applying QC to 1 events (chunk 66/450)
2026-05-03 19:57:10,798 [INFO:utdquake.bank] Chunk 66/450 saved successfully (1 events)
2026-05-03 19:57:15,817 [INFO:utdquake.bank] Applying QC to 1 events (chunk 67/450)
2026-05-03 20:00:01,618 [INFO:utdquake.bank] Chunk 67/450 saved successfully (1 events)
2026-05-03 20:00:09,211 [INFO:utdquake.bank] Applying QC to 1 events (chunk 68/450)
2026-05-03 20:09:52,546 [INFO:utdquake.bank] Chunk 68/450 saved successfully (1 events)
2026-05-03 20:09:59,801 [INFO:utdquake.bank] Applying QC to 1 events (chunk 69/450)
2026-05-03 20:18:57,423 [INFO:utdquake.bank] Chunk 69/450 saved successfully (1 events)
2026-05-03 20:19:07,361 [INFO:utdquake.bank] Applying QC to 1 events (chunk 70/450)
2026-05-03 20:36:47,576 [INFO:utdquake.bank] Chunk 70/450 saved successfully (1 events)
2026-05-03 20:36:54,811 [INFO:utdquake.bank] Applying QC to 1 events (chunk 71/450)
2026-05-03 20:44:14,237 [INFO:utdquake.bank] Chunk 71/450 saved successfully (1 events)
2026-05-03 20:44:25,355 [INFO:utdquake.bank] Applying QC to 1 events (chunk 72/450)
2026-05-03 21:05:52,136 [INFO:utdquake.bank] Chunk 72/450 saved successfully (1 events)
2026-05-03 21:06:00,463 [INFO:utdquake.bank] Applying QC to 1 events (chunk 73/450)
2026-05-03 21:17:39,178 [INFO:utdquake.bank] Chunk 73/450 saved successfully (1 events)
2026-05-03 21:17:51,635 [INFO:utdquake.bank] Applying QC to 1 events (chunk 74/450)
2026-05-03 21:44:03,024 [INFO:utdquake.bank] Chunk 74/450 saved successfully (1 events)
2026-05-03 21:44:07,553 [INFO:utdquake.bank] Applying QC to 1 events (chunk 75/450)
2026-05-03 21:44:12,888 [INFO:utdquake.bank] Chunk 75/450 saved successfully (1 events)
2026-05-03 21:44:19,407 [INFO:utdquake.bank] Applying QC to 1 events (chunk 76/450)
2026-05-03 21:50:11,399 [INFO:utdquake.bank] Chunk 76/450 saved successfully (1 events)
2026-05-03 21:50:20,593 [INFO:utdquake.bank] Applying QC to 1 events (chunk 77/450)
2026-05-03 22:05:50,298 [INFO:utdquake.bank] Chunk 77/450 saved successfully (1 events)
2026-05-03 22:05:57,584 [INFO:utdquake.bank] Applying QC to 1 events (chunk 78/450)
2026-05-03 22:14:47,219 [INFO:utdquake.bank] Chunk 78/450 saved successfully (1 events)
2026-05-03 22:15:00,010 [INFO:utdquake.bank] Applying QC to 1 events (chunk 79/450)
2026-05-03 22:45:11,394 [INFO:utdquake.bank] Chunk 79/450 saved successfully (1 events)
2026-05-03 22:45:18,587 [INFO:utdquake.bank] Applying QC to 1 events (chunk 80/450)
2026-05-03 22:52:33,773 [INFO:utdquake.bank] Chunk 80/450 saved successfully (1 events)
2026-05-03 22:52:41,187 [INFO:utdquake.bank] Applying QC to 1 events (chunk 81/450)
2026-05-03 23:01:08,538 [INFO:utdquake.bank] Chunk 81/450 saved successfully (1 events)
2026-05-03 23:01:20,008 [INFO:utdquake.bank] Applying QC to 1 events (chunk 82/450)
2026-05-03 23:25:31,736 [INFO:utdquake.bank] Chunk 82/450 saved successfully (1 events)
2026-05-03 23:25:38,659 [INFO:utdquake.bank] Applying QC to 1 events (chunk 83/450)
2026-05-03 23:32:32,653 [INFO:utdquake.bank] Chunk 83/450 saved successfully (1 events)
2026-05-03 23:32:43,412 [INFO:utdquake.bank] Applying QC to 1 events (chunk 84/450)
2026-05-03 23:52:09,186 [INFO:utdquake.bank] Chunk 84/450 saved successfully (1 events)
2026-05-03 23:52:16,648 [INFO:utdquake.bank] Applying QC to 1 events (chunk 85/450)
2026-05-04 00:01:20,265 [INFO:utdquake.bank] Chunk 85/450 saved successfully (1 events)
2026-05-04 00:01:28,542 [INFO:utdquake.bank] Applying QC to 1 events (chunk 86/450)
2026-05-04 00:12:40,626 [INFO:utdquake.bank] Chunk 86/450 saved successfully (1 events)
2026-05-04 00:12:45,280 [INFO:utdquake.bank] Applying QC to 1 events (chunk 87/450)
2026-05-04 00:14:35,050 [INFO:utdquake.bank] Chunk 87/450 saved successfully (1 events)
2026-05-04 00:14:46,092 [INFO:utdquake.bank] Applying QC to 1 events (chunk 88/450)
2026-05-04 00:37:35,246 [INFO:utdquake.bank] Chunk 88/450 saved successfully (1 events)
2026-05-04 00:37:42,865 [INFO:utdquake.bank] Applying QC to 1 events (chunk 89/450)
2026-05-04 00:46:44,051 [INFO:utdquake.bank] Chunk 89/450 saved successfully (1 events)
2026-05-04 00:46:55,525 [INFO:utdquake.bank] Applying QC to 1 events (chunk 90/450)
2026-05-04 01:08:30,487 [INFO:utdquake.bank] Chunk 90/450 saved successfully (1 events)
2026-05-04 01:08:36,548 [INFO:utdquake.bank] Applying QC to 1 events (chunk 91/450)
2026-05-04 01:11:08,049 [INFO:utdquake.bank] Chunk 91/450 saved successfully (1 events)
2026-05-04 01:11:18,275 [INFO:utdquake.bank] Applying QC to 1 events (chunk 92/450)
2026-05-04 01:30:39,626 [INFO:utdquake.bank] Chunk 92/450 saved successfully (1 events)
2026-05-04 01:30:45,226 [INFO:utdquake.bank] Applying QC to 1 events (chunk 93/450)
2026-05-04 01:34:23,780 [INFO:utdquake.bank] Chunk 93/450 saved successfully (1 events)
2026-05-04 01:34:31,649 [INFO:utdquake.bank] Applying QC to 1 events (chunk 94/450)
2026-05-04 01:44:35,376 [INFO:utdquake.bank] Chunk 94/450 saved successfully (1 events)
2026-05-04 01:44:44,043 [INFO:utdquake.bank] Applying QC to 1 events (chunk 95/450)
2026-05-04 01:57:10,951 [INFO:utdquake.bank] Chunk 95/450 saved successfully (1 events)
2026-05-04 01:57:18,771 [INFO:utdquake.bank] Applying QC to 1 events (chunk 96/450)
2026-05-04 02:07:21,630 [INFO:utdquake.bank] Chunk 96/450 saved successfully (1 events)
2026-05-04 02:07:25,896 [INFO:utdquake.bank] Applying QC to 1 events (chunk 97/450)
2026-05-04 02:10:52,238 [INFO:utdquake.bank] Chunk 97/450 saved successfully (1 events)
2026-05-04 02:11:03,365 [INFO:utdquake.bank] Applying QC to 1 events (chunk 98/450)
2026-05-04 02:32:45,413 [INFO:utdquake.bank] Chunk 98/450 saved successfully (1 events)
2026-05-04 02:32:51,006 [INFO:utdquake.bank] Applying QC to 1 events (chunk 99/450)
2026-05-04 02:35:29,982 [INFO:utdquake.bank] Chunk 99/450 saved successfully (1 events)
2026-05-04 02:35:41,850 [INFO:utdquake.bank] Applying QC to 1 events (chunk 100/450)
2026-05-04 03:02:53,833 [INFO:utdquake.bank] Chunk 100/450 saved successfully (1 events)
2026-05-04 03:02:57,762 [INFO:utdquake.bank] Applying QC to 1 events (chunk 101/450)
2026-05-04 03:03:02,181 [INFO:utdquake.bank] Chunk 101/450 saved successfully (1 events)
2026-05-04 03:03:06,289 [INFO:utdquake.bank] Applying QC to 1 events (chunk 102/450)
2026-05-04 03:03:11,313 [INFO:utdquake.bank] Chunk 102/450 saved successfully (1 events)
2026-05-04 03:03:22,565 [INFO:utdquake.bank] Applying QC to 1 events (chunk 103/450)
2026-05-04 03:25:58,840 [INFO:utdquake.bank] Chunk 103/450 saved successfully (1 events)
2026-05-04 03:26:04,962 [INFO:utdquake.bank] Applying QC to 1 events (chunk 104/450)
2026-05-04 03:29:53,708 [INFO:utdquake.bank] Chunk 104/450 saved successfully (1 events)
2026-05-04 03:29:59,414 [INFO:utdquake.bank] Applying QC to 1 events (chunk 105/450)
2026-05-04 03:34:12,431 [INFO:utdquake.bank] Chunk 105/450 saved successfully (1 events)
2026-05-04 03:34:22,533 [INFO:utdquake.bank] Applying QC to 1 events (chunk 106/450)
2026-05-04 03:53:16,391 [INFO:utdquake.bank] Chunk 106/450 saved successfully (1 events)
2026-05-04 03:53:21,257 [INFO:utdquake.bank] Applying QC to 1 events (chunk 107/450)
2026-05-04 03:53:27,167 [INFO:utdquake.bank] Chunk 107/450 saved successfully (1 events)
2026-05-04 03:53:36,739 [INFO:utdquake.bank] Applying QC to 1 events (chunk 108/450)
2026-05-04 04:09:15,723 [INFO:utdquake.bank] Chunk 108/450 saved successfully (1 events)
2026-05-04 04:09:27,759 [INFO:utdquake.bank] Applying QC to 1 events (chunk 109/450)
2026-05-04 04:37:07,381 [INFO:utdquake.bank] Chunk 109/450 saved successfully (1 events)
2026-05-04 04:37:15,258 [INFO:utdquake.bank] Applying QC to 1 events (chunk 110/450)
2026-05-04 04:46:54,810 [INFO:utdquake.bank] Chunk 110/450 saved successfully (1 events)
2026-05-04 04:47:01,859 [INFO:utdquake.bank] Applying QC to 1 events (chunk 111/450)
2026-05-04 04:55:52,525 [INFO:utdquake.bank] Chunk 111/450 saved successfully (1 events)
2026-05-04 04:56:04,844 [INFO:utdquake.bank] Applying QC to 1 events (chunk 112/450)
2026-05-04 05:22:21,363 [INFO:utdquake.bank] Chunk 112/450 saved successfully (1 events)
2026-05-04 05:22:27,136 [INFO:utdquake.bank] Applying QC to 1 events (chunk 113/450)
2026-05-04 05:25:36,058 [INFO:utdquake.bank] Chunk 113/450 saved successfully (1 events)
2026-05-04 05:25:42,751 [INFO:utdquake.bank] Applying QC to 1 events (chunk 114/450)
2026-05-04 05:30:42,635 [INFO:utdquake.bank] Chunk 114/450 saved successfully (1 events)
2026-05-04 05:30:53,821 [INFO:utdquake.bank] Applying QC to 1 events (chunk 115/450)
2026-05-04 05:54:20,383 [INFO:utdquake.bank] Chunk 115/450 saved successfully (1 events)
2026-05-04 05:54:28,483 [INFO:utdquake.bank] Applying QC to 1 events (chunk 116/450)
2026-05-04 06:03:51,543 [INFO:utdquake.bank] Chunk 116/450 saved successfully (1 events)
2026-05-04 06:04:00,836 [INFO:utdquake.bank] Applying QC to 1 events (chunk 117/450)
2026-05-04 06:17:32,538 [INFO:utdquake.bank] Chunk 117/450 saved successfully (1 events)
2026-05-04 06:17:39,670 [INFO:utdquake.bank] Applying QC to 1 events (chunk 118/450)
2026-05-04 06:23:50,738 [INFO:utdquake.bank] Chunk 118/450 saved successfully (1 events)
2026-05-04 06:23:54,233 [INFO:utdquake.bank] Applying QC to 1 events (chunk 119/450)
2026-05-04 06:23:58,343 [INFO:utdquake.bank] Chunk 119/450 saved successfully (1 events)
2026-05-04 06:24:03,151 [INFO:utdquake.bank] Applying QC to 1 events (chunk 120/450)
2026-05-04 06:27:04,317 [INFO:utdquake.bank] Chunk 120/450 saved successfully (1 events)
2026-05-04 06:27:09,462 [INFO:utdquake.bank] Applying QC to 1 events (chunk 121/450)
2026-05-04 06:30:04,883 [INFO:utdquake.bank] Chunk 121/450 saved successfully (1 events)
2026-05-04 06:30:09,112 [INFO:utdquake.bank] Applying QC to 1 events (chunk 122/450)
2026-05-04 06:31:03,295 [INFO:utdquake.bank] Chunk 122/450 saved successfully (1 events)
2026-05-04 06:31:15,866 [INFO:utdquake.bank] Applying QC to 1 events (chunk 123/450)
2026-05-04 06:59:25,316 [INFO:utdquake.bank] Chunk 123/450 saved successfully (1 events)
2026-05-04 06:59:32,500 [INFO:utdquake.bank] Applying QC to 1 events (chunk 124/450)
2026-05-04 07:06:54,551 [INFO:utdquake.bank] Chunk 124/450 saved successfully (1 events)
2026-05-04 07:07:03,326 [INFO:utdquake.bank] Applying QC to 1 events (chunk 125/450)
2026-05-04 07:18:55,678 [INFO:utdquake.bank] Chunk 125/450 saved successfully (1 events)
2026-05-04 07:19:03,666 [INFO:utdquake.bank] Applying QC to 1 events (chunk 126/450)
2026-05-04 07:29:09,854 [INFO:utdquake.bank] Chunk 126/450 saved successfully (1 events)
2026-05-04 07:29:14,198 [INFO:utdquake.bank] Applying QC to 1 events (chunk 127/450)
2026-05-04 07:31:19,020 [INFO:utdquake.bank] Chunk 127/450 saved successfully (1 events)
2026-05-04 07:31:30,876 [INFO:utdquake.bank] Applying QC to 1 events (chunk 128/450)
2026-05-04 07:56:43,543 [INFO:utdquake.bank] Chunk 128/450 saved successfully (1 events)
2026-05-04 07:56:49,857 [INFO:utdquake.bank] Applying QC to 1 events (chunk 129/450)
2026-05-04 08:01:52,655 [INFO:utdquake.bank] Chunk 129/450 saved successfully (1 events)
2026-05-04 08:02:00,257 [INFO:utdquake.bank] Applying QC to 1 events (chunk 130/450)
2026-05-04 08:10:59,779 [INFO:utdquake.bank] Chunk 130/450 saved successfully (1 events)
2026-05-04 08:11:04,466 [INFO:utdquake.bank] Applying QC to 1 events (chunk 131/450)
2026-05-04 08:11:09,959 [INFO:utdquake.bank] Chunk 131/450 saved successfully (1 events)
2026-05-04 08:11:16,958 [INFO:utdquake.bank] Applying QC to 1 events (chunk 132/450)
2026-05-04 08:17:26,736 [INFO:utdquake.bank] Chunk 132/450 saved successfully (1 events)
2026-05-04 08:17:38,777 [INFO:utdquake.bank] Applying QC to 1 events (chunk 133/450)
2026-05-04 08:43:35,323 [INFO:utdquake.bank] Chunk 133/450 saved successfully (1 events)
2026-05-04 08:43:41,933 [INFO:utdquake.bank] Applying QC to 1 events (chunk 134/450)
2026-05-04 08:49:33,188 [INFO:utdquake.bank] Chunk 134/450 saved successfully (1 events)
2026-05-04 08:49:45,443 [INFO:utdquake.bank] Applying QC to 1 events (chunk 135/450)
2026-05-04 09:17:08,256 [INFO:utdquake.bank] Chunk 135/450 saved successfully (1 events)
2026-05-04 09:17:14,294 [INFO:utdquake.bank] Applying QC to 1 events (chunk 136/450)
2026-05-04 09:21:25,173 [INFO:utdquake.bank] Chunk 136/450 saved successfully (1 events)
2026-05-04 09:21:34,212 [INFO:utdquake.bank] Applying QC to 1 events (chunk 137/450)
2026-05-04 09:34:58,416 [INFO:utdquake.bank] Chunk 137/450 saved successfully (1 events)
2026-05-04 09:35:06,111 [INFO:utdquake.bank] Applying QC to 1 events (chunk 138/450)
2026-05-04 09:46:21,871 [INFO:utdquake.bank] Chunk 138/450 saved successfully (1 events)
2026-05-04 09:46:30,727 [INFO:utdquake.bank] Applying QC to 1 events (chunk 139/450)
2026-05-04 09:58:59,597 [INFO:utdquake.bank] Chunk 139/450 saved successfully (1 events)
2026-05-04 09:59:11,147 [INFO:utdquake.bank] Applying QC to 1 events (chunk 140/450)
2026-05-04 10:23:28,592 [INFO:utdquake.bank] Chunk 140/450 saved successfully (1 events)
2026-05-04 10:23:32,666 [INFO:utdquake.bank] Applying QC to 1 events (chunk 141/450)
2026-05-04 10:23:36,957 [INFO:utdquake.bank] Chunk 141/450 saved successfully (1 events)
2026-05-04 10:23:45,146 [INFO:utdquake.bank] Applying QC to 1 events (chunk 142/450)
2026-05-04 10:33:13,823 [INFO:utdquake.bank] Chunk 142/450 saved successfully (1 events)
2026-05-04 10:33:22,503 [INFO:utdquake.bank] Applying QC to 1 events (chunk 143/450)
2026-05-04 10:44:46,153 [INFO:utdquake.bank] Chunk 143/450 saved successfully (1 events)
2026-05-04 10:44:52,827 [INFO:utdquake.bank] Applying QC to 1 events (chunk 144/450)
2026-05-04 10:51:50,189 [INFO:utdquake.bank] Chunk 144/450 saved successfully (1 events)
2026-05-04 10:51:52,885 [INFO:utdquake.bank] Applying QC to 1 events (chunk 145/450)
2026-05-04 10:51:55,642 [INFO:utdquake.bank] Chunk 145/450 saved successfully (1 events)
2026-05-04 10:52:06,427 [INFO:utdquake.bank] Applying QC to 1 events (chunk 146/450)
2026-05-04 11:13:37,424 [INFO:utdquake.bank] Chunk 146/450 saved successfully (1 events)
2026-05-04 11:13:41,632 [INFO:utdquake.bank] Applying QC to 1 events (chunk 147/450)
2026-05-04 11:13:46,376 [INFO:utdquake.bank] Chunk 147/450 saved successfully (1 events)
2026-05-04 11:13:47,777 [INFO:utdquake.bank] Applying QC to 1 events (chunk 148/450)
2026-05-04 11:13:49,077 [INFO:utdquake.bank] Chunk 148/450 saved successfully (1 events)
2026-05-04 11:13:52,968 [INFO:utdquake.bank] Applying QC to 1 events (chunk 149/450)
2026-05-04 11:13:57,425 [INFO:utdquake.bank] Chunk 149/450 saved successfully (1 events)
2026-05-04 11:14:01,934 [INFO:utdquake.bank] Applying QC to 1 events (chunk 150/450)
2026-05-04 11:15:58,508 [INFO:utdquake.bank] Chunk 150/450 saved successfully (1 events)
2026-05-04 11:16:08,149 [INFO:utdquake.bank] Applying QC to 1 events (chunk 151/450)
2026-05-04 11:32:18,154 [INFO:utdquake.bank] Chunk 151/450 saved successfully (1 events)
2026-05-04 11:32:23,863 [INFO:utdquake.bank] Applying QC to 1 events (chunk 152/450)
2026-05-04 11:35:45,899 [INFO:utdquake.bank] Chunk 152/450 saved successfully (1 events)
2026-05-04 11:35:53,403 [INFO:utdquake.bank] Applying QC to 1 events (chunk 153/450)
2026-05-04 11:43:56,657 [INFO:utdquake.bank] Chunk 153/450 saved successfully (1 events)
2026-05-04 11:44:08,753 [INFO:utdquake.bank] Applying QC to 1 events (chunk 154/450)
2026-05-04 12:13:22,921 [INFO:utdquake.bank] Chunk 154/450 saved successfully (1 events)
2026-05-04 12:13:33,822 [INFO:utdquake.bank] Applying QC to 1 events (chunk 155/450)
2026-05-04 12:32:53,487 [INFO:utdquake.bank] Chunk 155/450 saved successfully (1 events)
2026-05-04 12:32:59,268 [INFO:utdquake.bank] Applying QC to 1 events (chunk 156/450)
2026-05-04 12:38:20,752 [INFO:utdquake.bank] Chunk 156/450 saved successfully (1 events)
2026-05-04 12:38:31,968 [INFO:utdquake.bank] Applying QC to 1 events (chunk 157/450)
2026-05-04 12:57:59,273 [INFO:utdquake.bank] Chunk 157/450 saved successfully (1 events)
2026-05-04 12:58:02,332 [INFO:utdquake.bank] Applying QC to 1 events (chunk 158/450)
2026-05-04 12:58:05,671 [INFO:utdquake.bank] Chunk 158/450 saved successfully (1 events)
2026-05-04 12:58:11,807 [INFO:utdquake.bank] Applying QC to 1 events (chunk 159/450)
2026-05-04 13:03:17,839 [INFO:utdquake.bank] Chunk 159/450 saved successfully (1 events)
2026-05-04 13:03:23,664 [INFO:utdquake.bank] Applying QC to 1 events (chunk 160/450)
2026-05-04 13:07:14,312 [INFO:utdquake.bank] Chunk 160/450 saved successfully (1 events)
2026-05-04 13:07:25,807 [INFO:utdquake.bank] Applying QC to 1 events (chunk 161/450)
2026-05-04 13:31:01,532 [INFO:utdquake.bank] Chunk 161/450 saved successfully (1 events)
2026-05-04 13:31:12,861 [INFO:utdquake.bank] Applying QC to 1 events (chunk 162/450)
2026-05-04 13:55:10,244 [INFO:utdquake.bank] Chunk 162/450 saved successfully (1 events)
2026-05-04 13:55:19,695 [INFO:utdquake.bank] Applying QC to 1 events (chunk 163/450)
2026-05-04 14:09:12,395 [INFO:utdquake.bank] Chunk 163/450 saved successfully (1 events)
2026-05-04 14:09:17,631 [INFO:utdquake.bank] Applying QC to 1 events (chunk 164/450)
2026-05-04 14:11:57,479 [INFO:utdquake.bank] Chunk 164/450 saved successfully (1 events)
2026-05-04 14:12:06,577 [INFO:utdquake.bank] Applying QC to 1 events (chunk 165/450)
2026-05-04 14:26:33,076 [INFO:utdquake.bank] Chunk 165/450 saved successfully (1 events)
2026-05-04 14:26:41,449 [INFO:utdquake.bank] Applying QC to 1 events (chunk 166/450)
2026-05-04 14:38:35,162 [INFO:utdquake.bank] Chunk 166/450 saved successfully (1 events)
2026-05-04 14:38:39,432 [INFO:utdquake.bank] Applying QC to 1 events (chunk 167/450)
2026-05-04 14:39:47,869 [INFO:utdquake.bank] Chunk 167/450 saved successfully (1 events)
2026-05-04 14:39:51,812 [INFO:utdquake.bank] Applying QC to 1 events (chunk 168/450)
2026-05-04 14:40:28,750 [INFO:utdquake.bank] Chunk 168/450 saved successfully (1 events)
2026-05-04 14:40:37,729 [INFO:utdquake.bank] Applying QC to 1 events (chunk 169/450)
2026-05-04 14:54:05,018 [INFO:utdquake.bank] Chunk 169/450 saved successfully (1 events)
2026-05-04 14:54:16,593 [INFO:utdquake.bank] Applying QC to 1 events (chunk 170/450)
2026-05-04 15:18:42,422 [INFO:utdquake.bank] Chunk 170/450 saved successfully (1 events)
2026-05-04 15:18:54,277 [INFO:utdquake.bank] Applying QC to 1 events (chunk 171/450)
2026-05-04 15:42:00,757 [INFO:utdquake.bank] Chunk 171/450 saved successfully (1 events)
2026-05-04 15:42:13,042 [INFO:utdquake.bank] Applying QC to 1 events (chunk 172/450)
2026-05-04 16:10:03,462 [INFO:utdquake.bank] Chunk 172/450 saved successfully (1 events)
2026-05-04 16:10:15,807 [INFO:utdquake.bank] Applying QC to 1 events (chunk 173/450)
2026-05-04 16:36:02,313 [INFO:utdquake.bank] Chunk 173/450 saved successfully (1 events)
2026-05-04 16:36:13,113 [INFO:utdquake.bank] Applying QC to 1 events (chunk 174/450)
2026-05-04 16:57:34,683 [INFO:utdquake.bank] Chunk 174/450 saved successfully (1 events)
2026-05-04 16:57:47,284 [INFO:utdquake.bank] Applying QC to 1 events (chunk 175/450)
2026-05-04 17:24:48,590 [INFO:utdquake.bank] Chunk 175/450 saved successfully (1 events)
2026-05-04 17:24:54,076 [INFO:utdquake.bank] Applying QC to 1 events (chunk 176/450)
2026-05-04 17:28:56,183 [INFO:utdquake.bank] Chunk 176/450 saved successfully (1 events)
2026-05-04 17:29:05,173 [INFO:utdquake.bank] Applying QC to 1 events (chunk 177/450)
2026-05-04 17:43:46,440 [INFO:utdquake.bank] Chunk 177/450 saved successfully (1 events)
2026-05-04 17:43:59,664 [INFO:utdquake.bank] Applying QC to 1 events (chunk 178/450)
2026-05-04 18:14:32,627 [INFO:utdquake.bank] Chunk 178/450 saved successfully (1 events)
2026-05-04 18:14:37,730 [INFO:utdquake.bank] Applying QC to 1 events (chunk 179/450)
2026-05-04 18:14:45,172 [INFO:utdquake.bank] Chunk 179/450 saved successfully (1 events)
2026-05-04 18:14:55,166 [INFO:utdquake.bank] Applying QC to 1 events (chunk 180/450)
2026-05-04 18:32:17,530 [INFO:utdquake.bank] Chunk 180/450 saved successfully (1 events)
2026-05-04 18:32:24,840 [INFO:utdquake.bank] Applying QC to 1 events (chunk 181/450)
2026-05-04 18:39:55,642 [INFO:utdquake.bank] Chunk 181/450 saved successfully (1 events)
2026-05-04 18:40:02,270 [INFO:utdquake.bank] Applying QC to 1 events (chunk 182/450)
2026-05-04 18:46:03,587 [INFO:utdquake.bank] Chunk 182/450 saved successfully (1 events)
2026-05-04 18:46:08,887 [INFO:utdquake.bank] Applying QC to 1 events (chunk 183/450)
2026-05-04 18:46:16,112 [INFO:utdquake.bank] Chunk 183/450 saved successfully (1 events)
2026-05-04 18:46:25,034 [INFO:utdquake.bank] Applying QC to 1 events (chunk 184/450)
2026-05-04 18:58:22,910 [INFO:utdquake.bank] Chunk 184/450 saved successfully (1 events)
2026-05-04 18:58:34,836 [INFO:utdquake.bank] Applying QC to 1 events (chunk 185/450)
2026-05-04 19:22:16,300 [INFO:utdquake.bank] Chunk 185/450 saved successfully (1 events)
2026-05-04 19:22:28,798 [INFO:utdquake.bank] Applying QC to 1 events (chunk 186/450)
2026-05-04 19:48:59,082 [INFO:utdquake.bank] Chunk 186/450 saved successfully (1 events)
2026-05-04 19:49:09,957 [INFO:utdquake.bank] Applying QC to 1 events (chunk 187/450)
2026-05-04 20:08:00,464 [INFO:utdquake.bank] Chunk 187/450 saved successfully (1 events)
2026-05-04 20:08:08,516 [INFO:utdquake.bank] Applying QC to 1 events (chunk 188/450)
2026-05-04 20:17:26,510 [INFO:utdquake.bank] Chunk 188/450 saved successfully (1 events)
2026-05-04 20:17:34,387 [INFO:utdquake.bank] Applying QC to 1 events (chunk 189/450)
2026-05-04 20:27:25,174 [INFO:utdquake.bank] Chunk 189/450 saved successfully (1 events)
2026-05-04 20:27:32,389 [INFO:utdquake.bank] Applying QC to 1 events (chunk 190/450)
2026-05-04 20:33:10,210 [INFO:utdquake.bank] Chunk 190/450 saved successfully (1 events)
2026-05-04 20:33:22,315 [INFO:utdquake.bank] Applying QC to 1 events (chunk 191/450)
2026-05-04 20:56:57,809 [INFO:utdquake.bank] Chunk 191/450 saved successfully (1 events)
2026-05-04 20:57:02,177 [INFO:utdquake.bank] Applying QC to 1 events (chunk 192/450)
2026-05-04 20:59:17,209 [INFO:utdquake.bank] Chunk 192/450 saved successfully (1 events)
2026-05-04 20:59:20,488 [INFO:utdquake.bank] Applying QC to 1 events (chunk 193/450)
2026-05-04 20:59:23,980 [INFO:utdquake.bank] Chunk 193/450 saved successfully (1 events)
2026-05-04 20:59:34,820 [INFO:utdquake.bank] Applying QC to 1 events (chunk 194/450)
2026-05-04 21:21:05,252 [INFO:utdquake.bank] Chunk 194/450 saved successfully (1 events)
2026-05-04 21:21:17,282 [INFO:utdquake.bank] Applying QC to 1 events (chunk 195/450)
2026-05-04 21:48:47,412 [INFO:utdquake.bank] Chunk 195/450 saved successfully (1 events)
2026-05-04 21:48:52,351 [INFO:utdquake.bank] Applying QC to 1 events (chunk 196/450)
2026-05-04 21:52:27,027 [INFO:utdquake.bank] Chunk 196/450 saved successfully (1 events)
2026-05-04 21:52:35,318 [INFO:utdquake.bank] Applying QC to 1 events (chunk 197/450)
2026-05-04 22:04:04,424 [INFO:utdquake.bank] Chunk 197/450 saved successfully (1 events)
2026-05-04 22:04:09,331 [INFO:utdquake.bank] Applying QC to 1 events (chunk 198/450)
2026-05-04 22:04:15,848 [INFO:utdquake.bank] Chunk 198/450 saved successfully (1 events)
2026-05-04 22:04:27,933 [INFO:utdquake.bank] Applying QC to 1 events (chunk 199/450)
2026-05-04 22:31:46,896 [INFO:utdquake.bank] Chunk 199/450 saved successfully (1 events)
2026-05-04 22:31:53,459 [INFO:utdquake.bank] Applying QC to 1 events (chunk 200/450)
2026-05-04 22:36:04,943 [INFO:utdquake.bank] Chunk 200/450 saved successfully (1 events)
2026-05-04 22:36:13,242 [INFO:utdquake.bank] Applying QC to 1 events (chunk 201/450)
2026-05-04 22:47:29,129 [INFO:utdquake.bank] Chunk 201/450 saved successfully (1 events)
2026-05-04 22:47:36,258 [INFO:utdquake.bank] Applying QC to 1 events (chunk 202/450)
2026-05-04 22:56:30,829 [INFO:utdquake.bank] Chunk 202/450 saved successfully (1 events)
2026-05-04 22:56:34,878 [INFO:utdquake.bank] Applying QC to 1 events (chunk 203/450)
2026-05-04 22:56:40,426 [INFO:utdquake.bank] Chunk 203/450 saved successfully (1 events)
2026-05-04 22:56:46,545 [INFO:utdquake.bank] Applying QC to 1 events (chunk 204/450)
2026-05-04 23:02:33,013 [INFO:utdquake.bank] Chunk 204/450 saved successfully (1 events)
2026-05-04 23:02:42,544 [INFO:utdquake.bank] Applying QC to 1 events (chunk 205/450)
2026-05-04 23:18:39,393 [INFO:utdquake.bank] Chunk 205/450 saved successfully (1 events)
2026-05-04 23:18:48,369 [INFO:utdquake.bank] Applying QC to 1 events (chunk 206/450)
2026-05-04 23:32:29,620 [INFO:utdquake.bank] Chunk 206/450 saved successfully (1 events)
2026-05-04 23:32:36,225 [INFO:utdquake.bank] Applying QC to 1 events (chunk 207/450)
2026-05-04 23:39:34,260 [INFO:utdquake.bank] Chunk 207/450 saved successfully (1 events)
2026-05-04 23:39:41,858 [INFO:utdquake.bank] Applying QC to 1 events (chunk 208/450)
2026-05-04 23:48:57,709 [INFO:utdquake.bank] Chunk 208/450 saved successfully (1 events)
2026-05-04 23:49:03,125 [INFO:utdquake.bank] Applying QC to 1 events (chunk 209/450)
2026-05-04 23:51:43,022 [INFO:utdquake.bank] Chunk 209/450 saved successfully (1 events)
2026-05-04 23:51:54,755 [INFO:utdquake.bank] Applying QC to 1 events (chunk 210/450)
2026-05-05 00:16:55,295 [INFO:utdquake.bank] Chunk 210/450 saved successfully (1 events)
2026-05-05 00:17:01,125 [INFO:utdquake.bank] Applying QC to 1 events (chunk 211/450)
2026-05-05 00:19:07,727 [INFO:utdquake.bank] Chunk 211/450 saved successfully (1 events)
2026-05-05 00:19:16,231 [INFO:utdquake.bank] Applying QC to 1 events (chunk 212/450)
2026-05-05 00:31:13,949 [INFO:utdquake.bank] Chunk 212/450 saved successfully (1 events)
2026-05-05 00:31:18,504 [INFO:utdquake.bank] Applying QC to 1 events (chunk 213/450)
2026-05-05 00:32:37,067 [INFO:utdquake.bank] Chunk 213/450 saved successfully (1 events)
2026-05-05 00:32:45,695 [INFO:utdquake.bank] Applying QC to 1 events (chunk 214/450)
2026-05-05 00:44:13,795 [INFO:utdquake.bank] Chunk 214/450 saved successfully (1 events)
2026-05-05 00:44:25,634 [INFO:utdquake.bank] Applying QC to 1 events (chunk 215/450)
2026-05-05 01:07:35,477 [INFO:utdquake.bank] Chunk 215/450 saved successfully (1 events)
2026-05-05 01:07:43,726 [INFO:utdquake.bank] Applying QC to 1 events (chunk 216/450)
2026-05-05 01:15:52,420 [INFO:utdquake.bank] Chunk 216/450 saved successfully (1 events)
2026-05-05 01:16:01,309 [INFO:utdquake.bank] Applying QC to 1 events (chunk 217/450)
2026-05-05 01:27:18,273 [INFO:utdquake.bank] Chunk 217/450 saved successfully (1 events)
2026-05-05 01:27:24,838 [INFO:utdquake.bank] Applying QC to 1 events (chunk 218/450)
2026-05-05 01:33:12,643 [INFO:utdquake.bank] Chunk 218/450 saved successfully (1 events)
2026-05-05 01:33:25,567 [INFO:utdquake.bank] Applying QC to 1 events (chunk 219/450)
2026-05-05 02:05:10,312 [INFO:utdquake.bank] Chunk 219/450 saved successfully (1 events)
2026-05-05 02:05:17,747 [INFO:utdquake.bank] Applying QC to 1 events (chunk 220/450)
2026-05-05 02:12:26,516 [INFO:utdquake.bank] Chunk 220/450 saved successfully (1 events)
2026-05-05 02:12:34,757 [INFO:utdquake.bank] Applying QC to 1 events (chunk 221/450)
2026-05-05 02:24:51,157 [INFO:utdquake.bank] Chunk 221/450 saved successfully (1 events)
2026-05-05 02:24:58,046 [INFO:utdquake.bank] Applying QC to 1 events (chunk 222/450)
2026-05-05 02:31:52,618 [INFO:utdquake.bank] Chunk 222/450 saved successfully (1 events)
2026-05-05 02:32:01,923 [INFO:utdquake.bank] Applying QC to 1 events (chunk 223/450)
2026-05-05 02:44:44,811 [INFO:utdquake.bank] Chunk 223/450 saved successfully (1 events)
2026-05-05 02:44:49,262 [INFO:utdquake.bank] Applying QC to 1 events (chunk 224/450)
2026-05-05 02:44:55,068 [INFO:utdquake.bank] Chunk 224/450 saved successfully (1 events)
2026-05-05 02:45:07,364 [INFO:utdquake.bank] Applying QC to 1 events (chunk 225/450)
2026-05-05 03:15:51,334 [INFO:utdquake.bank] Chunk 225/450 saved successfully (1 events)
2026-05-05 03:16:01,108 [INFO:utdquake.bank] Applying QC to 1 events (chunk 226/450)
2026-05-05 03:33:25,068 [INFO:utdquake.bank] Chunk 226/450 saved successfully (1 events)
2026-05-05 03:33:31,232 [INFO:utdquake.bank] Applying QC to 1 events (chunk 227/450)
2026-05-05 03:36:05,058 [INFO:utdquake.bank] Chunk 227/450 saved successfully (1 events)
2026-05-05 03:36:13,520 [INFO:utdquake.bank] Applying QC to 1 events (chunk 228/450)
2026-05-05 03:48:08,072 [INFO:utdquake.bank] Chunk 228/450 saved successfully (1 events)
2026-05-05 03:48:19,499 [INFO:utdquake.bank] Applying QC to 1 events (chunk 229/450)
2026-05-05 04:10:51,029 [INFO:utdquake.bank] Chunk 229/450 saved successfully (1 events)
2026-05-05 04:11:00,753 [INFO:utdquake.bank] Applying QC to 1 events (chunk 230/450)
2026-05-05 04:23:45,478 [INFO:utdquake.bank] Chunk 230/450 saved successfully (1 events)
2026-05-05 04:23:51,275 [INFO:utdquake.bank] Applying QC to 1 events (chunk 231/450)
2026-05-05 04:26:16,591 [INFO:utdquake.bank] Chunk 231/450 saved successfully (1 events)
2026-05-05 04:26:21,609 [INFO:utdquake.bank] Applying QC to 1 events (chunk 232/450)
2026-05-05 04:26:28,514 [INFO:utdquake.bank] Chunk 232/450 saved successfully (1 events)
2026-05-05 04:26:35,113 [INFO:utdquake.bank] Applying QC to 1 events (chunk 233/450)
2026-05-05 04:32:39,985 [INFO:utdquake.bank] Chunk 233/450 saved successfully (1 events)
2026-05-05 04:32:48,949 [INFO:utdquake.bank] Applying QC to 1 events (chunk 234/450)
2026-05-05 04:47:07,009 [INFO:utdquake.bank] Chunk 234/450 saved successfully (1 events)
2026-05-05 04:47:17,492 [INFO:utdquake.bank] Applying QC to 1 events (chunk 235/450)
2026-05-05 05:07:01,896 [INFO:utdquake.bank] Chunk 235/450 saved successfully (1 events)
2026-05-05 05:07:14,066 [INFO:utdquake.bank] Applying QC to 1 events (chunk 236/450)
2026-05-05 05:32:27,228 [INFO:utdquake.bank] Chunk 236/450 saved successfully (1 events)
2026-05-05 05:32:36,810 [INFO:utdquake.bank] Applying QC to 1 events (chunk 237/450)
2026-05-05 05:49:30,287 [INFO:utdquake.bank] Chunk 237/450 saved successfully (1 events)
2026-05-05 05:49:40,217 [INFO:utdquake.bank] Applying QC to 1 events (chunk 238/450)
2026-05-05 06:04:20,957 [INFO:utdquake.bank] Chunk 238/450 saved successfully (1 events)
2026-05-05 06:04:33,753 [INFO:utdquake.bank] Applying QC to 1 events (chunk 239/450)
2026-05-05 06:35:58,582 [INFO:utdquake.bank] Chunk 239/450 saved successfully (1 events)
2026-05-05 06:36:04,386 [INFO:utdquake.bank] Applying QC to 1 events (chunk 240/450)
2026-05-05 06:39:52,668 [INFO:utdquake.bank] Chunk 240/450 saved successfully (1 events)
2026-05-05 06:39:57,372 [INFO:utdquake.bank] Applying QC to 1 events (chunk 241/450)
2026-05-05 06:40:03,458 [INFO:utdquake.bank] Chunk 241/450 saved successfully (1 events)
2026-05-05 06:40:07,488 [INFO:utdquake.bank] Applying QC to 1 events (chunk 242/450)
2026-05-05 06:40:12,135 [INFO:utdquake.bank] Chunk 242/450 saved successfully (1 events)
2026-05-05 06:40:18,709 [INFO:utdquake.bank] Applying QC to 1 events (chunk 243/450)
2026-05-05 06:46:58,448 [INFO:utdquake.bank] Chunk 243/450 saved successfully (1 events)
2026-05-05 06:47:04,255 [INFO:utdquake.bank] Applying QC to 1 events (chunk 244/450)
2026-05-05 06:49:40,242 [INFO:utdquake.bank] Chunk 244/450 saved successfully (1 events)
2026-05-05 06:49:48,856 [INFO:utdquake.bank] Applying QC to 1 events (chunk 245/450)
2026-05-05 07:02:24,082 [INFO:utdquake.bank] Chunk 245/450 saved successfully (1 events)
2026-05-05 07:02:28,261 [INFO:utdquake.bank] Applying QC to 1 events (chunk 246/450)
2026-05-05 07:02:33,722 [INFO:utdquake.bank] Chunk 246/450 saved successfully (1 events)
2026-05-05 07:02:45,385 [INFO:utdquake.bank] Applying QC to 1 events (chunk 247/450)
2026-05-05 07:27:08,130 [INFO:utdquake.bank] Chunk 247/450 saved successfully (1 events)
2026-05-05 07:27:16,711 [INFO:utdquake.bank] Applying QC to 1 events (chunk 248/450)
2026-05-05 07:36:43,530 [INFO:utdquake.bank] Chunk 248/450 saved successfully (1 events)
2026-05-05 07:36:53,863 [INFO:utdquake.bank] Applying QC to 1 events (chunk 249/450)
2026-05-05 07:55:42,423 [INFO:utdquake.bank] Chunk 249/450 saved successfully (1 events)
2026-05-05 07:55:54,517 [INFO:utdquake.bank] Applying QC to 1 events (chunk 250/450)
2026-05-05 08:21:09,655 [INFO:utdquake.bank] Chunk 250/450 saved successfully (1 events)
2026-05-05 08:21:16,696 [INFO:utdquake.bank] Applying QC to 1 events (chunk 251/450)
2026-05-05 08:27:49,951 [INFO:utdquake.bank] Chunk 251/450 saved successfully (1 events)
2026-05-05 08:27:53,745 [INFO:utdquake.bank] Applying QC to 1 events (chunk 252/450)
2026-05-05 08:27:57,971 [INFO:utdquake.bank] Chunk 252/450 saved successfully (1 events)
2026-05-05 08:28:07,530 [INFO:utdquake.bank] Applying QC to 1 events (chunk 253/450)
slurmstepd-c-05-01: error: *** JOB 187496 ON c-05-01 CANCELLED AT 2026-05-05T08:42:53 DUE TO TIME LIMIT ***
