INFO:root:Exporting bank 'AEIC'...
INFO:root:Exporting bank 'AFAD'...
INFO:root:Exporting bank 'ANF'...
INFO:root:Exporting bank 'ATH'...
INFO:root:Exporting bank 'AUST'...
INFO:root:Exporting bank 'BEO'...
INFO:root:Exporting bank 'BER'...
INFO:root:Exporting bank 'BGS'...
INFO:root:Exporting bank 'BUC'...
INFO:root:Exporting bank 'BYKL'...
INFO:root:Exporting bank 'CATAC'...
INFO:root:Exporting bank 'CNRM'...
INFO:root:Exporting bank 'DJA'...
INFO:root:Exporting bank 'EAF'...
INFO:root:Exporting bank 'ECX'...
INFO:root:Exporting bank 'EST'...
INFO:root:Exporting bank 'ETH'...
INFO:root:Exporting bank 'FUNV'...
INFO:root:Exporting bank 'GCG'...
INFO:root:Exporting bank 'GEOFON'...
INFO:root:Exporting bank 'GFZ'...
INFO:root:Exporting bank 'GII'...
INFO:root:Exporting bank 'HEL'...
INFO:root:Exporting bank 'IDC'...
INFO:root:Exporting bank 'IGQ'...
INFO:root:Exporting bank 'INET'...
INFO:root:Exporting bank 'INMG'...
INFO:root:Exporting bank 'IPGP'...
INFO:root:Exporting bank 'ISC'...
INFO:root:Exporting bank 'ISK'...
INFO:root:Exporting bank 'ISN'...
INFO:root:Exporting bank 'JAPAN'...
INFO:utdquake.export.parquet:Found 5000 events.
INFO:utdquake.export.parquet:Processing chunk of 5000 events.
INFO:utdquake.export.parquet:Found 959 events.
INFO:utdquake.export.parquet:Processing chunk of 959 events.
INFO:utdquake.export.parquet:Found 2006 events.
INFO:utdquake.export.parquet:Processing chunk of 2006 events.
INFO:utdquake.export.parquet:Found 2298 events.
INFO:utdquake.export.parquet:Processing chunk of 2298 events.
INFO:utdquake.export.parquet:Found 2488 events.
INFO:utdquake.export.parquet:Processing chunk of 2488 events.
INFO:utdquake.export.parquet:Found 2981 events.
INFO:utdquake.export.parquet:Processing chunk of 2981 events.
INFO:utdquake.export.parquet:Found 4065 events.
INFO:utdquake.export.parquet:Processing chunk of 4065 events.
INFO:utdquake.export.parquet:Found 4557 events.
INFO:utdquake.export.parquet:Processing chunk of 4557 events.
INFO:utdquake.export.parquet:Found 5000 events.
INFO:utdquake.export.parquet:Processing chunk of 5000 events.
INFO:utdquake.export.parquet:Found 5000 events.
INFO:utdquake.export.parquet:Processing chunk of 5000 events.
INFO:utdquake.export.parquet:Found 5000 events.
INFO:utdquake.export.parquet:Processing chunk of 5000 events.
INFO:utdquake.export.parquet:Found 5000 events.
INFO:utdquake.export.parquet:Processing chunk of 5000 events.
INFO:utdquake.export.parquet:Found 5000 events.
INFO:utdquake.export.parquet:Processing chunk of 5000 events.
INFO:utdquake.export.parquet:Found 5000 events.
INFO:utdquake.export.parquet:Processing chunk of 5000 events.
INFO:utdquake.export.parquet:Found 5000 events.
INFO:utdquake.export.parquet:Processing chunk of 5000 events.
INFO:utdquake.export.parquet:Found 5000 events.
INFO:utdquake.export.parquet:Processing chunk of 5000 events.
INFO:utdquake.export.parquet:Found 5000 events.
INFO:utdquake.export.parquet:Processing chunk of 5000 events.
INFO:utdquake.export.parquet:Found 5000 events.
INFO:utdquake.export.parquet:Processing chunk of 5000 events.
INFO:utdquake.export.parquet:Found 5000 events.
INFO:utdquake.export.parquet:Processing chunk of 5000 events.
INFO:utdquake.export.parquet:Found 5000 events.
INFO:utdquake.export.parquet:Processing chunk of 5000 events.
INFO:utdquake.export.parquet:Found 5000 events.
INFO:utdquake.export.parquet:Processing chunk of 5000 events.
INFO:utdquake.export.parquet:Found 5000 events.
INFO:utdquake.export.parquet:Processing chunk of 5000 events.
INFO:utdquake.export.parquet:Found 5000 events.
INFO:utdquake.export.parquet:Processing chunk of 5000 events.
INFO:utdquake.export.parquet:Found 5000 events.
INFO:utdquake.export.parquet:Processing chunk of 5000 events.
INFO:utdquake.export.parquet:Found 5000 events.
INFO:utdquake.export.parquet:Processing chunk of 5000 events.
INFO:utdquake.export.parquet:Found 5000 events.
INFO:utdquake.export.parquet:Processing chunk of 5000 events.
INFO:utdquake.export.parquet:Found 5000 events.
INFO:utdquake.export.parquet:Processing chunk of 5000 events.
INFO:utdquake.export.parquet:Found 5000 events.
INFO:utdquake.export.parquet:Processing chunk of 5000 events.
INFO:utdquake.export.parquet:Found 5000 events.
INFO:utdquake.export.parquet:Processing chunk of 5000 events.
INFO:utdquake.export.parquet:Found 5000 events.
INFO:utdquake.export.parquet:Processing chunk of 5000 events.
INFO:utdquake.export.parquet:Found 5000 events.
INFO:utdquake.export.parquet:Processing chunk of 5000 events.
INFO:utdquake.export.parquet:Export complete. Running duplicate verification.
INFO:utdquake.export.parquet:Export verified successfully.
INFO:root:Bank 'IGQ' exported successfully.
INFO:root:Exporting bank 'JSN'...
INFO:utdquake.export.parquet:Found 2323 events.
INFO:utdquake.export.parquet:Processing chunk of 2323 events.
slurmstepd-c-01-12: error: *** JOB 130536 ON c-01-12 CANCELLED AT 2026-02-18T18:38:07 ***
