/groups/igonin/ecastillo/utdquake/utdquake/utils/plot.py:2163: UserWarning: No artists with labels found to put in legend.  Note that artists whose label start with an underscore are ignored when legend() is called with no argument.
  ax.legend(title="Phase Type")
/groups/igonin/ecastillo/utdquake/utdquake/utils/plot.py:2165: UserWarning: Creating legend with loc="best" can be slow with large amounts of data.
  plt.tight_layout()
/groups/igonin/ecastillo/utdquake/utdquake/utils/plot.py:2168: UserWarning: Creating legend with loc="best" can be slow with large amounts of data.
  plt.savefig(savepath, dpi=300, bbox_inches="tight")
Saving figure to /groups/igonin/ecastillo/utdquake/figures
Processing chunk 1, size=50000
Processing chunk 2, size=50000
Processing chunk 3, size=50000
Processing chunk 4, size=50000
Processing chunk 5, size=50000
Processing chunk 6, size=50000
Processing chunk 7, size=50000
Processing chunk 8, size=50000
Processing chunk 9, size=50000
Processing chunk 10, size=50000
Processing chunk 11, size=50000
Processing chunk 12, size=50000
Processing chunk 13, size=50000
Processing chunk 14, size=50000
Processing chunk 15, size=50000
Processing chunk 16, size=50000
Processing chunk 17, size=50000
Processing chunk 18, size=50000
Processing chunk 19, size=50000
Processing chunk 20, size=50000
Processing chunk 21, size=50000
Processing chunk 22, size=50000
Processing chunk 23, size=50000
Processing chunk 24, size=50000
Processing chunk 25, size=50000
Processing chunk 26, size=50000
Processing chunk 27, size=50000
Processing chunk 28, size=50000
Processing chunk 29, size=50000
Processing chunk 30, size=50000
Processing chunk 31, size=50000
Processing chunk 32, size=50000
Processing chunk 33, size=50000
Processing chunk 34, size=50000
Processing chunk 35, size=50000
Processing chunk 36, size=50000
Processing chunk 37, size=50000
Processing chunk 38, size=50000
Processing chunk 39, size=50000
Processing chunk 40, size=50000
Processing chunk 41, size=50000
Processing chunk 42, size=50000
Processing chunk 43, size=50000
Processing chunk 44, size=50000
Processing chunk 45, size=50000
Processing chunk 46, size=50000
Processing chunk 47, size=50000
Processing chunk 48, size=50000
Processing chunk 49, size=50000
Processing chunk 50, size=50000
Processing chunk 51, size=50000
Processing chunk 52, size=50000
Processing chunk 53, size=50000
Processing chunk 54, size=50000
Processing chunk 55, size=50000
Processing chunk 56, size=50000
Processing chunk 57, size=50000
Processing chunk 58, size=50000
Processing chunk 59, size=50000
Processing chunk 60, size=50000
Processing chunk 61, size=50000
Processing chunk 62, size=50000
Processing chunk 63, size=50000
Processing chunk 64, size=50000
Processing chunk 65, size=50000
Processing chunk 66, size=50000
Processing chunk 67, size=50000
Processing chunk 68, size=50000
Processing chunk 69, size=50000
Processing chunk 70, size=50000
Processing chunk 71, size=50000
Processing chunk 72, size=50000
Processing chunk 73, size=50000
Processing chunk 74, size=50000
Processing chunk 75, size=50000
Processing chunk 76, size=50000
Processing chunk 77, size=50000
Processing chunk 78, size=50000
Processing chunk 79, size=50000
Processing chunk 80, size=50000
Processing chunk 81, size=50000
Processing chunk 82, size=50000
Processing chunk 83, size=50000
Processing chunk 84, size=50000
Processing chunk 85, size=50000
Processing chunk 86, size=50000
Processing chunk 87, size=50000
Processing chunk 88, size=50000
Processing chunk 89, size=50000
Processing chunk 90, size=50000
Processing chunk 91, size=50000
Processing chunk 92, size=50000
Processing chunk 93, size=50000
Processing chunk 94, size=50000
Processing chunk 95, size=50000
Processing chunk 96, size=50000
Processing chunk 97, size=50000
Processing chunk 98, size=50000
Processing chunk 99, size=50000
Processing chunk 100, size=50000
Processing chunk 101, size=50000
Processing chunk 102, size=50000
Processing chunk 103, size=50000
Processing chunk 104, size=50000
Processing chunk 105, size=50000
Processing chunk 106, size=50000
Processing chunk 107, size=50000
Processing chunk 108, size=50000
Processing chunk 109, size=50000
Processing chunk 110, size=50000
Processing chunk 111, size=50000
Processing chunk 112, size=50000
Processing chunk 113, size=50000
Processing chunk 114, size=50000
Processing chunk 115, size=50000
Processing chunk 116, size=50000
Processing chunk 117, size=50000
Processing chunk 118, size=50000
Processing chunk 119, size=50000
Processing chunk 120, size=50000
Processing chunk 121, size=50000
Processing chunk 122, size=50000
Processing chunk 123, size=50000
Processing chunk 124, size=50000
Processing chunk 125, size=50000
Processing chunk 126, size=50000
Processing chunk 127, size=50000
Processing chunk 128, size=50000
Processing chunk 129, size=50000
Processing chunk 130, size=50000
Processing chunk 131, size=50000
Processing chunk 132, size=50000
Processing chunk 133, size=50000
Processing chunk 134, size=50000
Processing chunk 135, size=50000
Processing chunk 136, size=50000
Processing chunk 137, size=50000
Processing chunk 138, size=50000
Processing chunk 139, size=50000
Processing chunk 140, size=50000
Processing chunk 141, size=50000
Processing chunk 142, size=50000
Processing chunk 143, size=50000
Processing chunk 144, size=50000
Processing chunk 145, size=50000
Processing chunk 146, size=50000
Processing chunk 147, size=50000
Processing chunk 148, size=50000
Processing chunk 149, size=50000
Processing chunk 150, size=50000
Processing chunk 151, size=50000
Processing chunk 152, size=50000
Processing chunk 153, size=50000
Processing chunk 154, size=50000
Processing chunk 155, size=50000
Processing chunk 156, size=50000
Processing chunk 157, size=50000
Processing chunk 158, size=50000
Processing chunk 159, size=50000
Processing chunk 160, size=50000
Processing chunk 161, size=50000
Processing chunk 162, size=50000
Processing chunk 163, size=50000
Processing chunk 164, size=50000
Processing chunk 165, size=50000
Processing chunk 166, size=50000
Processing chunk 167, size=50000
Processing chunk 168, size=50000
Processing chunk 169, size=50000
Processing chunk 170, size=50000
Processing chunk 171, size=50000
Processing chunk 172, size=50000
Processing chunk 173, size=50000
Processing chunk 174, size=50000
Processing chunk 175, size=50000
Processing chunk 176, size=50000
Processing chunk 177, size=50000
Processing chunk 178, size=50000
Processing chunk 179, size=50000
Processing chunk 180, size=50000
Processing chunk 181, size=50000
Processing chunk 182, size=50000
Processing chunk 183, size=50000
Processing chunk 184, size=50000
Processing chunk 185, size=50000
Processing chunk 186, size=50000
Processing chunk 187, size=50000
Processing chunk 188, size=50000
Processing chunk 189, size=50000
Processing chunk 190, size=50000
Processing chunk 191, size=50000
Processing chunk 192, size=50000
Processing chunk 193, size=50000
Processing chunk 194, size=50000
Processing chunk 195, size=50000
Processing chunk 196, size=50000
Processing chunk 197, size=50000
Processing chunk 198, size=50000
Processing chunk 199, size=50000
Processing chunk 200, size=50000
Processing chunk 201, size=50000
Processing chunk 202, size=50000
Processing chunk 203, size=50000
Processing chunk 204, size=50000
Processing chunk 205, size=50000
Processing chunk 206, size=50000
Processing chunk 207, size=50000
Processing chunk 208, size=50000
Processing chunk 209, size=50000
Processing chunk 210, size=50000
Processing chunk 211, size=50000
Processing chunk 212, size=50000
Processing chunk 213, size=50000
Processing chunk 214, size=50000
Processing chunk 215, size=50000
Processing chunk 216, size=50000
Processing chunk 217, size=50000
Processing chunk 218, size=50000
Processing chunk 219, size=50000
Processing chunk 220, size=50000
Processing chunk 221, size=50000
Processing chunk 222, size=50000
Processing chunk 223, size=50000
Processing chunk 224, size=50000
Processing chunk 225, size=50000
Processing chunk 226, size=50000
Processing chunk 227, size=50000
Processing chunk 228, size=50000
Processing chunk 229, size=50000
Processing chunk 230, size=50000
Processing chunk 231, size=50000
Processing chunk 232, size=50000
Processing chunk 233, size=50000
Processing chunk 234, size=50000
Processing chunk 235, size=50000
Processing chunk 236, size=50000
Processing chunk 237, size=50000
Processing chunk 238, size=50000
Processing chunk 239, size=50000
Processing chunk 240, size=50000
✅ DONE
