Processing bank at /groups/igonin/ecastillo/UTDQuake/bank/uw
Stations folder: /groups/igonin/ecastillo/UTDQuake/bank/uw/.stations
Summary shape: (849, 17)
Finished processing bank at /groups/igonin/ecastillo/UTDQuake/bank/uw
Processing bank at /groups/igonin/ecastillo/UTDQuake/bank/uu
Stations folder: /groups/igonin/ecastillo/UTDQuake/bank/uu/.stations
Summary shape: (260, 17)
Finished processing bank at /groups/igonin/ecastillo/UTDQuake/bank/uu
Processing bank at /groups/igonin/ecastillo/UTDQuake/bank/us
Stations folder: /groups/igonin/ecastillo/UTDQuake/bank/us/.stations
Summary shape: (3468, 17)
Finished processing bank at /groups/igonin/ecastillo/UTDQuake/bank/us
Processing bank at /groups/igonin/ecastillo/UTDQuake/bank/tx
Stations folder: /groups/igonin/ecastillo/UTDQuake/bank/tx/.stations
Summary shape: (323, 17)
Finished processing bank at /groups/igonin/ecastillo/UTDQuake/bank/tx
Processing bank at /groups/igonin/ecastillo/UTDQuake/bank/se
Stations folder: /groups/igonin/ecastillo/UTDQuake/bank/se/.stations
Summary shape: (382, 17)
Finished processing bank at /groups/igonin/ecastillo/UTDQuake/bank/se
Processing bank at /groups/igonin/ecastillo/UTDQuake/bank/pr
Stations folder: /groups/igonin/ecastillo/UTDQuake/bank/pr/.stations
Summary shape: (111, 17)
Finished processing bank at /groups/igonin/ecastillo/UTDQuake/bank/pr
Processing bank at /groups/igonin/ecastillo/UTDQuake/bank/ok
Stations folder: /groups/igonin/ecastillo/UTDQuake/bank/ok/.stations
Summary shape: (154, 17)
Finished processing bank at /groups/igonin/ecastillo/UTDQuake/bank/ok
Processing bank at /groups/igonin/ecastillo/UTDQuake/bank/nn
Stations folder: /groups/igonin/ecastillo/UTDQuake/bank/nn/.stations
Summary shape: (687, 17)
Finished processing bank at /groups/igonin/ecastillo/UTDQuake/bank/nn
Processing bank at /groups/igonin/ecastillo/UTDQuake/bank/nm
Stations folder: /groups/igonin/ecastillo/UTDQuake/bank/nm/.stations
Summary shape: (397, 17)
Finished processing bank at /groups/igonin/ecastillo/UTDQuake/bank/nm
Processing bank at /groups/igonin/ecastillo/UTDQuake/bank/nc
Stations folder: /groups/igonin/ecastillo/UTDQuake/bank/nc/.stations
Summary shape: (941, 17)
Finished processing bank at /groups/igonin/ecastillo/UTDQuake/bank/nc
Processing bank at /groups/igonin/ecastillo/UTDQuake/bank/mb
Stations folder: /groups/igonin/ecastillo/UTDQuake/bank/mb/.stations
Summary shape: (424, 17)
Finished processing bank at /groups/igonin/ecastillo/UTDQuake/bank/mb
Processing bank at /groups/igonin/ecastillo/UTDQuake/bank/hv
Stations folder: /groups/igonin/ecastillo/UTDQuake/bank/hv/.stations
Summary shape: (85, 17)
Finished processing bank at /groups/igonin/ecastillo/UTDQuake/bank/hv
Processing bank at /groups/igonin/ecastillo/UTDQuake/bank/av
Stations folder: /groups/igonin/ecastillo/UTDQuake/bank/av/.stations
Summary shape: (484, 17)
Finished processing bank at /groups/igonin/ecastillo/UTDQuake/bank/av
Processing bank at /groups/igonin/ecastillo/UTDQuake/bank/at
Stations folder: /groups/igonin/ecastillo/UTDQuake/bank/at/.stations
Summary shape: (3856, 17)
Finished processing bank at /groups/igonin/ecastillo/UTDQuake/bank/at
Processing bank at /groups/igonin/ecastillo/UTDQuake/bank/ak
Stations folder: /groups/igonin/ecastillo/UTDQuake/bank/ak/.stations
Summary shape: (1020, 17)
Finished processing bank at /groups/igonin/ecastillo/UTDQuake/bank/ak
Processing bank at /groups/igonin/ecastillo/UTDQuake/bank/admin
Stations folder: /groups/igonin/ecastillo/UTDQuake/bank/admin/.stations
Summary shape: (4337, 17)
Finished processing bank at /groups/igonin/ecastillo/UTDQuake/bank/admin
Processing bank at /groups/igonin/ecastillo/UTDQuake/bank/ZUR
Stations folder: /groups/igonin/ecastillo/UTDQuake/bank/ZUR/.stations
Summary shape: (338, 17)
Finished processing bank at /groups/igonin/ecastillo/UTDQuake/bank/ZUR
Processing bank at /groups/igonin/ecastillo/UTDQuake/bank/VIE
Stations folder: /groups/igonin/ecastillo/UTDQuake/bank/VIE/.stations
Summary shape: (468, 17)
Finished processing bank at /groups/igonin/ecastillo/UTDQuake/bank/VIE
Processing bank at /groups/igonin/ecastillo/UTDQuake/bank/VAO
Stations folder: /groups/igonin/ecastillo/UTDQuake/bank/VAO/.stations
Summary shape: (1056, 17)
Finished processing bank at /groups/igonin/ecastillo/UTDQuake/bank/VAO
Processing bank at /groups/igonin/ecastillo/UTDQuake/bank/USP
Stations folder: /groups/igonin/ecastillo/UTDQuake/bank/USP/.stations
Summary shape: (201, 17)
Finished processing bank at /groups/igonin/ecastillo/UTDQuake/bank/USP
Processing bank at /groups/igonin/ecastillo/UTDQuake/bank/UPP
Stations folder: /groups/igonin/ecastillo/UTDQuake/bank/UPP/.stations
Summary shape: (293, 17)
Finished processing bank at /groups/igonin/ecastillo/UTDQuake/bank/UPP
Processing bank at /groups/igonin/ecastillo/UTDQuake/bank/UPA
Stations folder: /groups/igonin/ecastillo/UTDQuake/bank/UPA/.stations
Summary shape: (215, 17)
Finished processing bank at /groups/igonin/ecastillo/UTDQuake/bank/UPA
Processing bank at /groups/igonin/ecastillo/UTDQuake/bank/UCR
Stations folder: /groups/igonin/ecastillo/UTDQuake/bank/UCR/.stations
Summary shape: (1110, 17)
Finished processing bank at /groups/igonin/ecastillo/UTDQuake/bank/UCR
Processing bank at /groups/igonin/ecastillo/UTDQuake/bank/UCC
Stations folder: /groups/igonin/ecastillo/UTDQuake/bank/UCC/.stations
Summary shape: (236, 17)
Finished processing bank at /groups/igonin/ecastillo/UTDQuake/bank/UCC
Processing bank at /groups/igonin/ecastillo/UTDQuake/bank/TUN
Stations folder: /groups/igonin/ecastillo/UTDQuake/bank/TUN/.stations
Summary shape: (73, 17)
Finished processing bank at /groups/igonin/ecastillo/UTDQuake/bank/TUN
Processing bank at /groups/igonin/ecastillo/UTDQuake/bank/TIR
Stations folder: /groups/igonin/ecastillo/UTDQuake/bank/TIR/.stations
Summary shape: (996, 17)
Finished processing bank at /groups/igonin/ecastillo/UTDQuake/bank/TIR
Processing bank at /groups/igonin/ecastillo/UTDQuake/bank/THE
Stations folder: /groups/igonin/ecastillo/UTDQuake/bank/THE/.stations
Summary shape: (1451, 17)
Finished processing bank at /groups/igonin/ecastillo/UTDQuake/bank/THE
Processing bank at /groups/igonin/ecastillo/UTDQuake/bank/TAP
Stations folder: /groups/igonin/ecastillo/UTDQuake/bank/TAP/.stations
Summary shape: (751, 17)
Finished processing bank at /groups/igonin/ecastillo/UTDQuake/bank/TAP
Processing bank at /groups/igonin/ecastillo/UTDQuake/bank/SJA
Stations folder: /groups/igonin/ecastillo/UTDQuake/bank/SJA/.stations
Summary shape: (729, 17)
Finished processing bank at /groups/igonin/ecastillo/UTDQuake/bank/SJA
Processing bank at /groups/igonin/ecastillo/UTDQuake/bank/RSPR
Stations folder: /groups/igonin/ecastillo/UTDQuake/bank/RSPR/.stations
Summary shape: (123, 17)
Finished processing bank at /groups/igonin/ecastillo/UTDQuake/bank/RSPR
Processing bank at /groups/igonin/ecastillo/UTDQuake/bank/RSNC
Stations folder: /groups/igonin/ecastillo/UTDQuake/bank/RSNC/.stations
Summary shape: (217, 17)
Finished processing bank at /groups/igonin/ecastillo/UTDQuake/bank/RSNC
Processing bank at /groups/igonin/ecastillo/UTDQuake/bank/RHSSO
Stations folder: /groups/igonin/ecastillo/UTDQuake/bank/RHSSO/.stations
Summary shape: (796, 17)
Finished processing bank at /groups/igonin/ecastillo/UTDQuake/bank/RHSSO
Processing bank at /groups/igonin/ecastillo/UTDQuake/bank/PRE
Stations folder: /groups/igonin/ecastillo/UTDQuake/bank/PRE/.stations
Summary shape: (70, 17)
Finished processing bank at /groups/igonin/ecastillo/UTDQuake/bank/PRE
Processing bank at /groups/igonin/ecastillo/UTDQuake/bank/PDG
Stations folder: /groups/igonin/ecastillo/UTDQuake/bank/PDG/.stations
Summary shape: (439, 17)
Finished processing bank at /groups/igonin/ecastillo/UTDQuake/bank/PDG
Processing bank at /groups/igonin/ecastillo/UTDQuake/bank/OTT
Stations folder: /groups/igonin/ecastillo/UTDQuake/bank/OTT/.stations
Summary shape: (653, 17)
Finished processing bank at /groups/igonin/ecastillo/UTDQuake/bank/OTT
Processing bank at /groups/igonin/ecastillo/UTDQuake/bank/OSPL
Stations folder: /groups/igonin/ecastillo/UTDQuake/bank/OSPL/.stations
Summary shape: (186, 17)
Finished processing bank at /groups/igonin/ecastillo/UTDQuake/bank/OSPL
Processing bank at /groups/igonin/ecastillo/UTDQuake/bank/NOU
Stations folder: /groups/igonin/ecastillo/UTDQuake/bank/NOU/.stations
Summary shape: (421, 17)
Finished processing bank at /groups/igonin/ecastillo/UTDQuake/bank/NOU
Processing bank at /groups/igonin/ecastillo/UTDQuake/bank/NOA
Stations folder: /groups/igonin/ecastillo/UTDQuake/bank/NOA/.stations
Summary shape: (305, 17)
Finished processing bank at /groups/igonin/ecastillo/UTDQuake/bank/NOA
Processing bank at /groups/igonin/ecastillo/UTDQuake/bank/NNC
Stations folder: /groups/igonin/ecastillo/UTDQuake/bank/NNC/.stations
Summary shape: (107, 17)
Finished processing bank at /groups/igonin/ecastillo/UTDQuake/bank/NNC
Processing bank at /groups/igonin/ecastillo/UTDQuake/bank/NIC
Stations folder: /groups/igonin/ecastillo/UTDQuake/bank/NIC/.stations
Summary shape: (320, 17)
Finished processing bank at /groups/igonin/ecastillo/UTDQuake/bank/NIC
Processing bank at /groups/igonin/ecastillo/UTDQuake/bank/MRB
Stations folder: /groups/igonin/ecastillo/UTDQuake/bank/MRB/.stations
Summary shape: (428, 17)
Finished processing bank at /groups/igonin/ecastillo/UTDQuake/bank/MRB
Processing bank at /groups/igonin/ecastillo/UTDQuake/bank/MEX
Stations folder: /groups/igonin/ecastillo/UTDQuake/bank/MEX/.stations
Summary shape: (464, 17)
Finished processing bank at /groups/igonin/ecastillo/UTDQuake/bank/MEX
Processing bank at /groups/igonin/ecastillo/UTDQuake/bank/MDD
Stations folder: /groups/igonin/ecastillo/UTDQuake/bank/MDD/.stations
Summary shape: (721, 17)
Finished processing bank at /groups/igonin/ecastillo/UTDQuake/bank/MDD
Processing bank at /groups/igonin/ecastillo/UTDQuake/bank/LDG
Stations folder: /groups/igonin/ecastillo/UTDQuake/bank/LDG/.stations
Summary shape: (1119, 17)
Finished processing bank at /groups/igonin/ecastillo/UTDQuake/bank/LDG
Processing bank at /groups/igonin/ecastillo/UTDQuake/bank/JSN
Stations folder: /groups/igonin/ecastillo/UTDQuake/bank/JSN/.stations
Summary shape: (79, 17)
Finished processing bank at /groups/igonin/ecastillo/UTDQuake/bank/JSN
Processing bank at /groups/igonin/ecastillo/UTDQuake/bank/JAPAN
Stations folder: /groups/igonin/ecastillo/UTDQuake/bank/JAPAN/.stations
Summary shape: (1364, 17)
Finished processing bank at /groups/igonin/ecastillo/UTDQuake/bank/JAPAN
Processing bank at /groups/igonin/ecastillo/UTDQuake/bank/ISN
Stations folder: /groups/igonin/ecastillo/UTDQuake/bank/ISN/.stations
Summary shape: (298, 17)
Finished processing bank at /groups/igonin/ecastillo/UTDQuake/bank/ISN
Processing bank at /groups/igonin/ecastillo/UTDQuake/bank/ISK
Stations folder: /groups/igonin/ecastillo/UTDQuake/bank/ISK/.stations
Summary shape: (258, 17)
Finished processing bank at /groups/igonin/ecastillo/UTDQuake/bank/ISK
Processing bank at /groups/igonin/ecastillo/UTDQuake/bank/ISC
Stations folder: /groups/igonin/ecastillo/UTDQuake/bank/ISC/.stations
Summary shape: (4826, 17)
Finished processing bank at /groups/igonin/ecastillo/UTDQuake/bank/ISC
Processing bank at /groups/igonin/ecastillo/UTDQuake/bank/IPGP
Stations folder: /groups/igonin/ecastillo/UTDQuake/bank/IPGP/.stations
Summary shape: (169, 17)
Finished processing bank at /groups/igonin/ecastillo/UTDQuake/bank/IPGP
Processing bank at /groups/igonin/ecastillo/UTDQuake/bank/INMG
Stations folder: /groups/igonin/ecastillo/UTDQuake/bank/INMG/.stations
Summary shape: (287, 17)
Finished processing bank at /groups/igonin/ecastillo/UTDQuake/bank/INMG
Processing bank at /groups/igonin/ecastillo/UTDQuake/bank/INET
Stations folder: /groups/igonin/ecastillo/UTDQuake/bank/INET/.stations
Summary shape: (165, 17)
Finished processing bank at /groups/igonin/ecastillo/UTDQuake/bank/INET
Processing bank at /groups/igonin/ecastillo/UTDQuake/bank/IGQ
Stations folder: /groups/igonin/ecastillo/UTDQuake/bank/IGQ/.stations
Summary shape: (691, 17)
Finished processing bank at /groups/igonin/ecastillo/UTDQuake/bank/IGQ
Processing bank at /groups/igonin/ecastillo/UTDQuake/bank/IDC
Stations folder: /groups/igonin/ecastillo/UTDQuake/bank/IDC/.stations
Summary shape: (2592, 17)
Finished processing bank at /groups/igonin/ecastillo/UTDQuake/bank/IDC
Processing bank at /groups/igonin/ecastillo/UTDQuake/bank/HEL
Stations folder: /groups/igonin/ecastillo/UTDQuake/bank/HEL/.stations
Summary shape: (218, 17)
Finished processing bank at /groups/igonin/ecastillo/UTDQuake/bank/HEL
Processing bank at /groups/igonin/ecastillo/UTDQuake/bank/GII
Stations folder: /groups/igonin/ecastillo/UTDQuake/bank/GII/.stations
Summary shape: (256, 17)
Finished processing bank at /groups/igonin/ecastillo/UTDQuake/bank/GII
Processing bank at /groups/igonin/ecastillo/UTDQuake/bank/GFZ
Stations folder: /groups/igonin/ecastillo/UTDQuake/bank/GFZ/.stations
Summary shape: (771, 17)
Finished processing bank at /groups/igonin/ecastillo/UTDQuake/bank/GFZ
Processing bank at /groups/igonin/ecastillo/UTDQuake/bank/GEOFON
Stations folder: /groups/igonin/ecastillo/UTDQuake/bank/GEOFON/.stations
Summary shape: (771, 17)
Finished processing bank at /groups/igonin/ecastillo/UTDQuake/bank/GEOFON
Processing bank at /groups/igonin/ecastillo/UTDQuake/bank/GCG
Stations folder: /groups/igonin/ecastillo/UTDQuake/bank/GCG/.stations
Summary shape: (674, 17)
Finished processing bank at /groups/igonin/ecastillo/UTDQuake/bank/GCG
Processing bank at /groups/igonin/ecastillo/UTDQuake/bank/FUNV
Stations folder: /groups/igonin/ecastillo/UTDQuake/bank/FUNV/.stations
Summary shape: (347, 17)
Finished processing bank at /groups/igonin/ecastillo/UTDQuake/bank/FUNV
Processing bank at /groups/igonin/ecastillo/UTDQuake/bank/ETH
Stations folder: /groups/igonin/ecastillo/UTDQuake/bank/ETH/.stations
Summary shape: (81, 17)
Finished processing bank at /groups/igonin/ecastillo/UTDQuake/bank/ETH
Processing bank at /groups/igonin/ecastillo/UTDQuake/bank/EST
Stations folder: /groups/igonin/ecastillo/UTDQuake/bank/EST/.stations
Summary shape: (99, 17)
Finished processing bank at /groups/igonin/ecastillo/UTDQuake/bank/EST
Processing bank at /groups/igonin/ecastillo/UTDQuake/bank/ECX
Stations folder: /groups/igonin/ecastillo/UTDQuake/bank/ECX/.stations
Summary shape: (97, 17)
Finished processing bank at /groups/igonin/ecastillo/UTDQuake/bank/ECX
Processing bank at /groups/igonin/ecastillo/UTDQuake/bank/EAF
Stations folder: /groups/igonin/ecastillo/UTDQuake/bank/EAF/.stations
Summary shape: (101, 17)
Finished processing bank at /groups/igonin/ecastillo/UTDQuake/bank/EAF
Processing bank at /groups/igonin/ecastillo/UTDQuake/bank/DJA
Stations folder: /groups/igonin/ecastillo/UTDQuake/bank/DJA/.stations
Summary shape: (3103, 17)
Finished processing bank at /groups/igonin/ecastillo/UTDQuake/bank/DJA
Processing bank at /groups/igonin/ecastillo/UTDQuake/bank/CNRM
Stations folder: /groups/igonin/ecastillo/UTDQuake/bank/CNRM/.stations
Summary shape: (154, 17)
Finished processing bank at /groups/igonin/ecastillo/UTDQuake/bank/CNRM
Processing bank at /groups/igonin/ecastillo/UTDQuake/bank/CATAC
Stations folder: /groups/igonin/ecastillo/UTDQuake/bank/CATAC/.stations
Summary shape: (856, 17)
Finished processing bank at /groups/igonin/ecastillo/UTDQuake/bank/CATAC
Processing bank at /groups/igonin/ecastillo/UTDQuake/bank/BYKL
Stations folder: /groups/igonin/ecastillo/UTDQuake/bank/BYKL/.stations
Summary shape: (293, 17)
Finished processing bank at /groups/igonin/ecastillo/UTDQuake/bank/BYKL
Processing bank at /groups/igonin/ecastillo/UTDQuake/bank/BUC
Stations folder: /groups/igonin/ecastillo/UTDQuake/bank/BUC/.stations
Summary shape: (1870, 17)
Finished processing bank at /groups/igonin/ecastillo/UTDQuake/bank/BUC
Processing bank at /groups/igonin/ecastillo/UTDQuake/bank/BGS
Stations folder: /groups/igonin/ecastillo/UTDQuake/bank/BGS/.stations
Summary shape: (321, 17)
Finished processing bank at /groups/igonin/ecastillo/UTDQuake/bank/BGS
Processing bank at /groups/igonin/ecastillo/UTDQuake/bank/BER
Stations folder: /groups/igonin/ecastillo/UTDQuake/bank/BER/.stations
Summary shape: (410, 17)
Finished processing bank at /groups/igonin/ecastillo/UTDQuake/bank/BER
Processing bank at /groups/igonin/ecastillo/UTDQuake/bank/BEO
Stations folder: /groups/igonin/ecastillo/UTDQuake/bank/BEO/.stations
Summary shape: (1015, 17)
Finished processing bank at /groups/igonin/ecastillo/UTDQuake/bank/BEO
Processing bank at /groups/igonin/ecastillo/UTDQuake/bank/AUST
Stations folder: /groups/igonin/ecastillo/UTDQuake/bank/AUST/.stations
Summary shape: (3701, 17)
Finished processing bank at /groups/igonin/ecastillo/UTDQuake/bank/AUST
Processing bank at /groups/igonin/ecastillo/UTDQuake/bank/ATH
Stations folder: /groups/igonin/ecastillo/UTDQuake/bank/ATH/.stations
Summary shape: (1729, 17)
Finished processing bank at /groups/igonin/ecastillo/UTDQuake/bank/ATH
Processing bank at /groups/igonin/ecastillo/UTDQuake/bank/ANF
Stations folder: /groups/igonin/ecastillo/UTDQuake/bank/ANF/.stations
Summary shape: (384, 17)
Finished processing bank at /groups/igonin/ecastillo/UTDQuake/bank/ANF
Processing bank at /groups/igonin/ecastillo/UTDQuake/bank/AFAD
Stations folder: /groups/igonin/ecastillo/UTDQuake/bank/AFAD/.stations
Summary shape: (1253, 17)
Finished processing bank at /groups/igonin/ecastillo/UTDQuake/bank/AFAD
Processing bank at /groups/igonin/ecastillo/UTDQuake/bank/AEIC
Stations folder: /groups/igonin/ecastillo/UTDQuake/bank/AEIC/.stations
Summary shape: (971, 17)
Finished processing bank at /groups/igonin/ecastillo/UTDQuake/bank/AEIC
Processing bank at /groups/igonin/ecastillo/UTDQuake/bank/KRSZO
Stations folder: /groups/igonin/ecastillo/UTDQuake/bank/KRSZO/.stations
Summary shape: (0, 0)
Traceback (most recent call last):
  File "/groups/igonin/ecastillo/utdquake/scripts/check_stations.py", line 152, in <module>
    replace_stations_to_multiple_banks(parent_folder)
  File "/groups/igonin/ecastillo/utdquake/scripts/check_stations.py", line 130, in replace_stations_to_multiple_banks
    replace_stations_summary_to_bank(summary, bank_path)
  File "/groups/igonin/ecastillo/utdquake/scripts/check_stations.py", line 105, in replace_stations_summary_to_bank
    summary.to_sql(
  File "/groups/igonin/ecastillo/anaconda3/envs/utdq/lib/python3.11/site-packages/pandas/core/generic.py", line 3052, in to_sql
    return sql.to_sql(
           ^^^^^^^^^^^
  File "/groups/igonin/ecastillo/anaconda3/envs/utdq/lib/python3.11/site-packages/pandas/io/sql.py", line 841, in to_sql
    return pandas_sql.to_sql(
           ^^^^^^^^^^^^^^^^^^
  File "/groups/igonin/ecastillo/anaconda3/envs/utdq/lib/python3.11/site-packages/pandas/io/sql.py", line 2879, in to_sql
    table.create()
  File "/groups/igonin/ecastillo/anaconda3/envs/utdq/lib/python3.11/site-packages/pandas/io/sql.py", line 999, in create
    self._execute_create()
  File "/groups/igonin/ecastillo/anaconda3/envs/utdq/lib/python3.11/site-packages/pandas/io/sql.py", line 2545, in _execute_create
    cur.execute(stmt)
sqlite3.OperationalError: near ")": syntax error
✅ DONE
