INFO:__main__:Found 147 station databases in /groups/igonin/ecastillo/UTDQuake/bank/KRSZO/.stations.
INFO:__main__:Updating stations summary in the event bank at /groups/igonin/ecastillo/UTDQuake/bank/KRSZO
INFO:__main__:Stations summary updated successfully.
INFO:__main__:Found 849 station databases in /groups/igonin/ecastillo/UTDQuake/bank/uw/.stations.
INFO:__main__:Updating stations summary in the event bank at /groups/igonin/ecastillo/UTDQuake/bank/uw
INFO:__main__:Stations summary updated successfully.
INFO:__main__:Found 260 station databases in /groups/igonin/ecastillo/UTDQuake/bank/uu/.stations.
INFO:__main__:Updating stations summary in the event bank at /groups/igonin/ecastillo/UTDQuake/bank/uu
INFO:__main__:Stations summary updated successfully.
INFO:__main__:Found 3468 station databases in /groups/igonin/ecastillo/UTDQuake/bank/us/.stations.
INFO:__main__:Updating stations summary in the event bank at /groups/igonin/ecastillo/UTDQuake/bank/us
INFO:__main__:Stations summary updated successfully.
INFO:__main__:Found 323 station databases in /groups/igonin/ecastillo/UTDQuake/bank/tx/.stations.
INFO:__main__:Updating stations summary in the event bank at /groups/igonin/ecastillo/UTDQuake/bank/tx
INFO:__main__:Stations summary updated successfully.
INFO:__main__:Found 382 station databases in /groups/igonin/ecastillo/UTDQuake/bank/se/.stations.
INFO:__main__:Updating stations summary in the event bank at /groups/igonin/ecastillo/UTDQuake/bank/se
INFO:__main__:Stations summary updated successfully.
INFO:__main__:Found 111 station databases in /groups/igonin/ecastillo/UTDQuake/bank/pr/.stations.
INFO:__main__:Updating stations summary in the event bank at /groups/igonin/ecastillo/UTDQuake/bank/pr
INFO:__main__:Stations summary updated successfully.
INFO:__main__:Found 154 station databases in /groups/igonin/ecastillo/UTDQuake/bank/ok/.stations.
INFO:__main__:Updating stations summary in the event bank at /groups/igonin/ecastillo/UTDQuake/bank/ok
INFO:__main__:Stations summary updated successfully.
INFO:__main__:Found 687 station databases in /groups/igonin/ecastillo/UTDQuake/bank/nn/.stations.
INFO:__main__:Updating stations summary in the event bank at /groups/igonin/ecastillo/UTDQuake/bank/nn
INFO:__main__:Stations summary updated successfully.
INFO:__main__:Found 397 station databases in /groups/igonin/ecastillo/UTDQuake/bank/nm/.stations.
INFO:__main__:Updating stations summary in the event bank at /groups/igonin/ecastillo/UTDQuake/bank/nm
INFO:__main__:Stations summary updated successfully.
INFO:__main__:Found 941 station databases in /groups/igonin/ecastillo/UTDQuake/bank/nc/.stations.
INFO:__main__:Updating stations summary in the event bank at /groups/igonin/ecastillo/UTDQuake/bank/nc
INFO:__main__:Stations summary updated successfully.
INFO:__main__:Found 424 station databases in /groups/igonin/ecastillo/UTDQuake/bank/mb/.stations.
INFO:__main__:Updating stations summary in the event bank at /groups/igonin/ecastillo/UTDQuake/bank/mb
INFO:__main__:Stations summary updated successfully.
INFO:__main__:Found 85 station databases in /groups/igonin/ecastillo/UTDQuake/bank/hv/.stations.
INFO:__main__:Updating stations summary in the event bank at /groups/igonin/ecastillo/UTDQuake/bank/hv
INFO:__main__:Stations summary updated successfully.
INFO:__main__:Found 484 station databases in /groups/igonin/ecastillo/UTDQuake/bank/av/.stations.
INFO:__main__:Updating stations summary in the event bank at /groups/igonin/ecastillo/UTDQuake/bank/av
INFO:__main__:Stations summary updated successfully.
INFO:__main__:Found 3856 station databases in /groups/igonin/ecastillo/UTDQuake/bank/at/.stations.
INFO:__main__:Updating stations summary in the event bank at /groups/igonin/ecastillo/UTDQuake/bank/at
INFO:__main__:Stations summary updated successfully.
INFO:__main__:Found 1020 station databases in /groups/igonin/ecastillo/UTDQuake/bank/ak/.stations.
INFO:__main__:Updating stations summary in the event bank at /groups/igonin/ecastillo/UTDQuake/bank/ak
INFO:__main__:Stations summary updated successfully.
INFO:__main__:Found 4337 station databases in /groups/igonin/ecastillo/UTDQuake/bank/admin/.stations.
INFO:__main__:Updating stations summary in the event bank at /groups/igonin/ecastillo/UTDQuake/bank/admin
INFO:__main__:Stations summary updated successfully.
INFO:__main__:Found 338 station databases in /groups/igonin/ecastillo/UTDQuake/bank/ZUR/.stations.
INFO:__main__:Updating stations summary in the event bank at /groups/igonin/ecastillo/UTDQuake/bank/ZUR
INFO:__main__:Stations summary updated successfully.
INFO:__main__:Found 468 station databases in /groups/igonin/ecastillo/UTDQuake/bank/VIE/.stations.
INFO:__main__:Updating stations summary in the event bank at /groups/igonin/ecastillo/UTDQuake/bank/VIE
INFO:__main__:Stations summary updated successfully.
INFO:__main__:Found 1056 station databases in /groups/igonin/ecastillo/UTDQuake/bank/VAO/.stations.
INFO:__main__:Updating stations summary in the event bank at /groups/igonin/ecastillo/UTDQuake/bank/VAO
INFO:__main__:Stations summary updated successfully.
INFO:__main__:Found 201 station databases in /groups/igonin/ecastillo/UTDQuake/bank/USP/.stations.
INFO:__main__:Updating stations summary in the event bank at /groups/igonin/ecastillo/UTDQuake/bank/USP
INFO:__main__:Stations summary updated successfully.
INFO:__main__:Found 293 station databases in /groups/igonin/ecastillo/UTDQuake/bank/UPP/.stations.
INFO:__main__:Updating stations summary in the event bank at /groups/igonin/ecastillo/UTDQuake/bank/UPP
INFO:__main__:Stations summary updated successfully.
INFO:__main__:Found 215 station databases in /groups/igonin/ecastillo/UTDQuake/bank/UPA/.stations.
INFO:__main__:Updating stations summary in the event bank at /groups/igonin/ecastillo/UTDQuake/bank/UPA
INFO:__main__:Stations summary updated successfully.
INFO:__main__:Found 1110 station databases in /groups/igonin/ecastillo/UTDQuake/bank/UCR/.stations.
INFO:__main__:Updating stations summary in the event bank at /groups/igonin/ecastillo/UTDQuake/bank/UCR
INFO:__main__:Stations summary updated successfully.
INFO:__main__:Found 236 station databases in /groups/igonin/ecastillo/UTDQuake/bank/UCC/.stations.
INFO:__main__:Updating stations summary in the event bank at /groups/igonin/ecastillo/UTDQuake/bank/UCC
INFO:__main__:Stations summary updated successfully.
INFO:__main__:Found 73 station databases in /groups/igonin/ecastillo/UTDQuake/bank/TUN/.stations.
INFO:__main__:Updating stations summary in the event bank at /groups/igonin/ecastillo/UTDQuake/bank/TUN
INFO:__main__:Stations summary updated successfully.
INFO:__main__:Found 996 station databases in /groups/igonin/ecastillo/UTDQuake/bank/TIR/.stations.
INFO:__main__:Updating stations summary in the event bank at /groups/igonin/ecastillo/UTDQuake/bank/TIR
INFO:__main__:Stations summary updated successfully.
INFO:__main__:Found 1451 station databases in /groups/igonin/ecastillo/UTDQuake/bank/THE/.stations.
INFO:__main__:Updating stations summary in the event bank at /groups/igonin/ecastillo/UTDQuake/bank/THE
INFO:__main__:Stations summary updated successfully.
INFO:__main__:Found 751 station databases in /groups/igonin/ecastillo/UTDQuake/bank/TAP/.stations.
INFO:__main__:Updating stations summary in the event bank at /groups/igonin/ecastillo/UTDQuake/bank/TAP
INFO:__main__:Stations summary updated successfully.
INFO:__main__:Found 729 station databases in /groups/igonin/ecastillo/UTDQuake/bank/SJA/.stations.
INFO:__main__:Updating stations summary in the event bank at /groups/igonin/ecastillo/UTDQuake/bank/SJA
INFO:__main__:Stations summary updated successfully.
INFO:__main__:Found 123 station databases in /groups/igonin/ecastillo/UTDQuake/bank/RSPR/.stations.
INFO:__main__:Updating stations summary in the event bank at /groups/igonin/ecastillo/UTDQuake/bank/RSPR
INFO:__main__:Stations summary updated successfully.
INFO:__main__:Found 217 station databases in /groups/igonin/ecastillo/UTDQuake/bank/RSNC/.stations.
INFO:__main__:Updating stations summary in the event bank at /groups/igonin/ecastillo/UTDQuake/bank/RSNC
INFO:__main__:Stations summary updated successfully.
INFO:__main__:Found 796 station databases in /groups/igonin/ecastillo/UTDQuake/bank/RHSSO/.stations.
INFO:__main__:Updating stations summary in the event bank at /groups/igonin/ecastillo/UTDQuake/bank/RHSSO
INFO:__main__:Stations summary updated successfully.
INFO:__main__:Found 70 station databases in /groups/igonin/ecastillo/UTDQuake/bank/PRE/.stations.
INFO:__main__:Updating stations summary in the event bank at /groups/igonin/ecastillo/UTDQuake/bank/PRE
INFO:__main__:Stations summary updated successfully.
INFO:__main__:Found 439 station databases in /groups/igonin/ecastillo/UTDQuake/bank/PDG/.stations.
INFO:__main__:Updating stations summary in the event bank at /groups/igonin/ecastillo/UTDQuake/bank/PDG
INFO:__main__:Stations summary updated successfully.
INFO:__main__:Found 653 station databases in /groups/igonin/ecastillo/UTDQuake/bank/OTT/.stations.
INFO:__main__:Updating stations summary in the event bank at /groups/igonin/ecastillo/UTDQuake/bank/OTT
INFO:__main__:Stations summary updated successfully.
INFO:__main__:Found 186 station databases in /groups/igonin/ecastillo/UTDQuake/bank/OSPL/.stations.
INFO:__main__:Updating stations summary in the event bank at /groups/igonin/ecastillo/UTDQuake/bank/OSPL
INFO:__main__:Stations summary updated successfully.
INFO:__main__:Found 421 station databases in /groups/igonin/ecastillo/UTDQuake/bank/NOU/.stations.
INFO:__main__:Updating stations summary in the event bank at /groups/igonin/ecastillo/UTDQuake/bank/NOU
INFO:__main__:Stations summary updated successfully.
INFO:__main__:Found 305 station databases in /groups/igonin/ecastillo/UTDQuake/bank/NOA/.stations.
INFO:__main__:Updating stations summary in the event bank at /groups/igonin/ecastillo/UTDQuake/bank/NOA
INFO:__main__:Stations summary updated successfully.
INFO:__main__:Found 107 station databases in /groups/igonin/ecastillo/UTDQuake/bank/NNC/.stations.
INFO:__main__:Updating stations summary in the event bank at /groups/igonin/ecastillo/UTDQuake/bank/NNC
INFO:__main__:Stations summary updated successfully.
INFO:__main__:Found 320 station databases in /groups/igonin/ecastillo/UTDQuake/bank/NIC/.stations.
INFO:__main__:Updating stations summary in the event bank at /groups/igonin/ecastillo/UTDQuake/bank/NIC
INFO:__main__:Stations summary updated successfully.
INFO:__main__:Found 428 station databases in /groups/igonin/ecastillo/UTDQuake/bank/MRB/.stations.
INFO:__main__:Updating stations summary in the event bank at /groups/igonin/ecastillo/UTDQuake/bank/MRB
INFO:__main__:Stations summary updated successfully.
INFO:__main__:Found 464 station databases in /groups/igonin/ecastillo/UTDQuake/bank/MEX/.stations.
INFO:__main__:Updating stations summary in the event bank at /groups/igonin/ecastillo/UTDQuake/bank/MEX
INFO:__main__:Stations summary updated successfully.
INFO:__main__:Found 721 station databases in /groups/igonin/ecastillo/UTDQuake/bank/MDD/.stations.
INFO:__main__:Updating stations summary in the event bank at /groups/igonin/ecastillo/UTDQuake/bank/MDD
INFO:__main__:Stations summary updated successfully.
INFO:__main__:Found 1119 station databases in /groups/igonin/ecastillo/UTDQuake/bank/LDG/.stations.
INFO:__main__:Updating stations summary in the event bank at /groups/igonin/ecastillo/UTDQuake/bank/LDG
INFO:__main__:Stations summary updated successfully.
INFO:__main__:Found 79 station databases in /groups/igonin/ecastillo/UTDQuake/bank/JSN/.stations.
INFO:__main__:Updating stations summary in the event bank at /groups/igonin/ecastillo/UTDQuake/bank/JSN
INFO:__main__:Stations summary updated successfully.
INFO:__main__:Found 1364 station databases in /groups/igonin/ecastillo/UTDQuake/bank/JAPAN/.stations.
INFO:__main__:Updating stations summary in the event bank at /groups/igonin/ecastillo/UTDQuake/bank/JAPAN
INFO:__main__:Stations summary updated successfully.
INFO:__main__:Found 298 station databases in /groups/igonin/ecastillo/UTDQuake/bank/ISN/.stations.
INFO:__main__:Updating stations summary in the event bank at /groups/igonin/ecastillo/UTDQuake/bank/ISN
INFO:__main__:Stations summary updated successfully.
INFO:__main__:Found 258 station databases in /groups/igonin/ecastillo/UTDQuake/bank/ISK/.stations.
INFO:__main__:Updating stations summary in the event bank at /groups/igonin/ecastillo/UTDQuake/bank/ISK
INFO:__main__:Stations summary updated successfully.
INFO:__main__:Found 4826 station databases in /groups/igonin/ecastillo/UTDQuake/bank/ISC/.stations.
INFO:__main__:Updating stations summary in the event bank at /groups/igonin/ecastillo/UTDQuake/bank/ISC
INFO:__main__:Stations summary updated successfully.
INFO:__main__:Found 169 station databases in /groups/igonin/ecastillo/UTDQuake/bank/IPGP/.stations.
INFO:__main__:Updating stations summary in the event bank at /groups/igonin/ecastillo/UTDQuake/bank/IPGP
INFO:__main__:Stations summary updated successfully.
INFO:__main__:Found 287 station databases in /groups/igonin/ecastillo/UTDQuake/bank/INMG/.stations.
INFO:__main__:Updating stations summary in the event bank at /groups/igonin/ecastillo/UTDQuake/bank/INMG
INFO:__main__:Stations summary updated successfully.
INFO:__main__:Found 165 station databases in /groups/igonin/ecastillo/UTDQuake/bank/INET/.stations.
INFO:__main__:Updating stations summary in the event bank at /groups/igonin/ecastillo/UTDQuake/bank/INET
INFO:__main__:Stations summary updated successfully.
INFO:__main__:Found 691 station databases in /groups/igonin/ecastillo/UTDQuake/bank/IGQ/.stations.
INFO:__main__:Updating stations summary in the event bank at /groups/igonin/ecastillo/UTDQuake/bank/IGQ
INFO:__main__:Stations summary updated successfully.
INFO:__main__:Found 2592 station databases in /groups/igonin/ecastillo/UTDQuake/bank/IDC/.stations.
INFO:__main__:Updating stations summary in the event bank at /groups/igonin/ecastillo/UTDQuake/bank/IDC
INFO:__main__:Stations summary updated successfully.
INFO:__main__:Found 218 station databases in /groups/igonin/ecastillo/UTDQuake/bank/HEL/.stations.
INFO:__main__:Updating stations summary in the event bank at /groups/igonin/ecastillo/UTDQuake/bank/HEL
INFO:__main__:Stations summary updated successfully.
INFO:__main__:Found 256 station databases in /groups/igonin/ecastillo/UTDQuake/bank/GII/.stations.
INFO:__main__:Updating stations summary in the event bank at /groups/igonin/ecastillo/UTDQuake/bank/GII
INFO:__main__:Stations summary updated successfully.
INFO:__main__:Found 771 station databases in /groups/igonin/ecastillo/UTDQuake/bank/GFZ/.stations.
INFO:__main__:Updating stations summary in the event bank at /groups/igonin/ecastillo/UTDQuake/bank/GFZ
INFO:__main__:Stations summary updated successfully.
INFO:__main__:Found 771 station databases in /groups/igonin/ecastillo/UTDQuake/bank/GEOFON/.stations.
INFO:__main__:Updating stations summary in the event bank at /groups/igonin/ecastillo/UTDQuake/bank/GEOFON
INFO:__main__:Stations summary updated successfully.
INFO:__main__:Found 674 station databases in /groups/igonin/ecastillo/UTDQuake/bank/GCG/.stations.
INFO:__main__:Updating stations summary in the event bank at /groups/igonin/ecastillo/UTDQuake/bank/GCG
INFO:__main__:Stations summary updated successfully.
INFO:__main__:Found 347 station databases in /groups/igonin/ecastillo/UTDQuake/bank/FUNV/.stations.
INFO:__main__:Updating stations summary in the event bank at /groups/igonin/ecastillo/UTDQuake/bank/FUNV
INFO:__main__:Stations summary updated successfully.
INFO:__main__:Found 81 station databases in /groups/igonin/ecastillo/UTDQuake/bank/ETH/.stations.
INFO:__main__:Updating stations summary in the event bank at /groups/igonin/ecastillo/UTDQuake/bank/ETH
INFO:__main__:Stations summary updated successfully.
INFO:__main__:Found 99 station databases in /groups/igonin/ecastillo/UTDQuake/bank/EST/.stations.
INFO:__main__:Updating stations summary in the event bank at /groups/igonin/ecastillo/UTDQuake/bank/EST
INFO:__main__:Stations summary updated successfully.
INFO:__main__:Found 97 station databases in /groups/igonin/ecastillo/UTDQuake/bank/ECX/.stations.
INFO:__main__:Updating stations summary in the event bank at /groups/igonin/ecastillo/UTDQuake/bank/ECX
INFO:__main__:Stations summary updated successfully.
INFO:__main__:Found 101 station databases in /groups/igonin/ecastillo/UTDQuake/bank/EAF/.stations.
INFO:__main__:Updating stations summary in the event bank at /groups/igonin/ecastillo/UTDQuake/bank/EAF
INFO:__main__:Stations summary updated successfully.
INFO:__main__:Found 3103 station databases in /groups/igonin/ecastillo/UTDQuake/bank/DJA/.stations.
INFO:__main__:Updating stations summary in the event bank at /groups/igonin/ecastillo/UTDQuake/bank/DJA
INFO:__main__:Stations summary updated successfully.
INFO:__main__:Found 154 station databases in /groups/igonin/ecastillo/UTDQuake/bank/CNRM/.stations.
INFO:__main__:Updating stations summary in the event bank at /groups/igonin/ecastillo/UTDQuake/bank/CNRM
INFO:__main__:Stations summary updated successfully.
INFO:__main__:Found 856 station databases in /groups/igonin/ecastillo/UTDQuake/bank/CATAC/.stations.
INFO:__main__:Updating stations summary in the event bank at /groups/igonin/ecastillo/UTDQuake/bank/CATAC
INFO:__main__:Stations summary updated successfully.
INFO:__main__:Found 293 station databases in /groups/igonin/ecastillo/UTDQuake/bank/BYKL/.stations.
INFO:__main__:Updating stations summary in the event bank at /groups/igonin/ecastillo/UTDQuake/bank/BYKL
INFO:__main__:Stations summary updated successfully.
INFO:__main__:Found 1870 station databases in /groups/igonin/ecastillo/UTDQuake/bank/BUC/.stations.
INFO:__main__:Updating stations summary in the event bank at /groups/igonin/ecastillo/UTDQuake/bank/BUC
INFO:__main__:Stations summary updated successfully.
INFO:__main__:Found 321 station databases in /groups/igonin/ecastillo/UTDQuake/bank/BGS/.stations.
INFO:__main__:Updating stations summary in the event bank at /groups/igonin/ecastillo/UTDQuake/bank/BGS
INFO:__main__:Stations summary updated successfully.
INFO:__main__:Found 410 station databases in /groups/igonin/ecastillo/UTDQuake/bank/BER/.stations.
INFO:__main__:Updating stations summary in the event bank at /groups/igonin/ecastillo/UTDQuake/bank/BER
INFO:__main__:Stations summary updated successfully.
INFO:__main__:Found 1015 station databases in /groups/igonin/ecastillo/UTDQuake/bank/BEO/.stations.
INFO:__main__:Updating stations summary in the event bank at /groups/igonin/ecastillo/UTDQuake/bank/BEO
INFO:__main__:Stations summary updated successfully.
INFO:__main__:Found 3701 station databases in /groups/igonin/ecastillo/UTDQuake/bank/AUST/.stations.
INFO:__main__:Updating stations summary in the event bank at /groups/igonin/ecastillo/UTDQuake/bank/AUST
INFO:__main__:Stations summary updated successfully.
INFO:__main__:Found 1729 station databases in /groups/igonin/ecastillo/UTDQuake/bank/ATH/.stations.
INFO:__main__:Updating stations summary in the event bank at /groups/igonin/ecastillo/UTDQuake/bank/ATH
INFO:__main__:Stations summary updated successfully.
INFO:__main__:Found 384 station databases in /groups/igonin/ecastillo/UTDQuake/bank/ANF/.stations.
INFO:__main__:Updating stations summary in the event bank at /groups/igonin/ecastillo/UTDQuake/bank/ANF
INFO:__main__:Stations summary updated successfully.
INFO:__main__:Found 1253 station databases in /groups/igonin/ecastillo/UTDQuake/bank/AFAD/.stations.
INFO:__main__:Updating stations summary in the event bank at /groups/igonin/ecastillo/UTDQuake/bank/AFAD
INFO:__main__:Stations summary updated successfully.
INFO:__main__:Found 971 station databases in /groups/igonin/ecastillo/UTDQuake/bank/AEIC/.stations.
INFO:__main__:Updating stations summary in the event bank at /groups/igonin/ecastillo/UTDQuake/bank/AEIC
INFO:__main__:Stations summary updated successfully.
INFO:__main__:Found 354 station databases in /groups/igonin/ecastillo/UTDQuake/bank/KRSC/.stations.
INFO:__main__:Updating stations summary in the event bank at /groups/igonin/ecastillo/UTDQuake/bank/KRSC
INFO:__main__:Stations summary updated successfully.
INFO:__main__:Found 178 station databases in /groups/igonin/ecastillo/UTDQuake/bank/KRNET/.stations.
INFO:__main__:Updating stations summary in the event bank at /groups/igonin/ecastillo/UTDQuake/bank/KRNET
INFO:__main__:Stations summary updated successfully.
INFO:__main__:Found 104 station databases in /groups/igonin/ecastillo/UTDQuake/bank/KNET/.stations.
INFO:__main__:Updating stations summary in the event bank at /groups/igonin/ecastillo/UTDQuake/bank/KNET
INFO:__main__:Stations summary updated successfully.
INFO:__main__:Found 603 station databases in /groups/igonin/ecastillo/UTDQuake/bank/KMA/.stations.
INFO:__main__:Updating stations summary in the event bank at /groups/igonin/ecastillo/UTDQuake/bank/KMA
INFO:__main__:Stations summary updated successfully.
Processing bank at /groups/igonin/ecastillo/UTDQuake/bank/KRSZO
Stations folder: /groups/igonin/ecastillo/UTDQuake/bank/KRSZO/.stations
Summary shape: (147, 15)
Finished processing bank at /groups/igonin/ecastillo/UTDQuake/bank/KRSZO
Processing bank at /groups/igonin/ecastillo/UTDQuake/bank/uw
Stations folder: /groups/igonin/ecastillo/UTDQuake/bank/uw/.stations
Summary shape: (849, 15)
Finished processing bank at /groups/igonin/ecastillo/UTDQuake/bank/uw
Processing bank at /groups/igonin/ecastillo/UTDQuake/bank/uu
Stations folder: /groups/igonin/ecastillo/UTDQuake/bank/uu/.stations
Summary shape: (260, 15)
Finished processing bank at /groups/igonin/ecastillo/UTDQuake/bank/uu
Processing bank at /groups/igonin/ecastillo/UTDQuake/bank/us
Stations folder: /groups/igonin/ecastillo/UTDQuake/bank/us/.stations
Summary shape: (3468, 15)
Finished processing bank at /groups/igonin/ecastillo/UTDQuake/bank/us
Processing bank at /groups/igonin/ecastillo/UTDQuake/bank/tx
Stations folder: /groups/igonin/ecastillo/UTDQuake/bank/tx/.stations
Summary shape: (323, 15)
Finished processing bank at /groups/igonin/ecastillo/UTDQuake/bank/tx
Processing bank at /groups/igonin/ecastillo/UTDQuake/bank/se
Stations folder: /groups/igonin/ecastillo/UTDQuake/bank/se/.stations
Summary shape: (382, 15)
Finished processing bank at /groups/igonin/ecastillo/UTDQuake/bank/se
Processing bank at /groups/igonin/ecastillo/UTDQuake/bank/pr
Stations folder: /groups/igonin/ecastillo/UTDQuake/bank/pr/.stations
Summary shape: (111, 15)
Finished processing bank at /groups/igonin/ecastillo/UTDQuake/bank/pr
Processing bank at /groups/igonin/ecastillo/UTDQuake/bank/ok
Stations folder: /groups/igonin/ecastillo/UTDQuake/bank/ok/.stations
Summary shape: (154, 15)
Finished processing bank at /groups/igonin/ecastillo/UTDQuake/bank/ok
Processing bank at /groups/igonin/ecastillo/UTDQuake/bank/nn
Stations folder: /groups/igonin/ecastillo/UTDQuake/bank/nn/.stations
Summary shape: (687, 15)
Finished processing bank at /groups/igonin/ecastillo/UTDQuake/bank/nn
Processing bank at /groups/igonin/ecastillo/UTDQuake/bank/nm
Stations folder: /groups/igonin/ecastillo/UTDQuake/bank/nm/.stations
Summary shape: (397, 15)
Finished processing bank at /groups/igonin/ecastillo/UTDQuake/bank/nm
Processing bank at /groups/igonin/ecastillo/UTDQuake/bank/nc
Stations folder: /groups/igonin/ecastillo/UTDQuake/bank/nc/.stations
Summary shape: (941, 15)
Finished processing bank at /groups/igonin/ecastillo/UTDQuake/bank/nc
Processing bank at /groups/igonin/ecastillo/UTDQuake/bank/mb
Stations folder: /groups/igonin/ecastillo/UTDQuake/bank/mb/.stations
Summary shape: (424, 15)
Finished processing bank at /groups/igonin/ecastillo/UTDQuake/bank/mb
Processing bank at /groups/igonin/ecastillo/UTDQuake/bank/hv
Stations folder: /groups/igonin/ecastillo/UTDQuake/bank/hv/.stations
Summary shape: (85, 15)
Finished processing bank at /groups/igonin/ecastillo/UTDQuake/bank/hv
Processing bank at /groups/igonin/ecastillo/UTDQuake/bank/av
Stations folder: /groups/igonin/ecastillo/UTDQuake/bank/av/.stations
Summary shape: (484, 15)
Finished processing bank at /groups/igonin/ecastillo/UTDQuake/bank/av
Processing bank at /groups/igonin/ecastillo/UTDQuake/bank/at
Stations folder: /groups/igonin/ecastillo/UTDQuake/bank/at/.stations
Summary shape: (3856, 15)
Finished processing bank at /groups/igonin/ecastillo/UTDQuake/bank/at
Processing bank at /groups/igonin/ecastillo/UTDQuake/bank/ak
Stations folder: /groups/igonin/ecastillo/UTDQuake/bank/ak/.stations
Summary shape: (1020, 15)
Finished processing bank at /groups/igonin/ecastillo/UTDQuake/bank/ak
Processing bank at /groups/igonin/ecastillo/UTDQuake/bank/admin
Stations folder: /groups/igonin/ecastillo/UTDQuake/bank/admin/.stations
Summary shape: (4337, 15)
Finished processing bank at /groups/igonin/ecastillo/UTDQuake/bank/admin
Processing bank at /groups/igonin/ecastillo/UTDQuake/bank/ZUR
Stations folder: /groups/igonin/ecastillo/UTDQuake/bank/ZUR/.stations
Summary shape: (338, 15)
Finished processing bank at /groups/igonin/ecastillo/UTDQuake/bank/ZUR
Processing bank at /groups/igonin/ecastillo/UTDQuake/bank/VIE
Stations folder: /groups/igonin/ecastillo/UTDQuake/bank/VIE/.stations
Summary shape: (468, 15)
Finished processing bank at /groups/igonin/ecastillo/UTDQuake/bank/VIE
Processing bank at /groups/igonin/ecastillo/UTDQuake/bank/VAO
Stations folder: /groups/igonin/ecastillo/UTDQuake/bank/VAO/.stations
Summary shape: (1056, 15)
Finished processing bank at /groups/igonin/ecastillo/UTDQuake/bank/VAO
Processing bank at /groups/igonin/ecastillo/UTDQuake/bank/USP
Stations folder: /groups/igonin/ecastillo/UTDQuake/bank/USP/.stations
Summary shape: (201, 15)
Finished processing bank at /groups/igonin/ecastillo/UTDQuake/bank/USP
Processing bank at /groups/igonin/ecastillo/UTDQuake/bank/UPP
Stations folder: /groups/igonin/ecastillo/UTDQuake/bank/UPP/.stations
Summary shape: (293, 15)
Finished processing bank at /groups/igonin/ecastillo/UTDQuake/bank/UPP
Processing bank at /groups/igonin/ecastillo/UTDQuake/bank/UPA
Stations folder: /groups/igonin/ecastillo/UTDQuake/bank/UPA/.stations
Summary shape: (215, 15)
Finished processing bank at /groups/igonin/ecastillo/UTDQuake/bank/UPA
Processing bank at /groups/igonin/ecastillo/UTDQuake/bank/UCR
Stations folder: /groups/igonin/ecastillo/UTDQuake/bank/UCR/.stations
Summary shape: (1110, 15)
Finished processing bank at /groups/igonin/ecastillo/UTDQuake/bank/UCR
Processing bank at /groups/igonin/ecastillo/UTDQuake/bank/UCC
Stations folder: /groups/igonin/ecastillo/UTDQuake/bank/UCC/.stations
Summary shape: (236, 15)
Finished processing bank at /groups/igonin/ecastillo/UTDQuake/bank/UCC
Processing bank at /groups/igonin/ecastillo/UTDQuake/bank/TUN
Stations folder: /groups/igonin/ecastillo/UTDQuake/bank/TUN/.stations
Summary shape: (73, 15)
Finished processing bank at /groups/igonin/ecastillo/UTDQuake/bank/TUN
Processing bank at /groups/igonin/ecastillo/UTDQuake/bank/TIR
Stations folder: /groups/igonin/ecastillo/UTDQuake/bank/TIR/.stations
Summary shape: (996, 15)
Finished processing bank at /groups/igonin/ecastillo/UTDQuake/bank/TIR
Processing bank at /groups/igonin/ecastillo/UTDQuake/bank/THE
Stations folder: /groups/igonin/ecastillo/UTDQuake/bank/THE/.stations
Summary shape: (1451, 15)
Finished processing bank at /groups/igonin/ecastillo/UTDQuake/bank/THE
Processing bank at /groups/igonin/ecastillo/UTDQuake/bank/TAP
Stations folder: /groups/igonin/ecastillo/UTDQuake/bank/TAP/.stations
Summary shape: (751, 15)
Finished processing bank at /groups/igonin/ecastillo/UTDQuake/bank/TAP
Processing bank at /groups/igonin/ecastillo/UTDQuake/bank/SJA
Stations folder: /groups/igonin/ecastillo/UTDQuake/bank/SJA/.stations
Summary shape: (729, 15)
Finished processing bank at /groups/igonin/ecastillo/UTDQuake/bank/SJA
Processing bank at /groups/igonin/ecastillo/UTDQuake/bank/RSPR
Stations folder: /groups/igonin/ecastillo/UTDQuake/bank/RSPR/.stations
Summary shape: (123, 15)
Finished processing bank at /groups/igonin/ecastillo/UTDQuake/bank/RSPR
Processing bank at /groups/igonin/ecastillo/UTDQuake/bank/RSNC
Stations folder: /groups/igonin/ecastillo/UTDQuake/bank/RSNC/.stations
Summary shape: (217, 15)
Finished processing bank at /groups/igonin/ecastillo/UTDQuake/bank/RSNC
Processing bank at /groups/igonin/ecastillo/UTDQuake/bank/RHSSO
Stations folder: /groups/igonin/ecastillo/UTDQuake/bank/RHSSO/.stations
Summary shape: (796, 15)
Finished processing bank at /groups/igonin/ecastillo/UTDQuake/bank/RHSSO
Processing bank at /groups/igonin/ecastillo/UTDQuake/bank/PRE
Stations folder: /groups/igonin/ecastillo/UTDQuake/bank/PRE/.stations
Summary shape: (70, 15)
Finished processing bank at /groups/igonin/ecastillo/UTDQuake/bank/PRE
Processing bank at /groups/igonin/ecastillo/UTDQuake/bank/PDG
Stations folder: /groups/igonin/ecastillo/UTDQuake/bank/PDG/.stations
Summary shape: (439, 15)
Finished processing bank at /groups/igonin/ecastillo/UTDQuake/bank/PDG
Processing bank at /groups/igonin/ecastillo/UTDQuake/bank/OTT
Stations folder: /groups/igonin/ecastillo/UTDQuake/bank/OTT/.stations
Summary shape: (653, 15)
Finished processing bank at /groups/igonin/ecastillo/UTDQuake/bank/OTT
Processing bank at /groups/igonin/ecastillo/UTDQuake/bank/OSPL
Stations folder: /groups/igonin/ecastillo/UTDQuake/bank/OSPL/.stations
Summary shape: (186, 15)
Finished processing bank at /groups/igonin/ecastillo/UTDQuake/bank/OSPL
Processing bank at /groups/igonin/ecastillo/UTDQuake/bank/NOU
Stations folder: /groups/igonin/ecastillo/UTDQuake/bank/NOU/.stations
Summary shape: (421, 15)
Finished processing bank at /groups/igonin/ecastillo/UTDQuake/bank/NOU
Processing bank at /groups/igonin/ecastillo/UTDQuake/bank/NOA
Stations folder: /groups/igonin/ecastillo/UTDQuake/bank/NOA/.stations
Summary shape: (305, 15)
Finished processing bank at /groups/igonin/ecastillo/UTDQuake/bank/NOA
Processing bank at /groups/igonin/ecastillo/UTDQuake/bank/NNC
Stations folder: /groups/igonin/ecastillo/UTDQuake/bank/NNC/.stations
Summary shape: (107, 15)
Finished processing bank at /groups/igonin/ecastillo/UTDQuake/bank/NNC
Processing bank at /groups/igonin/ecastillo/UTDQuake/bank/NIC
Stations folder: /groups/igonin/ecastillo/UTDQuake/bank/NIC/.stations
Summary shape: (320, 15)
Finished processing bank at /groups/igonin/ecastillo/UTDQuake/bank/NIC
Processing bank at /groups/igonin/ecastillo/UTDQuake/bank/MRB
Stations folder: /groups/igonin/ecastillo/UTDQuake/bank/MRB/.stations
Summary shape: (428, 15)
Finished processing bank at /groups/igonin/ecastillo/UTDQuake/bank/MRB
Processing bank at /groups/igonin/ecastillo/UTDQuake/bank/MEX
Stations folder: /groups/igonin/ecastillo/UTDQuake/bank/MEX/.stations
Summary shape: (464, 15)
Finished processing bank at /groups/igonin/ecastillo/UTDQuake/bank/MEX
Processing bank at /groups/igonin/ecastillo/UTDQuake/bank/MDD
Stations folder: /groups/igonin/ecastillo/UTDQuake/bank/MDD/.stations
Summary shape: (721, 15)
Finished processing bank at /groups/igonin/ecastillo/UTDQuake/bank/MDD
Processing bank at /groups/igonin/ecastillo/UTDQuake/bank/LDG
Stations folder: /groups/igonin/ecastillo/UTDQuake/bank/LDG/.stations
Summary shape: (1119, 15)
Finished processing bank at /groups/igonin/ecastillo/UTDQuake/bank/LDG
Processing bank at /groups/igonin/ecastillo/UTDQuake/bank/JSN
Stations folder: /groups/igonin/ecastillo/UTDQuake/bank/JSN/.stations
Summary shape: (79, 15)
Finished processing bank at /groups/igonin/ecastillo/UTDQuake/bank/JSN
Processing bank at /groups/igonin/ecastillo/UTDQuake/bank/JAPAN
Stations folder: /groups/igonin/ecastillo/UTDQuake/bank/JAPAN/.stations
Summary shape: (1364, 15)
Finished processing bank at /groups/igonin/ecastillo/UTDQuake/bank/JAPAN
Processing bank at /groups/igonin/ecastillo/UTDQuake/bank/ISN
Stations folder: /groups/igonin/ecastillo/UTDQuake/bank/ISN/.stations
Summary shape: (298, 15)
Finished processing bank at /groups/igonin/ecastillo/UTDQuake/bank/ISN
Processing bank at /groups/igonin/ecastillo/UTDQuake/bank/ISK
Stations folder: /groups/igonin/ecastillo/UTDQuake/bank/ISK/.stations
Summary shape: (258, 15)
Finished processing bank at /groups/igonin/ecastillo/UTDQuake/bank/ISK
Processing bank at /groups/igonin/ecastillo/UTDQuake/bank/ISC
Stations folder: /groups/igonin/ecastillo/UTDQuake/bank/ISC/.stations
Summary shape: (4826, 15)
Finished processing bank at /groups/igonin/ecastillo/UTDQuake/bank/ISC
Processing bank at /groups/igonin/ecastillo/UTDQuake/bank/IPGP
Stations folder: /groups/igonin/ecastillo/UTDQuake/bank/IPGP/.stations
Summary shape: (169, 15)
Finished processing bank at /groups/igonin/ecastillo/UTDQuake/bank/IPGP
Processing bank at /groups/igonin/ecastillo/UTDQuake/bank/INMG
Stations folder: /groups/igonin/ecastillo/UTDQuake/bank/INMG/.stations
Summary shape: (287, 15)
Finished processing bank at /groups/igonin/ecastillo/UTDQuake/bank/INMG
Processing bank at /groups/igonin/ecastillo/UTDQuake/bank/INET
Stations folder: /groups/igonin/ecastillo/UTDQuake/bank/INET/.stations
Summary shape: (165, 15)
Finished processing bank at /groups/igonin/ecastillo/UTDQuake/bank/INET
Processing bank at /groups/igonin/ecastillo/UTDQuake/bank/IGQ
Stations folder: /groups/igonin/ecastillo/UTDQuake/bank/IGQ/.stations
Summary shape: (691, 15)
Finished processing bank at /groups/igonin/ecastillo/UTDQuake/bank/IGQ
Processing bank at /groups/igonin/ecastillo/UTDQuake/bank/IDC
Stations folder: /groups/igonin/ecastillo/UTDQuake/bank/IDC/.stations
Summary shape: (2592, 15)
Finished processing bank at /groups/igonin/ecastillo/UTDQuake/bank/IDC
Processing bank at /groups/igonin/ecastillo/UTDQuake/bank/HEL
Stations folder: /groups/igonin/ecastillo/UTDQuake/bank/HEL/.stations
Summary shape: (218, 15)
Finished processing bank at /groups/igonin/ecastillo/UTDQuake/bank/HEL
Processing bank at /groups/igonin/ecastillo/UTDQuake/bank/GII
Stations folder: /groups/igonin/ecastillo/UTDQuake/bank/GII/.stations
Summary shape: (256, 15)
Finished processing bank at /groups/igonin/ecastillo/UTDQuake/bank/GII
Processing bank at /groups/igonin/ecastillo/UTDQuake/bank/GFZ
Stations folder: /groups/igonin/ecastillo/UTDQuake/bank/GFZ/.stations
Summary shape: (771, 15)
Finished processing bank at /groups/igonin/ecastillo/UTDQuake/bank/GFZ
Processing bank at /groups/igonin/ecastillo/UTDQuake/bank/GEOFON
Stations folder: /groups/igonin/ecastillo/UTDQuake/bank/GEOFON/.stations
Summary shape: (771, 15)
Finished processing bank at /groups/igonin/ecastillo/UTDQuake/bank/GEOFON
Processing bank at /groups/igonin/ecastillo/UTDQuake/bank/GCG
Stations folder: /groups/igonin/ecastillo/UTDQuake/bank/GCG/.stations
Summary shape: (674, 15)
Finished processing bank at /groups/igonin/ecastillo/UTDQuake/bank/GCG
Processing bank at /groups/igonin/ecastillo/UTDQuake/bank/FUNV
Stations folder: /groups/igonin/ecastillo/UTDQuake/bank/FUNV/.stations
Summary shape: (347, 15)
Finished processing bank at /groups/igonin/ecastillo/UTDQuake/bank/FUNV
Processing bank at /groups/igonin/ecastillo/UTDQuake/bank/ETH
Stations folder: /groups/igonin/ecastillo/UTDQuake/bank/ETH/.stations
Summary shape: (81, 15)
Finished processing bank at /groups/igonin/ecastillo/UTDQuake/bank/ETH
Processing bank at /groups/igonin/ecastillo/UTDQuake/bank/EST
Stations folder: /groups/igonin/ecastillo/UTDQuake/bank/EST/.stations
Summary shape: (99, 15)
Finished processing bank at /groups/igonin/ecastillo/UTDQuake/bank/EST
Processing bank at /groups/igonin/ecastillo/UTDQuake/bank/ECX
Stations folder: /groups/igonin/ecastillo/UTDQuake/bank/ECX/.stations
Summary shape: (97, 15)
Finished processing bank at /groups/igonin/ecastillo/UTDQuake/bank/ECX
Processing bank at /groups/igonin/ecastillo/UTDQuake/bank/EAF
Stations folder: /groups/igonin/ecastillo/UTDQuake/bank/EAF/.stations
Summary shape: (101, 15)
Finished processing bank at /groups/igonin/ecastillo/UTDQuake/bank/EAF
Processing bank at /groups/igonin/ecastillo/UTDQuake/bank/DJA
Stations folder: /groups/igonin/ecastillo/UTDQuake/bank/DJA/.stations
Summary shape: (3103, 15)
Finished processing bank at /groups/igonin/ecastillo/UTDQuake/bank/DJA
Processing bank at /groups/igonin/ecastillo/UTDQuake/bank/CNRM
Stations folder: /groups/igonin/ecastillo/UTDQuake/bank/CNRM/.stations
Summary shape: (154, 15)
Finished processing bank at /groups/igonin/ecastillo/UTDQuake/bank/CNRM
Processing bank at /groups/igonin/ecastillo/UTDQuake/bank/CATAC
Stations folder: /groups/igonin/ecastillo/UTDQuake/bank/CATAC/.stations
Summary shape: (856, 15)
Finished processing bank at /groups/igonin/ecastillo/UTDQuake/bank/CATAC
Processing bank at /groups/igonin/ecastillo/UTDQuake/bank/BYKL
Stations folder: /groups/igonin/ecastillo/UTDQuake/bank/BYKL/.stations
Summary shape: (293, 15)
Finished processing bank at /groups/igonin/ecastillo/UTDQuake/bank/BYKL
Processing bank at /groups/igonin/ecastillo/UTDQuake/bank/BUC
Stations folder: /groups/igonin/ecastillo/UTDQuake/bank/BUC/.stations
Summary shape: (1870, 15)
Finished processing bank at /groups/igonin/ecastillo/UTDQuake/bank/BUC
Processing bank at /groups/igonin/ecastillo/UTDQuake/bank/BGS
Stations folder: /groups/igonin/ecastillo/UTDQuake/bank/BGS/.stations
Summary shape: (321, 15)
Finished processing bank at /groups/igonin/ecastillo/UTDQuake/bank/BGS
Processing bank at /groups/igonin/ecastillo/UTDQuake/bank/BER
Stations folder: /groups/igonin/ecastillo/UTDQuake/bank/BER/.stations
Summary shape: (410, 15)
Finished processing bank at /groups/igonin/ecastillo/UTDQuake/bank/BER
Processing bank at /groups/igonin/ecastillo/UTDQuake/bank/BEO
Stations folder: /groups/igonin/ecastillo/UTDQuake/bank/BEO/.stations
Summary shape: (1015, 15)
Finished processing bank at /groups/igonin/ecastillo/UTDQuake/bank/BEO
Processing bank at /groups/igonin/ecastillo/UTDQuake/bank/AUST
Stations folder: /groups/igonin/ecastillo/UTDQuake/bank/AUST/.stations
Summary shape: (3701, 15)
Finished processing bank at /groups/igonin/ecastillo/UTDQuake/bank/AUST
Processing bank at /groups/igonin/ecastillo/UTDQuake/bank/ATH
Stations folder: /groups/igonin/ecastillo/UTDQuake/bank/ATH/.stations
Summary shape: (1729, 15)
Finished processing bank at /groups/igonin/ecastillo/UTDQuake/bank/ATH
Processing bank at /groups/igonin/ecastillo/UTDQuake/bank/ANF
Stations folder: /groups/igonin/ecastillo/UTDQuake/bank/ANF/.stations
Summary shape: (384, 15)
Finished processing bank at /groups/igonin/ecastillo/UTDQuake/bank/ANF
Processing bank at /groups/igonin/ecastillo/UTDQuake/bank/AFAD
Stations folder: /groups/igonin/ecastillo/UTDQuake/bank/AFAD/.stations
Summary shape: (1253, 15)
Finished processing bank at /groups/igonin/ecastillo/UTDQuake/bank/AFAD
Processing bank at /groups/igonin/ecastillo/UTDQuake/bank/AEIC
Stations folder: /groups/igonin/ecastillo/UTDQuake/bank/AEIC/.stations
Summary shape: (971, 15)
Finished processing bank at /groups/igonin/ecastillo/UTDQuake/bank/AEIC
Processing bank at /groups/igonin/ecastillo/UTDQuake/bank/KRSC
Stations folder: /groups/igonin/ecastillo/UTDQuake/bank/KRSC/.stations
Summary shape: (354, 15)
Finished processing bank at /groups/igonin/ecastillo/UTDQuake/bank/KRSC
Processing bank at /groups/igonin/ecastillo/UTDQuake/bank/KRNET
Stations folder: /groups/igonin/ecastillo/UTDQuake/bank/KRNET/.stations
Summary shape: (178, 15)
Finished processing bank at /groups/igonin/ecastillo/UTDQuake/bank/KRNET
Processing bank at /groups/igonin/ecastillo/UTDQuake/bank/KNET
Stations folder: /groups/igonin/ecastillo/UTDQuake/bank/KNET/.stations
Summary shape: (104, 15)
Finished processing bank at /groups/igonin/ecastillo/UTDQuake/bank/KNET
Processing bank at /groups/igonin/ecastillo/UTDQuake/bank/KMA
Stations folder: /groups/igonin/ecastillo/UTDQuake/bank/KMA/.stations
Summary shape: (603, 15)
Finished processing bank at /groups/igonin/ecastillo/UTDQuake/bank/KMA
✅ DONE
