INFO:__main__:Found 323 station databases in /groups/igonin/ecastillo/test/bank/tx/.stations.
INFO:__main__:Updating stations summary in the event bank at /groups/igonin/ecastillo/test/bank/tx
INFO:__main__:Stations summary updated successfully.
INFO:__main__:Found 3468 station databases in /groups/igonin/ecastillo/test/bank/us/.stations.
INFO:__main__:Updating stations summary in the event bank at /groups/igonin/ecastillo/test/bank/us
INFO:__main__:Stations summary updated successfully.
INFO:__main__:Found 260 station databases in /groups/igonin/ecastillo/test/bank/uu/.stations.
INFO:__main__:Updating stations summary in the event bank at /groups/igonin/ecastillo/test/bank/uu
INFO:__main__:Stations summary updated successfully.
INFO:__main__:Found 849 station databases in /groups/igonin/ecastillo/test/bank/uw/.stations.
INFO:__main__:Updating stations summary in the event bank at /groups/igonin/ecastillo/test/bank/uw
INFO:__main__:Stations summary updated successfully.
INFO:__main__:Found 217 station databases in /groups/igonin/ecastillo/test/bank/RSNC/.stations.
INFO:__main__:Updating stations summary in the event bank at /groups/igonin/ecastillo/test/bank/RSNC
INFO:__main__:Stations summary updated successfully.
Processing bank at /groups/igonin/ecastillo/test/bank/tx
Stations folder: /groups/igonin/ecastillo/test/bank/tx/.stations
Summary shape: (323, 15)
Finished processing bank at /groups/igonin/ecastillo/test/bank/tx
Processing bank at /groups/igonin/ecastillo/test/bank/us
Stations folder: /groups/igonin/ecastillo/test/bank/us/.stations
Summary shape: (3468, 15)
Finished processing bank at /groups/igonin/ecastillo/test/bank/us
Processing bank at /groups/igonin/ecastillo/test/bank/uu
Stations folder: /groups/igonin/ecastillo/test/bank/uu/.stations
Summary shape: (260, 15)
Finished processing bank at /groups/igonin/ecastillo/test/bank/uu
Processing bank at /groups/igonin/ecastillo/test/bank/uw
Stations folder: /groups/igonin/ecastillo/test/bank/uw/.stations
Summary shape: (849, 15)
Finished processing bank at /groups/igonin/ecastillo/test/bank/uw
Processing bank at /groups/igonin/ecastillo/test/bank/RSNC
Stations folder: /groups/igonin/ecastillo/test/bank/RSNC/.stations
Summary shape: (217, 15)
Finished processing bank at /groups/igonin/ecastillo/test/bank/RSNC
✅ DONE
