/groups/igonin/ecastillo/anaconda3/envs/utdq/lib/python3.11/site-packages/obspy/core/util/base.py:26: UserWarning: pkg_resources is deprecated as an API. See https://setuptools.pypa.io/en/latest/pkg_resources.html. The pkg_resources package is slated for removal as early as 2025-11-30. Refrain from using this package or pin to Setuptools<81.
  import pkg_resources
UTDQBank(base_path=/groups/igonin/ecastillo/UTDQuake/bank/GCI, index_path=/groups/igonin/ecastillo/UTDQuake/bank/GCI/.index.db)
2026-04-23 12:01:14,532 [INFO:utdquake.bank] Total events: 450, Already processed: 0, To process: 450
2026-04-23 12:01:27,492 [INFO:utdquake.bank] Chunk 1/450 saved: 1 events
2026-04-23 12:01:40,357 [INFO:utdquake.bank] Chunk 2/450 saved: 1 events
2026-04-23 12:01:54,650 [INFO:utdquake.bank] Chunk 3/450 saved: 1 events
2026-04-23 12:02:01,416 [INFO:utdquake.bank] Chunk 4/450 saved: 1 events
2026-04-23 12:02:14,490 [INFO:utdquake.bank] Chunk 5/450 saved: 1 events
2026-04-23 12:02:21,047 [INFO:utdquake.bank] Chunk 6/450 saved: 1 events
2026-04-23 12:02:30,759 [INFO:utdquake.bank] Chunk 7/450 saved: 1 events
2026-04-23 12:02:45,267 [INFO:utdquake.bank] Chunk 8/450 saved: 1 events
2026-04-23 12:02:56,394 [INFO:utdquake.bank] Chunk 9/450 saved: 1 events
2026-04-23 12:03:07,023 [INFO:utdquake.bank] Chunk 10/450 saved: 1 events
2026-04-23 12:03:23,376 [INFO:utdquake.bank] Chunk 11/450 saved: 1 events
2026-04-23 12:03:42,147 [INFO:utdquake.bank] Chunk 12/450 saved: 1 events
2026-04-23 12:03:51,125 [INFO:utdquake.bank] Chunk 13/450 saved: 1 events
2026-04-23 12:03:57,156 [INFO:utdquake.bank] Chunk 14/450 saved: 1 events
2026-04-23 12:04:07,147 [INFO:utdquake.bank] Chunk 15/450 saved: 1 events
2026-04-23 12:04:18,765 [INFO:utdquake.bank] Chunk 16/450 saved: 1 events
2026-04-23 12:04:33,566 [INFO:utdquake.bank] Chunk 17/450 saved: 1 events
2026-04-23 12:04:41,222 [INFO:utdquake.bank] Chunk 18/450 saved: 1 events
2026-04-23 12:04:50,209 [INFO:utdquake.bank] Chunk 19/450 saved: 1 events
2026-04-23 12:05:00,791 [INFO:utdquake.bank] Chunk 20/450 saved: 1 events
2026-04-23 12:05:15,630 [INFO:utdquake.bank] Chunk 21/450 saved: 1 events
2026-04-23 12:05:27,022 [INFO:utdquake.bank] Chunk 22/450 saved: 1 events
2026-04-23 12:05:41,460 [INFO:utdquake.bank] Chunk 23/450 saved: 1 events
2026-04-23 12:05:47,942 [INFO:utdquake.bank] Chunk 24/450 saved: 1 events
2026-04-23 12:06:06,379 [INFO:utdquake.bank] Chunk 25/450 saved: 1 events
2026-04-23 12:06:17,535 [INFO:utdquake.bank] Chunk 26/450 saved: 1 events
2026-04-23 12:06:28,737 [INFO:utdquake.bank] Chunk 27/450 saved: 1 events
2026-04-23 12:06:39,780 [INFO:utdquake.bank] Chunk 28/450 saved: 1 events
2026-04-23 12:06:48,437 [INFO:utdquake.bank] Chunk 29/450 saved: 1 events
2026-04-23 12:06:57,336 [INFO:utdquake.bank] Chunk 30/450 saved: 1 events
2026-04-23 12:07:06,502 [INFO:utdquake.bank] Chunk 31/450 saved: 1 events
2026-04-23 12:07:10,251 [INFO:utdquake.bank] Chunk 32/450 saved: 1 events
2026-04-23 12:07:21,925 [INFO:utdquake.bank] Chunk 33/450 saved: 1 events
2026-04-23 12:07:35,238 [INFO:utdquake.bank] Chunk 34/450 saved: 1 events
2026-04-23 12:07:44,411 [INFO:utdquake.bank] Chunk 35/450 saved: 1 events
2026-04-23 12:07:50,749 [INFO:utdquake.bank] Chunk 36/450 saved: 1 events
2026-04-23 12:08:04,226 [INFO:utdquake.bank] Chunk 37/450 saved: 1 events
2026-04-23 12:08:18,238 [INFO:utdquake.bank] Chunk 38/450 saved: 1 events
2026-04-23 12:08:25,085 [INFO:utdquake.bank] Chunk 39/450 saved: 1 events
2026-04-23 12:08:34,523 [INFO:utdquake.bank] Chunk 40/450 saved: 1 events
2026-04-23 12:08:43,017 [INFO:utdquake.bank] Chunk 41/450 saved: 1 events
2026-04-23 12:08:49,058 [INFO:utdquake.bank] Chunk 42/450 saved: 1 events
2026-04-23 12:09:03,983 [INFO:utdquake.bank] Chunk 43/450 saved: 1 events
2026-04-23 12:09:20,881 [INFO:utdquake.bank] Chunk 44/450 saved: 1 events
2026-04-23 12:09:29,714 [INFO:utdquake.bank] Chunk 45/450 saved: 1 events
2026-04-23 12:09:35,357 [INFO:utdquake.bank] Chunk 46/450 saved: 1 events
2026-04-23 12:09:41,238 [INFO:utdquake.bank] Chunk 47/450 saved: 1 events
2026-04-23 12:09:53,688 [INFO:utdquake.bank] Chunk 48/450 saved: 1 events
2026-04-23 12:10:04,797 [INFO:utdquake.bank] Chunk 49/450 saved: 1 events
2026-04-23 12:10:11,240 [INFO:utdquake.bank] Chunk 50/450 saved: 1 events
2026-04-23 12:10:20,060 [INFO:utdquake.bank] Chunk 51/450 saved: 1 events
2026-04-23 12:10:32,205 [INFO:utdquake.bank] Chunk 52/450 saved: 1 events
2026-04-23 12:10:43,262 [INFO:utdquake.bank] Chunk 53/450 saved: 1 events
2026-04-23 12:10:56,725 [INFO:utdquake.bank] Chunk 54/450 saved: 1 events
2026-04-23 12:11:05,734 [INFO:utdquake.bank] Chunk 55/450 saved: 1 events
2026-04-23 12:11:13,710 [INFO:utdquake.bank] Chunk 56/450 saved: 1 events
2026-04-23 12:11:29,451 [INFO:utdquake.bank] Chunk 57/450 saved: 1 events
2026-04-23 12:11:43,653 [INFO:utdquake.bank] Chunk 58/450 saved: 1 events
2026-04-23 12:11:58,576 [INFO:utdquake.bank] Chunk 59/450 saved: 1 events
2026-04-23 12:12:10,634 [INFO:utdquake.bank] Chunk 60/450 saved: 1 events
2026-04-23 12:12:25,963 [INFO:utdquake.bank] Chunk 61/450 saved: 1 events
2026-04-23 12:12:32,923 [INFO:utdquake.bank] Chunk 62/450 saved: 1 events
2026-04-23 12:12:40,398 [INFO:utdquake.bank] Chunk 63/450 saved: 1 events
2026-04-23 12:12:59,013 [INFO:utdquake.bank] Chunk 64/450 saved: 1 events
2026-04-23 12:13:05,697 [INFO:utdquake.bank] Chunk 65/450 saved: 1 events
2026-04-23 12:13:17,908 [INFO:utdquake.bank] Chunk 66/450 saved: 1 events
2026-04-23 12:13:24,490 [INFO:utdquake.bank] Chunk 67/450 saved: 1 events
2026-04-23 12:13:35,221 [INFO:utdquake.bank] Chunk 68/450 saved: 1 events
2026-04-23 12:13:46,474 [INFO:utdquake.bank] Chunk 69/450 saved: 1 events
2026-04-23 12:14:01,249 [INFO:utdquake.bank] Chunk 70/450 saved: 1 events
2026-04-23 12:14:11,397 [INFO:utdquake.bank] Chunk 71/450 saved: 1 events
2026-04-23 12:14:26,225 [INFO:utdquake.bank] Chunk 72/450 saved: 1 events
2026-04-23 12:14:37,784 [INFO:utdquake.bank] Chunk 73/450 saved: 1 events
2026-04-23 12:14:54,297 [INFO:utdquake.bank] Chunk 74/450 saved: 1 events
2026-04-23 12:15:00,181 [INFO:utdquake.bank] Chunk 75/450 saved: 1 events
2026-04-23 12:15:08,879 [INFO:utdquake.bank] Chunk 76/450 saved: 1 events
2026-04-23 12:15:23,052 [INFO:utdquake.bank] Chunk 77/450 saved: 1 events
2026-04-23 12:15:33,278 [INFO:utdquake.bank] Chunk 78/450 saved: 1 events
2026-04-23 12:15:51,672 [INFO:utdquake.bank] Chunk 79/450 saved: 1 events
2026-04-23 12:16:00,634 [INFO:utdquake.bank] Chunk 80/450 saved: 1 events
2026-04-23 12:16:11,092 [INFO:utdquake.bank] Chunk 81/450 saved: 1 events
2026-04-23 12:16:29,668 [INFO:utdquake.bank] Chunk 82/450 saved: 1 events
2026-04-23 12:16:39,221 [INFO:utdquake.bank] Chunk 83/450 saved: 1 events
2026-04-23 12:16:53,472 [INFO:utdquake.bank] Chunk 84/450 saved: 1 events
2026-04-23 12:17:03,190 [INFO:utdquake.bank] Chunk 85/450 saved: 1 events
2026-04-23 12:17:14,892 [INFO:utdquake.bank] Chunk 86/450 saved: 1 events
2026-04-23 12:17:21,221 [INFO:utdquake.bank] Chunk 87/450 saved: 1 events
2026-04-23 12:17:37,273 [INFO:utdquake.bank] Chunk 88/450 saved: 1 events
2026-04-23 12:17:48,020 [INFO:utdquake.bank] Chunk 89/450 saved: 1 events
2026-04-23 12:18:03,898 [INFO:utdquake.bank] Chunk 90/450 saved: 1 events
2026-04-23 12:18:11,824 [INFO:utdquake.bank] Chunk 91/450 saved: 1 events
2026-04-23 12:18:26,701 [INFO:utdquake.bank] Chunk 92/450 saved: 1 events
2026-04-23 12:18:34,009 [INFO:utdquake.bank] Chunk 93/450 saved: 1 events
2026-04-23 12:18:44,397 [INFO:utdquake.bank] Chunk 94/450 saved: 1 events
2026-04-23 12:18:55,748 [INFO:utdquake.bank] Chunk 95/450 saved: 1 events
2026-04-23 12:19:06,392 [INFO:utdquake.bank] Chunk 96/450 saved: 1 events
2026-04-23 12:19:12,485 [INFO:utdquake.bank] Chunk 97/450 saved: 1 events
2026-04-23 12:19:28,957 [INFO:utdquake.bank] Chunk 98/450 saved: 1 events
2026-04-23 12:19:36,270 [INFO:utdquake.bank] Chunk 99/450 saved: 1 events
2026-04-23 12:19:52,835 [INFO:utdquake.bank] Chunk 100/450 saved: 1 events
2026-04-23 12:19:57,933 [INFO:utdquake.bank] Chunk 101/450 saved: 1 events
2026-04-23 12:20:03,727 [INFO:utdquake.bank] Chunk 102/450 saved: 1 events
2026-04-23 12:20:20,012 [INFO:utdquake.bank] Chunk 103/450 saved: 1 events
2026-04-23 12:20:28,608 [INFO:utdquake.bank] Chunk 104/450 saved: 1 events
2026-04-23 12:20:37,208 [INFO:utdquake.bank] Chunk 105/450 saved: 1 events
2026-04-23 12:20:51,867 [INFO:utdquake.bank] Chunk 106/450 saved: 1 events
2026-04-23 12:20:58,491 [INFO:utdquake.bank] Chunk 107/450 saved: 1 events
2026-04-23 12:21:11,640 [INFO:utdquake.bank] Chunk 108/450 saved: 1 events
2026-04-23 12:21:28,590 [INFO:utdquake.bank] Chunk 109/450 saved: 1 events
2026-04-23 12:21:38,633 [INFO:utdquake.bank] Chunk 110/450 saved: 1 events
2026-04-23 12:21:48,851 [INFO:utdquake.bank] Chunk 111/450 saved: 1 events
2026-04-23 12:22:05,328 [INFO:utdquake.bank] Chunk 112/450 saved: 1 events
2026-04-23 12:22:12,450 [INFO:utdquake.bank] Chunk 113/450 saved: 1 events
2026-04-23 12:22:21,431 [INFO:utdquake.bank] Chunk 114/450 saved: 1 events
2026-04-23 12:22:36,240 [INFO:utdquake.bank] Chunk 115/450 saved: 1 events
2026-04-23 12:22:46,893 [INFO:utdquake.bank] Chunk 116/450 saved: 1 events
2026-04-23 12:22:58,815 [INFO:utdquake.bank] Chunk 117/450 saved: 1 events
2026-04-23 12:23:07,789 [INFO:utdquake.bank] Chunk 118/450 saved: 1 events
2026-04-23 12:23:12,620 [INFO:utdquake.bank] Chunk 119/450 saved: 1 events
2026-04-23 12:23:18,810 [INFO:utdquake.bank] Chunk 120/450 saved: 1 events
2026-04-23 12:23:25,842 [INFO:utdquake.bank] Chunk 121/450 saved: 1 events
2026-04-23 12:23:31,747 [INFO:utdquake.bank] Chunk 122/450 saved: 1 events
2026-04-23 12:23:48,944 [INFO:utdquake.bank] Chunk 123/450 saved: 1 events
2026-04-23 12:23:58,571 [INFO:utdquake.bank] Chunk 124/450 saved: 1 events
2026-04-23 12:24:10,624 [INFO:utdquake.bank] Chunk 125/450 saved: 1 events
2026-04-23 12:24:21,055 [INFO:utdquake.bank] Chunk 126/450 saved: 1 events
2026-04-23 12:24:26,838 [INFO:utdquake.bank] Chunk 127/450 saved: 1 events
2026-04-23 12:24:42,112 [INFO:utdquake.bank] Chunk 128/450 saved: 1 events
2026-04-23 12:24:49,889 [INFO:utdquake.bank] Chunk 129/450 saved: 1 events
2026-04-23 12:24:59,660 [INFO:utdquake.bank] Chunk 130/450 saved: 1 events
2026-04-23 12:25:05,791 [INFO:utdquake.bank] Chunk 131/450 saved: 1 events
2026-04-23 12:25:15,124 [INFO:utdquake.bank] Chunk 132/450 saved: 1 events
2026-04-23 12:25:31,365 [INFO:utdquake.bank] Chunk 133/450 saved: 1 events
2026-04-23 12:25:40,321 [INFO:utdquake.bank] Chunk 134/450 saved: 1 events
2026-04-23 12:25:57,216 [INFO:utdquake.bank] Chunk 135/450 saved: 1 events
2026-04-23 12:26:05,416 [INFO:utdquake.bank] Chunk 136/450 saved: 1 events
2026-04-23 12:26:17,685 [INFO:utdquake.bank] Chunk 137/450 saved: 1 events
2026-04-23 12:26:28,651 [INFO:utdquake.bank] Chunk 138/450 saved: 1 events
2026-04-23 12:26:40,357 [INFO:utdquake.bank] Chunk 139/450 saved: 1 events
2026-04-23 12:26:56,559 [INFO:utdquake.bank] Chunk 140/450 saved: 1 events
2026-04-23 12:27:01,861 [INFO:utdquake.bank] Chunk 141/450 saved: 1 events
2026-04-23 12:27:13,795 [INFO:utdquake.bank] Chunk 142/450 saved: 1 events
2026-04-23 12:27:25,731 [INFO:utdquake.bank] Chunk 143/450 saved: 1 events
2026-04-23 12:27:34,839 [INFO:utdquake.bank] Chunk 144/450 saved: 1 events
2026-04-23 12:27:38,367 [INFO:utdquake.bank] Chunk 145/450 saved: 1 events
2026-04-23 12:27:53,781 [INFO:utdquake.bank] Chunk 146/450 saved: 1 events
2026-04-23 12:27:59,659 [INFO:utdquake.bank] Chunk 147/450 saved: 1 events
2026-04-23 12:28:01,469 [INFO:utdquake.bank] Chunk 148/450 saved: 1 events
2026-04-23 12:28:06,897 [INFO:utdquake.bank] Chunk 149/450 saved: 1 events
2026-04-23 12:28:13,722 [INFO:utdquake.bank] Chunk 150/450 saved: 1 events
2026-04-23 12:28:28,166 [INFO:utdquake.bank] Chunk 151/450 saved: 1 events
2026-04-23 12:28:35,483 [INFO:utdquake.bank] Chunk 152/450 saved: 1 events
2026-04-23 12:28:46,417 [INFO:utdquake.bank] Chunk 153/450 saved: 1 events
2026-04-23 12:29:04,164 [INFO:utdquake.bank] Chunk 154/450 saved: 1 events
2026-04-23 12:29:18,685 [INFO:utdquake.bank] Chunk 155/450 saved: 1 events
2026-04-23 12:29:27,061 [INFO:utdquake.bank] Chunk 156/450 saved: 1 events
2026-04-23 12:29:41,939 [INFO:utdquake.bank] Chunk 157/450 saved: 1 events
2026-04-23 12:29:45,885 [INFO:utdquake.bank] Chunk 158/450 saved: 1 events
2026-04-23 12:29:54,883 [INFO:utdquake.bank] Chunk 159/450 saved: 1 events
2026-04-23 12:30:02,650 [INFO:utdquake.bank] Chunk 160/450 saved: 1 events
2026-04-23 12:30:19,410 [INFO:utdquake.bank] Chunk 161/450 saved: 1 events
2026-04-23 12:30:36,341 [INFO:utdquake.bank] Chunk 162/450 saved: 1 events
2026-04-23 12:30:49,289 [INFO:utdquake.bank] Chunk 163/450 saved: 1 events
2026-04-23 12:30:56,696 [INFO:utdquake.bank] Chunk 164/450 saved: 1 events
2026-04-23 12:31:09,670 [INFO:utdquake.bank] Chunk 165/450 saved: 1 events
2026-04-23 12:31:21,391 [INFO:utdquake.bank] Chunk 166/450 saved: 1 events
2026-04-23 12:31:28,046 [INFO:utdquake.bank] Chunk 167/450 saved: 1 events
2026-04-23 12:31:33,295 [INFO:utdquake.bank] Chunk 168/450 saved: 1 events
2026-04-23 12:31:46,323 [INFO:utdquake.bank] Chunk 169/450 saved: 1 events
2026-04-23 12:32:02,797 [INFO:utdquake.bank] Chunk 170/450 saved: 1 events
2026-04-23 12:32:18,198 [INFO:utdquake.bank] Chunk 171/450 saved: 1 events
2026-04-23 12:32:34,349 [INFO:utdquake.bank] Chunk 172/450 saved: 1 events
2026-04-23 12:32:50,536 [INFO:utdquake.bank] Chunk 173/450 saved: 1 events
2026-04-23 12:33:05,111 [INFO:utdquake.bank] Chunk 174/450 saved: 1 events
2026-04-23 12:33:21,960 [INFO:utdquake.bank] Chunk 175/450 saved: 1 events
2026-04-23 12:33:29,512 [INFO:utdquake.bank] Chunk 176/450 saved: 1 events
2026-04-23 12:33:42,808 [INFO:utdquake.bank] Chunk 177/450 saved: 1 events
2026-04-23 12:34:01,112 [INFO:utdquake.bank] Chunk 178/450 saved: 1 events
2026-04-23 12:34:08,184 [INFO:utdquake.bank] Chunk 179/450 saved: 1 events
2026-04-23 12:34:22,529 [INFO:utdquake.bank] Chunk 180/450 saved: 1 events
2026-04-23 12:34:32,778 [INFO:utdquake.bank] Chunk 181/450 saved: 1 events
2026-04-23 12:34:42,145 [INFO:utdquake.bank] Chunk 182/450 saved: 1 events
2026-04-23 12:34:49,187 [INFO:utdquake.bank] Chunk 183/450 saved: 1 events
2026-04-23 12:35:01,698 [INFO:utdquake.bank] Chunk 184/450 saved: 1 events
2026-04-23 12:35:17,898 [INFO:utdquake.bank] Chunk 185/450 saved: 1 events
2026-04-23 12:35:34,294 [INFO:utdquake.bank] Chunk 186/450 saved: 1 events
2026-04-23 12:35:47,747 [INFO:utdquake.bank] Chunk 187/450 saved: 1 events
2026-04-23 12:35:58,198 [INFO:utdquake.bank] Chunk 188/450 saved: 1 events
2026-04-23 12:36:09,727 [INFO:utdquake.bank] Chunk 189/450 saved: 1 events
2026-04-23 12:36:19,331 [INFO:utdquake.bank] Chunk 190/450 saved: 1 events
2026-04-23 12:36:35,433 [INFO:utdquake.bank] Chunk 191/450 saved: 1 events
2026-04-23 12:36:41,577 [INFO:utdquake.bank] Chunk 192/450 saved: 1 events
2026-04-23 12:36:45,841 [INFO:utdquake.bank] Chunk 193/450 saved: 1 events
2026-04-23 12:37:00,881 [INFO:utdquake.bank] Chunk 194/450 saved: 1 events
2026-04-23 12:37:18,894 [INFO:utdquake.bank] Chunk 195/450 saved: 1 events
2026-04-23 12:37:25,596 [INFO:utdquake.bank] Chunk 196/450 saved: 1 events
2026-04-23 12:37:38,124 [INFO:utdquake.bank] Chunk 197/450 saved: 1 events
2026-04-23 12:37:44,312 [INFO:utdquake.bank] Chunk 198/450 saved: 1 events
2026-04-23 12:38:01,721 [INFO:utdquake.bank] Chunk 199/450 saved: 1 events
2026-04-23 12:38:10,171 [INFO:utdquake.bank] Chunk 200/450 saved: 1 events
2026-04-23 12:38:21,192 [INFO:utdquake.bank] Chunk 201/450 saved: 1 events
2026-04-23 12:38:31,362 [INFO:utdquake.bank] Chunk 202/450 saved: 1 events
2026-04-23 12:38:36,776 [INFO:utdquake.bank] Chunk 203/450 saved: 1 events
2026-04-23 12:38:44,703 [INFO:utdquake.bank] Chunk 204/450 saved: 1 events
2026-04-23 12:38:56,978 [INFO:utdquake.bank] Chunk 205/450 saved: 1 events
2026-04-23 12:39:09,162 [INFO:utdquake.bank] Chunk 206/450 saved: 1 events
2026-04-23 12:39:17,811 [INFO:utdquake.bank] Chunk 207/450 saved: 1 events
2026-04-23 12:39:27,681 [INFO:utdquake.bank] Chunk 208/450 saved: 1 events
2026-04-23 12:39:34,564 [INFO:utdquake.bank] Chunk 209/450 saved: 1 events
2026-04-23 12:39:51,168 [INFO:utdquake.bank] Chunk 210/450 saved: 1 events
2026-04-23 12:39:58,268 [INFO:utdquake.bank] Chunk 211/450 saved: 1 events
2026-04-23 12:40:10,122 [INFO:utdquake.bank] Chunk 212/450 saved: 1 events
2026-04-23 12:40:15,595 [INFO:utdquake.bank] Chunk 213/450 saved: 1 events
2026-04-23 12:40:27,160 [INFO:utdquake.bank] Chunk 214/450 saved: 1 events
2026-04-23 12:40:42,572 [INFO:utdquake.bank] Chunk 215/450 saved: 1 events
2026-04-23 12:40:52,618 [INFO:utdquake.bank] Chunk 216/450 saved: 1 events
2026-04-23 12:41:04,085 [INFO:utdquake.bank] Chunk 217/450 saved: 1 events
2026-04-23 12:41:13,797 [INFO:utdquake.bank] Chunk 218/450 saved: 1 events
2026-04-23 12:41:31,512 [INFO:utdquake.bank] Chunk 219/450 saved: 1 events
2026-04-23 12:41:40,658 [INFO:utdquake.bank] Chunk 220/450 saved: 1 events
2026-04-23 12:41:51,782 [INFO:utdquake.bank] Chunk 221/450 saved: 1 events
2026-04-23 12:42:01,160 [INFO:utdquake.bank] Chunk 222/450 saved: 1 events
2026-04-23 12:42:14,363 [INFO:utdquake.bank] Chunk 223/450 saved: 1 events
2026-04-23 12:42:20,499 [INFO:utdquake.bank] Chunk 224/450 saved: 1 events
2026-04-23 12:42:38,812 [INFO:utdquake.bank] Chunk 225/450 saved: 1 events
2026-04-23 12:42:52,708 [INFO:utdquake.bank] Chunk 226/450 saved: 1 events
2026-04-23 12:43:01,465 [INFO:utdquake.bank] Chunk 227/450 saved: 1 events
2026-04-23 12:43:13,559 [INFO:utdquake.bank] Chunk 228/450 saved: 1 events
2026-04-23 12:43:29,773 [INFO:utdquake.bank] Chunk 229/450 saved: 1 events
2026-04-23 12:43:42,722 [INFO:utdquake.bank] Chunk 230/450 saved: 1 events
2026-04-23 12:43:50,233 [INFO:utdquake.bank] Chunk 231/450 saved: 1 events
2026-04-23 12:43:57,387 [INFO:utdquake.bank] Chunk 232/450 saved: 1 events
2026-04-23 12:44:06,222 [INFO:utdquake.bank] Chunk 233/450 saved: 1 events
2026-04-23 12:44:18,962 [INFO:utdquake.bank] Chunk 234/450 saved: 1 events
2026-04-23 12:44:33,767 [INFO:utdquake.bank] Chunk 235/450 saved: 1 events
2026-04-23 12:44:50,088 [INFO:utdquake.bank] Chunk 236/450 saved: 1 events
2026-04-23 12:45:03,142 [INFO:utdquake.bank] Chunk 237/450 saved: 1 events
2026-04-23 12:45:15,857 [INFO:utdquake.bank] Chunk 238/450 saved: 1 events
2026-04-23 12:45:33,644 [INFO:utdquake.bank] Chunk 239/450 saved: 1 events
2026-04-23 12:45:41,450 [INFO:utdquake.bank] Chunk 240/450 saved: 1 events
2026-04-23 12:45:47,963 [INFO:utdquake.bank] Chunk 241/450 saved: 1 events
2026-04-23 12:45:53,128 [INFO:utdquake.bank] Chunk 242/450 saved: 1 events
2026-04-23 12:46:02,083 [INFO:utdquake.bank] Chunk 243/450 saved: 1 events
2026-04-23 12:46:09,678 [INFO:utdquake.bank] Chunk 244/450 saved: 1 events
2026-04-23 12:46:21,981 [INFO:utdquake.bank] Chunk 245/450 saved: 1 events
2026-04-23 12:46:27,424 [INFO:utdquake.bank] Chunk 246/450 saved: 1 events
2026-04-23 12:46:43,484 [INFO:utdquake.bank] Chunk 247/450 saved: 1 events
2026-04-23 12:46:54,509 [INFO:utdquake.bank] Chunk 248/450 saved: 1 events
2026-04-23 12:47:08,624 [INFO:utdquake.bank] Chunk 249/450 saved: 1 events
2026-04-23 12:47:24,317 [INFO:utdquake.bank] Chunk 250/450 saved: 1 events
2026-04-23 12:47:33,025 [INFO:utdquake.bank] Chunk 251/450 saved: 1 events
2026-04-23 12:47:37,832 [INFO:utdquake.bank] Chunk 252/450 saved: 1 events
2026-04-23 12:47:50,695 [INFO:utdquake.bank] Chunk 253/450 saved: 1 events
2026-04-23 12:48:07,443 [INFO:utdquake.bank] Chunk 254/450 saved: 1 events
2026-04-23 12:48:23,343 [INFO:utdquake.bank] Chunk 255/450 saved: 1 events
2026-04-23 12:48:31,397 [INFO:utdquake.bank] Chunk 256/450 saved: 1 events
2026-04-23 12:48:37,296 [INFO:utdquake.bank] Chunk 257/450 saved: 1 events
2026-04-23 12:48:44,616 [INFO:utdquake.bank] Chunk 258/450 saved: 1 events
2026-04-23 12:48:51,767 [INFO:utdquake.bank] Chunk 259/450 saved: 1 events
2026-04-23 12:49:05,709 [INFO:utdquake.bank] Chunk 260/450 saved: 1 events
2026-04-23 12:49:23,065 [INFO:utdquake.bank] Chunk 261/450 saved: 1 events
2026-04-23 12:49:33,783 [INFO:utdquake.bank] Chunk 262/450 saved: 1 events
2026-04-23 12:49:37,458 [INFO:utdquake.bank] Chunk 263/450 saved: 1 events
2026-04-23 12:49:47,061 [INFO:utdquake.bank] Chunk 264/450 saved: 1 events
2026-04-23 12:50:01,609 [INFO:utdquake.bank] Chunk 265/450 saved: 1 events
2026-04-23 12:50:15,502 [INFO:utdquake.bank] Chunk 266/450 saved: 1 events
2026-04-23 12:50:22,099 [INFO:utdquake.bank] Chunk 267/450 saved: 1 events
2026-04-23 12:50:31,437 [INFO:utdquake.bank] Chunk 268/450 saved: 1 events
2026-04-23 12:50:41,018 [INFO:utdquake.bank] Chunk 269/450 saved: 1 events
2026-04-23 12:50:52,561 [INFO:utdquake.bank] Chunk 270/450 saved: 1 events
2026-04-23 12:50:59,748 [INFO:utdquake.bank] Chunk 271/450 saved: 1 events
2026-04-23 12:51:04,573 [INFO:utdquake.bank] Chunk 272/450 saved: 1 events
2026-04-23 12:51:09,913 [INFO:utdquake.bank] Chunk 273/450 saved: 1 events
2026-04-23 12:51:22,256 [INFO:utdquake.bank] Chunk 274/450 saved: 1 events
2026-04-23 12:51:32,190 [INFO:utdquake.bank] Chunk 275/450 saved: 1 events
2026-04-23 12:51:37,263 [INFO:utdquake.bank] Chunk 276/450 saved: 1 events
2026-04-23 12:51:49,309 [INFO:utdquake.bank] Chunk 277/450 saved: 1 events
2026-04-23 12:51:59,132 [INFO:utdquake.bank] Chunk 278/450 saved: 1 events
2026-04-23 12:52:11,812 [INFO:utdquake.bank] Chunk 279/450 saved: 1 events
2026-04-23 12:52:23,730 [INFO:utdquake.bank] Chunk 280/450 saved: 1 events
2026-04-23 12:52:33,181 [INFO:utdquake.bank] Chunk 281/450 saved: 1 events
2026-04-23 12:52:47,245 [INFO:utdquake.bank] Chunk 282/450 saved: 1 events
2026-04-23 12:53:00,478 [INFO:utdquake.bank] Chunk 283/450 saved: 1 events
2026-04-23 12:53:17,360 [INFO:utdquake.bank] Chunk 284/450 saved: 1 events
2026-04-23 12:53:29,354 [INFO:utdquake.bank] Chunk 285/450 saved: 1 events
2026-04-23 12:53:35,916 [INFO:utdquake.bank] Chunk 286/450 saved: 1 events
2026-04-23 12:53:44,163 [INFO:utdquake.bank] Chunk 287/450 saved: 1 events
2026-04-23 12:53:52,098 [INFO:utdquake.bank] Chunk 288/450 saved: 1 events
2026-04-23 12:54:02,324 [INFO:utdquake.bank] Chunk 289/450 saved: 1 events
2026-04-23 12:54:14,672 [INFO:utdquake.bank] Chunk 290/450 saved: 1 events
2026-04-23 12:54:22,000 [INFO:utdquake.bank] Chunk 291/450 saved: 1 events
2026-04-23 12:54:26,723 [INFO:utdquake.bank] Chunk 292/450 saved: 1 events
2026-04-23 12:54:42,367 [INFO:utdquake.bank] Chunk 293/450 saved: 1 events
2026-04-23 12:54:45,557 [INFO:utdquake.bank] Chunk 294/450 saved: 1 events
2026-04-23 12:54:53,777 [INFO:utdquake.bank] Chunk 295/450 saved: 1 events
2026-04-23 12:54:57,533 [INFO:utdquake.bank] Chunk 296/450 saved: 1 events
2026-04-23 12:55:11,550 [INFO:utdquake.bank] Chunk 297/450 saved: 1 events
2026-04-23 12:55:22,164 [INFO:utdquake.bank] Chunk 298/450 saved: 1 events
2026-04-23 12:55:27,598 [INFO:utdquake.bank] Chunk 299/450 saved: 1 events
2026-04-23 12:55:38,093 [INFO:utdquake.bank] Chunk 300/450 saved: 1 events
2026-04-23 12:55:43,714 [INFO:utdquake.bank] Chunk 301/450 saved: 1 events
2026-04-23 12:55:47,424 [INFO:utdquake.bank] Chunk 302/450 saved: 1 events
2026-04-23 12:55:59,225 [INFO:utdquake.bank] Chunk 303/450 saved: 1 events
2026-04-23 12:56:11,977 [INFO:utdquake.bank] Chunk 304/450 saved: 1 events
2026-04-23 12:56:25,452 [INFO:utdquake.bank] Chunk 305/450 saved: 1 events
2026-04-23 12:56:27,624 [INFO:utdquake.bank] Chunk 306/450 saved: 1 events
2026-04-23 12:56:31,270 [INFO:utdquake.bank] Chunk 307/450 saved: 1 events
2026-04-23 12:56:34,374 [INFO:utdquake.bank] Chunk 308/450 saved: 1 events
2026-04-23 12:56:37,655 [INFO:utdquake.bank] Chunk 309/450 saved: 1 events
2026-04-23 12:56:51,460 [INFO:utdquake.bank] Chunk 310/450 saved: 1 events
2026-04-23 12:57:03,635 [INFO:utdquake.bank] Chunk 311/450 saved: 1 events
2026-04-23 12:57:14,596 [INFO:utdquake.bank] Chunk 312/450 saved: 1 events
2026-04-23 12:57:20,129 [INFO:utdquake.bank] Chunk 313/450 saved: 1 events
2026-04-23 12:57:37,278 [INFO:utdquake.bank] Chunk 314/450 saved: 1 events
2026-04-23 12:57:45,228 [INFO:utdquake.bank] Chunk 315/450 saved: 1 events
2026-04-23 12:57:54,646 [INFO:utdquake.bank] Chunk 316/450 saved: 1 events
2026-04-23 12:57:56,240 [INFO:utdquake.bank] Chunk 317/450 saved: 1 events
2026-04-23 12:58:09,804 [INFO:utdquake.bank] Chunk 318/450 saved: 1 events
2026-04-23 12:58:14,280 [INFO:utdquake.bank] Chunk 319/450 saved: 1 events
2026-04-23 12:58:19,746 [INFO:utdquake.bank] Chunk 320/450 saved: 1 events
2026-04-23 12:58:25,142 [INFO:utdquake.bank] Chunk 321/450 saved: 1 events
2026-04-23 12:58:36,167 [INFO:utdquake.bank] Chunk 322/450 saved: 1 events
2026-04-23 12:58:46,419 [INFO:utdquake.bank] Chunk 323/450 saved: 1 events
2026-04-23 12:58:57,239 [INFO:utdquake.bank] Chunk 324/450 saved: 1 events
2026-04-23 12:59:09,710 [INFO:utdquake.bank] Chunk 325/450 saved: 1 events
2026-04-23 12:59:12,437 [INFO:utdquake.bank] Chunk 326/450 saved: 1 events
2026-04-23 12:59:25,167 [INFO:utdquake.bank] Chunk 327/450 saved: 1 events
2026-04-23 12:59:43,259 [INFO:utdquake.bank] Chunk 328/450 saved: 1 events
2026-04-23 12:59:54,929 [INFO:utdquake.bank] Chunk 329/450 saved: 1 events
2026-04-23 12:59:59,979 [INFO:utdquake.bank] Chunk 330/450 saved: 1 events
2026-04-23 13:00:08,231 [INFO:utdquake.bank] Chunk 331/450 saved: 1 events
2026-04-23 13:00:19,357 [INFO:utdquake.bank] Chunk 332/450 saved: 1 events
2026-04-23 13:00:34,364 [INFO:utdquake.bank] Chunk 333/450 saved: 1 events
2026-04-23 13:00:51,771 [INFO:utdquake.bank] Chunk 334/450 saved: 1 events
2026-04-23 13:01:05,937 [INFO:utdquake.bank] Chunk 335/450 saved: 1 events
2026-04-23 13:01:11,069 [INFO:utdquake.bank] Chunk 336/450 saved: 1 events
2026-04-23 13:01:24,228 [INFO:utdquake.bank] Chunk 337/450 saved: 1 events
2026-04-23 13:01:36,156 [INFO:utdquake.bank] Chunk 338/450 saved: 1 events
2026-04-23 13:01:43,974 [INFO:utdquake.bank] Chunk 339/450 saved: 1 events
2026-04-23 13:01:56,020 [INFO:utdquake.bank] Chunk 340/450 saved: 1 events
2026-04-23 13:02:15,133 [INFO:utdquake.bank] Chunk 341/450 saved: 1 events
2026-04-23 13:02:32,009 [INFO:utdquake.bank] Chunk 342/450 saved: 1 events
2026-04-23 13:02:49,681 [INFO:utdquake.bank] Chunk 343/450 saved: 1 events
2026-04-23 13:03:01,159 [INFO:utdquake.bank] Chunk 344/450 saved: 1 events
2026-04-23 13:03:17,164 [INFO:utdquake.bank] Chunk 345/450 saved: 1 events
2026-04-23 13:03:32,042 [INFO:utdquake.bank] Chunk 346/450 saved: 1 events
2026-04-23 13:03:36,064 [INFO:utdquake.bank] Chunk 347/450 saved: 1 events
2026-04-23 13:03:47,434 [INFO:utdquake.bank] Chunk 348/450 saved: 1 events
2026-04-23 13:03:56,523 [INFO:utdquake.bank] Chunk 349/450 saved: 1 events
2026-04-23 13:04:06,067 [INFO:utdquake.bank] Chunk 350/450 saved: 1 events
2026-04-23 13:04:16,482 [INFO:utdquake.bank] Chunk 351/450 saved: 1 events
2026-04-23 13:04:26,217 [INFO:utdquake.bank] Chunk 352/450 saved: 1 events
2026-04-23 13:04:39,348 [INFO:utdquake.bank] Chunk 353/450 saved: 1 events
2026-04-23 13:04:47,257 [INFO:utdquake.bank] Chunk 354/450 saved: 1 events
2026-04-23 13:04:55,988 [INFO:utdquake.bank] Chunk 355/450 saved: 1 events
2026-04-23 13:05:06,714 [INFO:utdquake.bank] Chunk 356/450 saved: 1 events
2026-04-23 13:05:14,927 [INFO:utdquake.bank] Chunk 357/450 saved: 1 events
2026-04-23 13:05:29,735 [INFO:utdquake.bank] Chunk 358/450 saved: 1 events
2026-04-23 13:05:34,518 [INFO:utdquake.bank] Chunk 359/450 saved: 1 events
2026-04-23 13:05:47,672 [INFO:utdquake.bank] Chunk 360/450 saved: 1 events
2026-04-23 13:05:57,013 [INFO:utdquake.bank] Chunk 361/450 saved: 1 events
2026-04-23 13:06:05,132 [INFO:utdquake.bank] Chunk 362/450 saved: 1 events
2026-04-23 13:06:15,854 [INFO:utdquake.bank] Chunk 363/450 saved: 1 events
2026-04-23 13:06:17,956 [INFO:utdquake.bank] Chunk 364/450 saved: 1 events
2026-04-23 13:06:28,392 [INFO:utdquake.bank] Chunk 365/450 saved: 1 events
2026-04-23 13:06:40,970 [INFO:utdquake.bank] Chunk 366/450 saved: 1 events
2026-04-23 13:06:53,738 [INFO:utdquake.bank] Chunk 367/450 saved: 1 events
2026-04-23 13:07:03,221 [INFO:utdquake.bank] Chunk 368/450 saved: 1 events
2026-04-23 13:07:14,681 [INFO:utdquake.bank] Chunk 369/450 saved: 1 events
2026-04-23 13:07:25,833 [INFO:utdquake.bank] Chunk 370/450 saved: 1 events
2026-04-23 13:07:34,155 [INFO:utdquake.bank] Chunk 371/450 saved: 1 events
2026-04-23 13:07:38,523 [INFO:utdquake.bank] Chunk 372/450 saved: 1 events
2026-04-23 13:07:52,299 [INFO:utdquake.bank] Chunk 373/450 saved: 1 events
2026-04-23 13:08:03,015 [INFO:utdquake.bank] Chunk 374/450 saved: 1 events
2026-04-23 13:08:11,933 [INFO:utdquake.bank] Chunk 375/450 saved: 1 events
2026-04-23 13:08:24,342 [INFO:utdquake.bank] Chunk 376/450 saved: 1 events
2026-04-23 13:08:38,473 [INFO:utdquake.bank] Chunk 377/450 saved: 1 events
2026-04-23 13:08:49,733 [INFO:utdquake.bank] Chunk 378/450 saved: 1 events
2026-04-23 13:08:53,818 [INFO:utdquake.bank] Chunk 379/450 saved: 1 events
2026-04-23 13:09:06,950 [INFO:utdquake.bank] Chunk 380/450 saved: 1 events
2026-04-23 13:09:22,735 [INFO:utdquake.bank] Chunk 381/450 saved: 1 events
2026-04-23 13:09:34,360 [INFO:utdquake.bank] Chunk 382/450 saved: 1 events
2026-04-23 13:09:45,595 [INFO:utdquake.bank] Chunk 383/450 saved: 1 events
2026-04-23 13:09:57,716 [INFO:utdquake.bank] Chunk 384/450 saved: 1 events
2026-04-23 13:10:06,050 [INFO:utdquake.bank] Chunk 385/450 saved: 1 events
2026-04-23 13:10:22,587 [INFO:utdquake.bank] Chunk 386/450 saved: 1 events
2026-04-23 13:10:26,079 [INFO:utdquake.bank] Chunk 387/450 saved: 1 events
2026-04-23 13:10:40,441 [INFO:utdquake.bank] Chunk 388/450 saved: 1 events
2026-04-23 13:10:45,697 [INFO:utdquake.bank] Chunk 389/450 saved: 1 events
2026-04-23 13:10:56,545 [INFO:utdquake.bank] Chunk 390/450 saved: 1 events
2026-04-23 13:11:13,817 [INFO:utdquake.bank] Chunk 391/450 saved: 1 events
2026-04-23 13:11:22,431 [INFO:utdquake.bank] Chunk 392/450 saved: 1 events
2026-04-23 13:11:31,869 [INFO:utdquake.bank] Chunk 393/450 saved: 1 events
2026-04-23 13:11:43,123 [INFO:utdquake.bank] Chunk 394/450 saved: 1 events
2026-04-23 13:11:57,475 [INFO:utdquake.bank] Chunk 395/450 saved: 1 events
2026-04-23 13:12:04,450 [INFO:utdquake.bank] Chunk 396/450 saved: 1 events
2026-04-23 13:12:16,040 [INFO:utdquake.bank] Chunk 397/450 saved: 1 events
2026-04-23 13:12:30,997 [INFO:utdquake.bank] Chunk 398/450 saved: 1 events
2026-04-23 13:12:46,248 [INFO:utdquake.bank] Chunk 399/450 saved: 1 events
2026-04-23 13:12:57,480 [INFO:utdquake.bank] Chunk 400/450 saved: 1 events
2026-04-23 13:13:09,150 [INFO:utdquake.bank] Chunk 401/450 saved: 1 events
2026-04-23 13:13:18,895 [INFO:utdquake.bank] Chunk 402/450 saved: 1 events
2026-04-23 13:13:36,180 [INFO:utdquake.bank] Chunk 403/450 saved: 1 events
2026-04-23 13:13:46,180 [INFO:utdquake.bank] Chunk 404/450 saved: 1 events
2026-04-23 13:13:58,854 [INFO:utdquake.bank] Chunk 405/450 saved: 1 events
2026-04-23 13:14:11,880 [INFO:utdquake.bank] Chunk 406/450 saved: 1 events
2026-04-23 13:14:22,759 [INFO:utdquake.bank] Chunk 407/450 saved: 1 events
2026-04-23 13:14:36,047 [INFO:utdquake.bank] Chunk 408/450 saved: 1 events
2026-04-23 13:14:47,668 [INFO:utdquake.bank] Chunk 409/450 saved: 1 events
2026-04-23 13:14:54,075 [INFO:utdquake.bank] Chunk 410/450 saved: 1 events
2026-04-23 13:15:06,009 [INFO:utdquake.bank] Chunk 411/450 saved: 1 events
2026-04-23 13:15:17,097 [INFO:utdquake.bank] Chunk 412/450 saved: 1 events
2026-04-23 13:15:29,376 [INFO:utdquake.bank] Chunk 413/450 saved: 1 events
2026-04-23 13:15:41,672 [INFO:utdquake.bank] Chunk 414/450 saved: 1 events
2026-04-23 13:15:51,052 [INFO:utdquake.bank] Chunk 415/450 saved: 1 events
2026-04-23 13:16:00,772 [INFO:utdquake.bank] Chunk 416/450 saved: 1 events
2026-04-23 13:16:13,720 [INFO:utdquake.bank] Chunk 417/450 saved: 1 events
2026-04-23 13:16:25,982 [INFO:utdquake.bank] Chunk 418/450 saved: 1 events
2026-04-23 13:16:39,199 [INFO:utdquake.bank] Chunk 419/450 saved: 1 events
2026-04-23 13:16:49,446 [INFO:utdquake.bank] Chunk 420/450 saved: 1 events
2026-04-23 13:16:53,046 [INFO:utdquake.bank] Chunk 421/450 saved: 1 events
2026-04-23 13:17:04,122 [INFO:utdquake.bank] Chunk 422/450 saved: 1 events
2026-04-23 13:17:21,670 [INFO:utdquake.bank] Chunk 423/450 saved: 1 events
2026-04-23 13:17:25,722 [INFO:utdquake.bank] Chunk 424/450 saved: 1 events
2026-04-23 13:17:36,087 [INFO:utdquake.bank] Chunk 425/450 saved: 1 events
2026-04-23 13:17:46,913 [INFO:utdquake.bank] Chunk 426/450 saved: 1 events
2026-04-23 13:17:57,037 [INFO:utdquake.bank] Chunk 427/450 saved: 1 events
2026-04-23 13:18:07,697 [INFO:utdquake.bank] Chunk 428/450 saved: 1 events
2026-04-23 13:18:10,610 [INFO:utdquake.bank] Chunk 429/450 saved: 1 events
2026-04-23 13:18:26,648 [INFO:utdquake.bank] Chunk 430/450 saved: 1 events
2026-04-23 13:18:39,019 [INFO:utdquake.bank] Chunk 431/450 saved: 1 events
2026-04-23 13:18:57,293 [INFO:utdquake.bank] Chunk 432/450 saved: 1 events
2026-04-23 13:19:07,248 [INFO:utdquake.bank] Chunk 433/450 saved: 1 events
2026-04-23 13:19:23,419 [INFO:utdquake.bank] Chunk 434/450 saved: 1 events
2026-04-23 13:19:35,831 [INFO:utdquake.bank] Chunk 435/450 saved: 1 events
2026-04-23 13:19:51,413 [INFO:utdquake.bank] Chunk 436/450 saved: 1 events
2026-04-23 13:20:01,894 [INFO:utdquake.bank] Chunk 437/450 saved: 1 events
2026-04-23 13:20:12,265 [INFO:utdquake.bank] Chunk 438/450 saved: 1 events
2026-04-23 13:20:23,978 [INFO:utdquake.bank] Chunk 439/450 saved: 1 events
2026-04-23 13:20:38,631 [INFO:utdquake.bank] Chunk 440/450 saved: 1 events
2026-04-23 13:20:50,976 [INFO:utdquake.bank] Chunk 441/450 saved: 1 events
2026-04-23 13:21:07,286 [INFO:utdquake.bank] Chunk 442/450 saved: 1 events
2026-04-23 13:21:18,153 [INFO:utdquake.bank] Chunk 443/450 saved: 1 events
2026-04-23 13:21:25,437 [INFO:utdquake.bank] Chunk 444/450 saved: 1 events
2026-04-23 13:21:37,379 [INFO:utdquake.bank] Chunk 445/450 saved: 1 events
2026-04-23 13:21:49,438 [INFO:utdquake.bank] Chunk 446/450 saved: 1 events
2026-04-23 13:22:03,247 [INFO:utdquake.bank] Chunk 447/450 saved: 1 events
2026-04-23 13:22:12,599 [INFO:utdquake.bank] Chunk 448/450 saved: 1 events
2026-04-23 13:22:21,189 [INFO:utdquake.bank] Chunk 449/450 saved: 1 events
2026-04-23 13:22:35,583 [INFO:utdquake.bank] Chunk 450/450 saved: 1 events
2026-04-23 13:22:35,609 [INFO:utdquake.bank] Saving picks completed in 4881.94 seconds
✅ DONE
