/groups/igonin/ecastillo/anaconda3/bin/conda: line 3: import: command not found
/groups/igonin/ecastillo/anaconda3/bin/conda: line 6: syntax error near unexpected token `sys.argv'
/groups/igonin/ecastillo/anaconda3/bin/conda: line 6: `if len(sys.argv) > 1 and sys.argv[1].startswith('shell.') and sys.path and sys.path[0] == '':'
/groups/igonin/ecastillo/UTDQuake/project/stations/2.plot_stats.py:26: FutureWarning: 

Passing `palette` without assigning `hue` is deprecated and will be removed in v0.14.0. Assign the `x` variable to `hue` and set `legend=False` for the same effect.

  sns.countplot(data=df_top, x='network',
             name
0  stations_index
       network station  ...                  start_date             end_date
0           1J    TI1A  ...         2018-12-24 16:15:19  2019-01-29 09:52:41
1           1J    TI1A  ...         2018-12-24 16:15:20  2019-01-29 09:52:41
2           1J    TI1A  ...         2018-12-24 16:15:20  2019-01-29 09:52:41
3           1J    TI1A  ...         2018-12-24 16:10:48  2019-01-29 09:46:54
4           1J    TI1A  ...         2018-12-24 16:09:21  2019-01-29 09:50:17
...        ...     ...  ...                         ...                  ...
636979      XC    BBSD  ...  2016-09-01 13:45:25.910000  2022-12-13 00:00:00
636980      XC    BBSD  ...  2016-09-01 13:45:25.910000  2022-12-13 00:00:00
636981      XC    RVDE  ...         2018-08-02 15:00:00  2023-09-01 00:00:00
636982      XC    RVDE  ...         2018-08-02 15:00:00  2023-09-01 00:00:00
636983      XC    RVDE  ...         2018-08-02 15:00:00  2023-09-01 00:00:00

[632130 rows x 14 columns]
['network', 'station', 'location', 'channel', 'seed_id', 'latitude', 'longitude', 'elevation', 'depth', 'azimuth', 'dip', 'sample_rate', 'start_date', 'end_date']
