/groups/igonin/ecastillo/anaconda3/envs/utdq/lib/python3.11/site-packages/obspy/core/util/base.py:26: UserWarning: pkg_resources is deprecated as an API. See https://setuptools.pypa.io/en/latest/pkg_resources.html. The pkg_resources package is slated for removal as early as 2025-11-30. Refrain from using this package or pin to Setuptools<81.
  import pkg_resources
/groups/igonin/ecastillo/utdquake/utdquake/utils/plot.py:1320: UserWarning: This figure includes Axes that are not compatible with tight_layout, so results might be incorrect.
  fig.tight_layout()
Saving figure to /groups/igonin/ecastillo/utdquake/paper/utdq_stats.png
AEIC stats loaded from cache: /groups/igonin/ecastillo/UTDQuake/.utdquake/stats/AEIC.npz
AFAD stats loaded from cache: /groups/igonin/ecastillo/UTDQuake/.utdquake/stats/AFAD.npz
ANF stats loaded from cache: /groups/igonin/ecastillo/UTDQuake/.utdquake/stats/ANF.npz
ATH stats loaded from cache: /groups/igonin/ecastillo/UTDQuake/.utdquake/stats/ATH.npz
AUST stats loaded from cache: /groups/igonin/ecastillo/UTDQuake/.utdquake/stats/AUST.npz
BEO stats loaded from cache: /groups/igonin/ecastillo/UTDQuake/.utdquake/stats/BEO.npz
BER stats loaded from cache: /groups/igonin/ecastillo/UTDQuake/.utdquake/stats/BER.npz
BGS stats loaded from cache: /groups/igonin/ecastillo/UTDQuake/.utdquake/stats/BGS.npz
BUC stats loaded from cache: /groups/igonin/ecastillo/UTDQuake/.utdquake/stats/BUC.npz
BYKL stats loaded from cache: /groups/igonin/ecastillo/UTDQuake/.utdquake/stats/BYKL.npz
CATAC stats loaded from cache: /groups/igonin/ecastillo/UTDQuake/.utdquake/stats/CATAC.npz
CNRM stats loaded from cache: /groups/igonin/ecastillo/UTDQuake/.utdquake/stats/CNRM.npz
DJA stats loaded from cache: /groups/igonin/ecastillo/UTDQuake/.utdquake/stats/DJA.npz
EAF stats loaded from cache: /groups/igonin/ecastillo/UTDQuake/.utdquake/stats/EAF.npz
ECX stats loaded from cache: /groups/igonin/ecastillo/UTDQuake/.utdquake/stats/ECX.npz
EST stats loaded from cache: /groups/igonin/ecastillo/UTDQuake/.utdquake/stats/EST.npz
ETH stats loaded from cache: /groups/igonin/ecastillo/UTDQuake/.utdquake/stats/ETH.npz
FUNV stats loaded from cache: /groups/igonin/ecastillo/UTDQuake/.utdquake/stats/FUNV.npz
GCG stats loaded from cache: /groups/igonin/ecastillo/UTDQuake/.utdquake/stats/GCG.npz
GEOFON stats loaded from cache: /groups/igonin/ecastillo/UTDQuake/.utdquake/stats/GEOFON.npz
GFZ stats loaded from cache: /groups/igonin/ecastillo/UTDQuake/.utdquake/stats/GFZ.npz
GII stats loaded from cache: /groups/igonin/ecastillo/UTDQuake/.utdquake/stats/GII.npz
HEL stats loaded from cache: /groups/igonin/ecastillo/UTDQuake/.utdquake/stats/HEL.npz
IDC stats loaded from cache: /groups/igonin/ecastillo/UTDQuake/.utdquake/stats/IDC.npz
IGQ stats loaded from cache: /groups/igonin/ecastillo/UTDQuake/.utdquake/stats/IGQ.npz
INET stats loaded from cache: /groups/igonin/ecastillo/UTDQuake/.utdquake/stats/INET.npz
INMG stats loaded from cache: /groups/igonin/ecastillo/UTDQuake/.utdquake/stats/INMG.npz
IPGP stats loaded from cache: /groups/igonin/ecastillo/UTDQuake/.utdquake/stats/IPGP.npz
ISC stats loaded from cache: /groups/igonin/ecastillo/UTDQuake/.utdquake/stats/ISC.npz
ISK stats loaded from cache: /groups/igonin/ecastillo/UTDQuake/.utdquake/stats/ISK.npz
ISN stats loaded from cache: /groups/igonin/ecastillo/UTDQuake/.utdquake/stats/ISN.npz
JAPAN stats loaded from cache: /groups/igonin/ecastillo/UTDQuake/.utdquake/stats/JAPAN.npz
JSN stats loaded from cache: /groups/igonin/ecastillo/UTDQuake/.utdquake/stats/JSN.npz
KMA stats loaded from cache: /groups/igonin/ecastillo/UTDQuake/.utdquake/stats/KMA.npz
KNET stats loaded from cache: /groups/igonin/ecastillo/UTDQuake/.utdquake/stats/KNET.npz
KRNET stats loaded from cache: /groups/igonin/ecastillo/UTDQuake/.utdquake/stats/KRNET.npz
KRSC stats loaded from cache: /groups/igonin/ecastillo/UTDQuake/.utdquake/stats/KRSC.npz
KRSZO stats loaded from cache: /groups/igonin/ecastillo/UTDQuake/.utdquake/stats/KRSZO.npz
LDG stats loaded from cache: /groups/igonin/ecastillo/UTDQuake/.utdquake/stats/LDG.npz
MDD stats loaded from cache: /groups/igonin/ecastillo/UTDQuake/.utdquake/stats/MDD.npz
MEX stats loaded from cache: /groups/igonin/ecastillo/UTDQuake/.utdquake/stats/MEX.npz
MRB stats loaded from cache: /groups/igonin/ecastillo/UTDQuake/.utdquake/stats/MRB.npz
NIC stats loaded from cache: /groups/igonin/ecastillo/UTDQuake/.utdquake/stats/NIC.npz
NNC stats loaded from cache: /groups/igonin/ecastillo/UTDQuake/.utdquake/stats/NNC.npz
NOA stats loaded from cache: /groups/igonin/ecastillo/UTDQuake/.utdquake/stats/NOA.npz
NOU stats loaded from cache: /groups/igonin/ecastillo/UTDQuake/.utdquake/stats/NOU.npz
OSPL stats loaded from cache: /groups/igonin/ecastillo/UTDQuake/.utdquake/stats/OSPL.npz
OTT stats loaded from cache: /groups/igonin/ecastillo/UTDQuake/.utdquake/stats/OTT.npz
PDG stats loaded from cache: /groups/igonin/ecastillo/UTDQuake/.utdquake/stats/PDG.npz
PRE stats loaded from cache: /groups/igonin/ecastillo/UTDQuake/.utdquake/stats/PRE.npz
RHSSO stats loaded from cache: /groups/igonin/ecastillo/UTDQuake/.utdquake/stats/RHSSO.npz
RSNC stats loaded from cache: /groups/igonin/ecastillo/UTDQuake/.utdquake/stats/RSNC.npz
RSPR stats loaded from cache: /groups/igonin/ecastillo/UTDQuake/.utdquake/stats/RSPR.npz
SJA stats loaded from cache: /groups/igonin/ecastillo/UTDQuake/.utdquake/stats/SJA.npz
TAP stats loaded from cache: /groups/igonin/ecastillo/UTDQuake/.utdquake/stats/TAP.npz
THE stats loaded from cache: /groups/igonin/ecastillo/UTDQuake/.utdquake/stats/THE.npz
TIR stats loaded from cache: /groups/igonin/ecastillo/UTDQuake/.utdquake/stats/TIR.npz
TUN stats loaded from cache: /groups/igonin/ecastillo/UTDQuake/.utdquake/stats/TUN.npz
UCC stats loaded from cache: /groups/igonin/ecastillo/UTDQuake/.utdquake/stats/UCC.npz
UCR stats loaded from cache: /groups/igonin/ecastillo/UTDQuake/.utdquake/stats/UCR.npz
UPA stats loaded from cache: /groups/igonin/ecastillo/UTDQuake/.utdquake/stats/UPA.npz
UPP stats loaded from cache: /groups/igonin/ecastillo/UTDQuake/.utdquake/stats/UPP.npz
USP stats loaded from cache: /groups/igonin/ecastillo/UTDQuake/.utdquake/stats/USP.npz
VAO stats loaded from cache: /groups/igonin/ecastillo/UTDQuake/.utdquake/stats/VAO.npz
VIE stats loaded from cache: /groups/igonin/ecastillo/UTDQuake/.utdquake/stats/VIE.npz
ZUR stats loaded from cache: /groups/igonin/ecastillo/UTDQuake/.utdquake/stats/ZUR.npz
admin stats loaded from cache: /groups/igonin/ecastillo/UTDQuake/.utdquake/stats/admin.npz
ak stats loaded from cache: /groups/igonin/ecastillo/UTDQuake/.utdquake/stats/ak.npz
at stats loaded from cache: /groups/igonin/ecastillo/UTDQuake/.utdquake/stats/at.npz
av stats loaded from cache: /groups/igonin/ecastillo/UTDQuake/.utdquake/stats/av.npz
hv stats loaded from cache: /groups/igonin/ecastillo/UTDQuake/.utdquake/stats/hv.npz
mb stats loaded from cache: /groups/igonin/ecastillo/UTDQuake/.utdquake/stats/mb.npz
nc stats loaded from cache: /groups/igonin/ecastillo/UTDQuake/.utdquake/stats/nc.npz
nm stats loaded from cache: /groups/igonin/ecastillo/UTDQuake/.utdquake/stats/nm.npz
nn stats loaded from cache: /groups/igonin/ecastillo/UTDQuake/.utdquake/stats/nn.npz
ok stats loaded from cache: /groups/igonin/ecastillo/UTDQuake/.utdquake/stats/ok.npz
pr stats loaded from cache: /groups/igonin/ecastillo/UTDQuake/.utdquake/stats/pr.npz
se stats loaded from cache: /groups/igonin/ecastillo/UTDQuake/.utdquake/stats/se.npz
tx stats loaded from cache: /groups/igonin/ecastillo/UTDQuake/.utdquake/stats/tx.npz
us stats loaded from cache: /groups/igonin/ecastillo/UTDQuake/.utdquake/stats/us.npz
uu stats loaded from cache: /groups/igonin/ecastillo/UTDQuake/.utdquake/stats/uu.npz
uw stats loaded from cache: /groups/igonin/ecastillo/UTDQuake/.utdquake/stats/uw.npz
Saved plot to /groups/igonin/ecastillo/utdquake/paper/utdq_stats.png
✅ DONE
